10-09 18:45:58.273  4596  4596 I SKBD_Performance: [IIManager] [PF_CL][onFinishInput] 169039
10-09 18:45:58.273  4596  4596 D InputMethodService: checkDisplayOfStartInputAndUpdateKeyboard display Id 0last 0
10-09 18:45:58.273 13395 13395 D InputMethodManager: SSI - flag : 0 Pid : 13395 view : com.example.myapplication
10-09 18:45:58.274 13395 13395 D InputMethodManager: prepareNavigationBarInfo() DecorView@32c992[MainActivity]
10-09 18:45:58.274 13395 13395 D InputMethodManager: getNavigationBarColor() -855310
10-09 18:45:58.274  3114  4296 V InputMethodManagerService: Client requesting input be shown, flags : 0
10-09 18:45:58.274  4596  4596 I SKBD    : SamsungKeypad [IMI] onStartInput - caller pid : 13395, caller uid : 10207
10-09 18:45:58.274  3114  4296 D PersonaManagerService: getKeyguardShowState of user: -1
10-09 18:45:58.275  3114  4296 D PersonaManagerService: getKeyguardShowState() does not exist any showing knox keyguard
10-09 18:45:58.275  4596  4596 I SKBD    : SamsungKeypad  CACHEDIC onStartInput  isCachedICEnabled:  true
10-09 18:45:58.275  4596  4596 I SKBD    : bcc getDefaultInputRange : UNKNOWN
10-09 18:45:58.275  4596  4596 I SKBD    : bcc [EditorInputType]setPrivateImeOptionsToTable privateImeOptions ( null )
10-09 18:45:58.275  4596  4596 I SKBD    : bcc [EditorInputType]PrivateImeOptionsMap is empty
10-09 18:45:58.279 13395 13395 D Editor  : waiting for the right moment
10-09 18:45:58.282  4596  4596 I SKBD_Performance: [IIManager] [PF_OP][onStartInput] 8193077
10-09 18:45:58.282  4596  4596 V InputMethodService: showSoftInput(), flags : 1
10-09 18:45:58.283  4596  4596 D InputMethodService: mDesktopModeManager null!
10-09 18:45:58.286  4596  4596 I SKBD    : SamsungKeypad onStartInputView restarting= false
10-09 18:45:58.286  4596  4596 I SKBD    : SamsungKeypad onStartInputViewInner [EditorInputType] info.inputType = 0x20001 info.imeOptions = 0x48000005
10-09 18:45:58.286  4596  4596 I SKBD    : bja Update SetupWizard State : complete
10-09 18:45:58.287  4596  4596 I SKBD    : aoj Cannot apply adaptiveTheme  Preference set false
10-09 18:45:58.287  4596  4596 I SKBD    : bja Update SetupWizard State : complete
10-09 18:45:58.287  4596  4596 I SKBD    : aoq theme : current Theme index :  285212672
10-09 18:45:58.287  4596  4596 I SKBD    : aoq update KeyboardTheme themeIndex : 0x 11000000  theme :  Light
10-09 18:45:58.290 13395 13395 I AssistStructure: Flattened final assist data: 10340 bytes, containing 2 windows, 43 views
10-09 18:45:58.291  3114  3269 D WifiStateMachine: enter getWifiLinkLayerStats
10-09 18:45:58.292  3114  3269 I WifiVendorHal: getWifiLinkLayerStats(l.3127) before calling iface.getLinkLayerStats
10-09 18:45:58.292  2661  2661 I android.hardware.wifi@1.0-service: enter getLinkLayerStats
10-09 18:45:58.292  2661  2661 I android.hardware.wifi@1.0-service: enter getLinkLayerStatsInternal
10-09 18:45:58.294  3114  4296 D CustomFrequencyManagerService: acquireDVFSLockLocked : type : DVFS_MIN_LIMIT  frequency : 1274000  uid : 1000  pid : 3114  pkgName : com.sec.android.inputmethod@151
10-09 18:45:58.296  2661  2661 I android.hardware.wifi@1.0-service: Successfully getLinkLayerStats.
10-09 18:45:58.296  3114  3269 I WifiVendorHal: getWifiLinkLayerStats(l.3127) after calling iface.getLinkLayerStats
10-09 18:45:58.302  3389  3389 D HidDeviceService: handleMessage(): msg.what=8
10-09 18:45:58.307  3114  3269 I WifiStateMachine: checkScoreBasedQuality -  mPreviousScore[0]:62 mPreviousScore[1]:58 mPreviousScore[2]:56 s2Score:53mPrevoiusScoreAverage:58
10-09 18:45:58.315  3114  4974 E LockSettingsStorage: Cannot read file java.io.FileNotFoundException: /data/system/fmmpassword.key: open failed: ENOENT (No such file or directory)
10-09 18:45:58.316  4596  4596 E SKBD    : bca bundle is null.
10-09 18:45:58.316  3114  3615 D AccountManagerService: getUserAccounts0
10-09 18:45:58.316  4596  4596 I SKBD    : and onStartInput() took nanoTime:  41769
10-09 18:45:58.317  4596  4596 I SKBD    : bcc [EditorInputType]setPrivateImeOptionsToTable privateImeOptions ( null )
10-09 18:45:58.317  4596  4596 W SKBD    : bby [EditorInputType] undefined Enter action code : 0x40000005
10-09 18:45:58.317  4596  4596 I SKBD    : bcc getDefaultInputRange : UNKNOWN
10-09 18:45:58.317  4596  4596 I SKBD    : bcc getDefaultInputRange : UNKNOWN
10-09 18:45:58.317  4596  4596 I SKBD    : cyn getTriggerIndex : 3
10-09 18:45:58.321  4596  4596 I SKBD    : bja Update SetupWizard State : complete
10-09 18:45:58.321  3114  4296 I AssistStructure: Flattened final assist data: 9752 bytes, containing 2 windows, 43 views
10-09 18:45:58.328  3824  3824 W laq     : Pending fill request while another request in the same session was triggered. [CONTEXT service_id=177 ]
10-09 18:45:58.329  4596  4596 I SKBD    : bja Update SetupWizard State : complete
10-09 18:45:58.333  3114  3615 D AccountManagerService: getUserAccounts0
10-09 18:45:58.339  4596  4596 I SKBD    : bja Update SetupWizard State : complete
10-09 18:45:58.340  4596  4596 I SKBD    : bcc getDefaultInputRange : UNKNOWN
10-09 18:45:58.340  4596  4596 I SKBD    : bja Update SetupWizard State : complete
10-09 18:45:58.344  4596  4596 I SKBD    : ayy getUmlautMap() languageCode : en_GB
10-09 18:45:58.344  4596  4596 I SKBD    : ayy getUmlautMap() umlautMap size : 0
10-09 18:45:58.345  3114  4296 D SecContentProvider: query(), uri = 17 selection = isSettingsChangesAllowed
10-09 18:45:58.346  3114  4296 D SecContentProvider: called from com.sec.android.inputmethod
10-09 18:45:58.346  3114  4296 D RestrictionPolicy: isSettingsChangesAllowedAsUser, userId 0 : true
10-09 18:45:58.348  3114  4296 D SecContentProvider: query(), uri = 17 selection = isSettingsChangesAllowed
10-09 18:45:58.348  3824 13461 W kuz     : Infinite Data has no result for com.example.myapplication [CONTEXT service_id=177 ]
10-09 18:45:58.348  3114  4296 D SecContentProvider: called from com.sec.android.inputmethod
10-09 18:45:58.348  3114  4296 D RestrictionPolicy: isSettingsChangesAllowedAsUser, userId 0 : true
10-09 18:45:58.351  4596  4596 I SKBD    : aob [IMI] checkPendingRefreshKeyboardView - mPendingRefreshKeyboardView : true
10-09 18:45:58.351  4596  4596 I SKBD    : bcc getDefaultInputRange : UNKNOWN
10-09 18:45:58.352  4596  4596 I SKBD    : asf [setInputLanguage] validLangId =  1701726018
10-09 18:45:58.352  4596  4596 I SKBD    : asf [setInputLanguage] TymeCore.setAutoCorrection :  false
10-09 18:45:58.352  4596  4596 I SKBD    : asf [setInputLanguage] TymeCore.setLanguageDB [2] [589838] [0]
10-09 18:45:58.352  4596  4596 I SKBDC   : TymeCore sLgD 2 cd856160 589838
10-09 18:45:58.352  4596  4596 I SKBD    : asf [setInputLanguage] TymeCore.setCurrentKeypad [0] [589838]
10-09 18:45:58.352  4596  4596 I SKBDC   : TymeCore sCK 9000e 0
10-09 18:45:58.352  4596  4596 W SKBDC   : TymeCore key count 43
10-09 18:45:58.353  4596  4596 I SKBDC   : TymeCore sCK: BuildTime = 0.0008s
10-09 18:45:58.354  3824  9096 W kuz     : Infinite Data has no result for com.example.myapplication [CONTEXT service_id=177 ]
10-09 18:45:58.357  4596  4596 I SKBD    : cpt setKeyboardVirtualNavigationBarHeightInPref value:0
10-09 18:45:58.358  3114  4296 D SecContentProvider: query(), uri = 17 selection = isSettingsChangesAllowed
10-09 18:45:58.358  3114  4296 D SecContentProvider: called from com.sec.android.inputmethod
10-09 18:45:58.358  3114  4296 D RestrictionPolicy: isSettingsChangesAllowedAsUser, userId 0 : true
10-09 18:45:58.360  4596  4596 I SKBD    : AbstractKeyboardView PopupWindow is created by AKV's preparePopupMiniKeyboard.
10-09 18:45:58.361  4596  4596 I SKBD    : aob [PF_OP]startInputViewHandleInitialStart  43348192
10-09 18:45:58.361  4596  4596 I SKBD_UnifiedIME: bde setToolbarVisibility, isVisible = true
10-09 18:45:58.364 13527 13527 W ProviderHelper: Unknown dynamite feature providerinstaller
10-09 18:45:58.365  4596  4596 I InputMethodService: Turn On Screen to show candidates in DEX mode
10-09 18:45:58.365  4596  4596 D InputMethodService: mDesktopModeManager null!
10-09 18:45:58.366  4596  4596 I SKBD    : bcc getDefaultInputRange : UNKNOWN
10-09 18:45:58.366  4596  4596 I SKBD    : bcc getDefaultInputRange : UNKNOWN
10-09 18:45:58.366  4596 13560 I SKBD    : cpc InputMethodSubtype is set as local:en_GB
10-09 18:45:58.367  4596  4596 I SKBD    : bja Update SetupWizard State : complete
10-09 18:45:58.368  4596  4596 I SKBD_UnifiedIME: bde setToolbarVisibility, isVisible = true
10-09 18:45:58.370 13527 13527 I DynamiteModule: Considering local module com.google.android.gms.providerinstaller:1 and remote module com.google.android.gms.providerinstaller:0
10-09 18:45:58.370  4596  4596 I SKBD    : asf [setInputLanguage] validLangId =  1701726018
10-09 18:45:58.370  4596  4596 I SKBD    : asf [setInputLanguage] TymeCore.setAutoCorrection :  false
10-09 18:45:58.370 13527 13527 I DynamiteModule: Selected local version of com.google.android.gms.providerinstaller
10-09 18:45:58.370  4596  4596 I SKBD    : asf [setInputLanguage] TymeCore.setLanguageDB [2] [589838] [0]
10-09 18:45:58.370  4596  4596 I SKBDC   : TymeCore sLgD 2 cd856160 589838
10-09 18:45:58.371  4596 13562 I SKBD    : cpb [PF_KL][SIIC] getCursorCapsMode done  1
10-09 18:45:58.371  4596  4596 I SKBD    : asf [setInputLanguage] TymeCore.setCurrentKeypad [0] [589838]
10-09 18:45:58.371  4596  4596 I SKBDC   : TymeCore sCK 9000e 0
10-09 18:45:58.371  4596  4596 W SKBDC   : TymeCore key count 43
10-09 18:45:58.371  4596  4596 I SKBDC   : TymeCore sCK: BuildTime = 0.0004s
10-09 18:45:58.372  4596  4596 I SKBD    : ayy getUmlautMap() languageCode : en_GB
10-09 18:45:58.372  4596  4596 I SKBD    : ayy getUmlautMap() umlautMap size : 0
10-09 18:45:58.372  4596  4596 I SKBD    : aob [PF_OP]startInputViewContinueHelper  6733077
10-09 18:45:58.375  4596  4596 I SKBD    : bja Update SetupWizard State : complete
10-09 18:45:58.375  4596  4596 I SKBD    : asf [setInputLanguage] validLangId =  1701726018
10-09 18:45:58.375  4596  4596 I SKBD    : asf [setInputLanguage] TymeCore.setAutoCorrection :  false
10-09 18:45:58.375  4596  4596 I SKBD    : asf [setInputLanguage] TymeCore.setLanguageDB [2] [589838] [0]
10-09 18:45:58.375  4596  4596 I SKBDC   : TymeCore sLgD 2 cd856160 589838
10-09 18:45:58.376  4596  4596 I SKBD    : asf [setInputLanguage] TymeCore.setCurrentKeypad [0] [589838]
10-09 18:45:58.376  4596  4596 I SKBDC   : TymeCore sCK 9000e 0
10-09 18:45:58.376  4596  4596 W SKBDC   : TymeCore key count 43
10-09 18:45:58.376  4596  4596 I SKBDC   : TymeCore sCK: BuildTime = 0.0007s
10-09 18:45:58.380  4596  4596 I SKBD    : cna getCurrentKeyboard
10-09 18:45:58.380  4596  4596 I SKBD    : cna setCurrentKeyboard
10-09 18:45:58.380  4596  4596 I SKBD    : cna setTextKeyboard
10-09 18:45:58.380  4596  4596 I SKBD    : bkn config.orientation :  1
10-09 18:45:58.380  4596  4596 I SKBD    : bkn isOrientationLandscape() :  false
10-09 18:45:58.380  4596  4596 I SKBD    : cpt isFloating : false, isTabletMode : false, isDexMode : false
10-09 18:45:58.380  4596  4596 I SKBD    : cpt Phone normal size data is created.
10-09 18:45:58.382  4596  4596 I SKBD    : bkn DisplayId is  0
10-09 18:45:58.382  4596  4596 I SKBD    : bkn getDisplaySize width is  720
10-09 18:45:58.382  4596  4596 I SKBD    : bkn getDisplaySize height is  1280
10-09 18:45:58.382  4596  4596 I SKBD    : bkn isOrientationLandscape()  false
10-09 18:45:58.382  4596  4596 I SKBD    : cpt getVirtualWidth: modifying virtualWidth as it is greater than deviceWidth
10-09 18:45:58.384  4596  4596 I SKBD    : bkn DisplayId is  0
10-09 18:45:58.384  4596  4596 I SKBD    : bkn getDisplaySize width is  720
10-09 18:45:58.384  4596  4596 I SKBD    : bkn getDisplaySize height is  1280
10-09 18:45:58.384  4596  4596 I SKBD    : bkn isOrientationLandscape()  false
10-09 18:45:58.384  4596  4596 I SKBD    : bkn Keyboard (1) : mFractionBaseWidth :  720
10-09 18:45:58.384  4596  4596 I SKBD    : bkn Keyboard (3) : mFractionBaseWidth :  720
10-09 18:45:58.384  4596  4596 I SKBD    : bkn [Resize] mFractionBaseWidth px(dp) 720 ( 360 ) mAdditionalLeftPadding  0 ( 0 )
10-09 18:45:58.386  4596  4596 I SKBD    : bkn [Resize]Row #  0  mTotalWidth  721
10-09 18:45:58.388  4596  4596 I SKBD    : bkn [Resize]Row #  1  mTotalWidth  721
10-09 18:45:58.389  4596  4596 I SKBD    : bkn [Resize]Row #  2  mTotalWidth  721
10-09 18:45:58.390  4596  4596 I SKBD    : bkn [Resize]Row #  3  mTotalWidth  721
10-09 18:45:58.392  4596  4596 I SKBD    : bkn [Resize] Row #  4  mTotalWidth  721
10-09 18:45:58.394  4596  4596 I SKBDC   : TymeCore aK2 9000e 0 0
10-09 18:45:58.397  4596  4596 I SKBDC   : TymeCore aKF 9000e 0
10-09 18:45:58.397  4596  4596 I SKBDC   : TymeCore sCK 9000e 0
10-09 18:45:58.397  4596  4596 W SKBDC   : TymeCore key count 43
10-09 18:45:58.398  4596  4596 E SKBDC   : SSTAC init()::current version is 2.11.02.U2.T1
10-09 18:45:58.398  4596  4596 E SKBDC   : SSTAC [init] mLanguageCode : 589838, tempLanguageCode : 589838, getPreloadLmLoadSuccessState() : 1
10-09 18:45:58.405  4596  4596 W SKBDC   : SSTAC SSTAC: 0 49 16 14 75 84
10-09 18:45:58.405  4596  4596 W SKBDC   : SSTAC SSTAC: 1 50 86 14 145 84
10-09 18:45:58.405  4596  4596 W SKBDC   : SSTAC SSTAC: 2 51 156 14 215 84
10-09 18:45:58.405  4596  4596 W SKBDC   : SSTAC SSTAC: 3 52 226 14 285 84
10-09 18:45:58.405  4596  4596 W SKBDC   : SSTAC SSTAC: 4 53 296 14 355 84
10-09 18:45:58.405  4596  4596 W SKBDC   : SSTAC SSTAC: 5 54 366 14 425 84
10-09 18:45:58.405  4596  4596 W SKBDC   : SSTAC SSTAC: 6 55 436 14 495 84
10-09 18:45:58.405  4596  4596 W SKBDC   : SSTAC SSTAC: 7 56 506 14 565 84
10-09 18:45:58.405  4596  4596 W SKBDC   : SSTAC SSTAC: 8 57 576 14 635 84
10-09 18:45:58.405  4596  4596 W SKBDC   : SSTAC SSTAC: 9 48 646 14 705 84
10-09 18:45:58.405  4596  4596 W SKBDC   : SSTAC SSTAC: 10 113 16 98 75 186
10-09 18:45:58.405  4596  4596 W SKBDC   : SSTAC SSTAC: 11 119 86 98 145 186
10-09 18:45:58.405  4596  4596 W SKBDC   : SSTAC SSTAC: 12 101 156 98 215 186
10-09 18:45:58.405  4596  4596 W SKBDC   : SSTAC SSTAC: 13 114 226 98 285 186
10-09 18:45:58.405  4596  4596 W SKBDC   : SSTAC SSTAC: 14 116 296 98 355 186
10-09 18:45:58.405  4596  4596 W SKBDC   : SSTAC SSTAC: 15 121 366 98 425 186
10-09 18:45:58.405  4596  4596 W SKBDC   : SSTAC SSTAC: 16 117 436 98 495 186
10-09 18:45:58.405  4596  4596 W SKBDC   : SSTAC SSTAC: 17 105 506 98 565 186
10-09 18:45:58.405  4596  4596 W SKBDC   : SSTAC SSTAC: 18 111 576 98 635 186
10-09 18:45:58.405  4596  4596 W SKBDC   : SSTAC SSTAC: 19 112 646 98 705 186
10-09 18:45:58.405  4596  4596 W SKBDC   : SSTAC SSTAC: 20 97 51 200 110 288
10-09 18:45:58.405  4596  4596 W SKBDC   : SSTAC SSTAC: 21 115 121 200 180 288
10-09 18:45:58.405  4596  4596 W SKBDC   : SSTAC SSTAC: 22 100 191 200 250 288
10-09 18:45:58.405  4596  4596 W SKBDC   : SSTAC SSTAC: 23 102 261 200 320 288
10-09 18:45:58.405  4596  4596 W SKBDC   : SSTAC SSTAC: 24 103 331 200 390 288
10-09 18:45:58.405  4596  4596 W SKBDC   : SSTAC SSTAC: 25 104 401 200 460 288
10-09 18:45:58.405  4596  4596 W SKBDC   : SSTAC SSTAC: 26 106 471 200 530 288
10-09 18:45:58.405  4596  4596 W SKBDC   : SSTAC SSTAC: 27 107 541 200 600 288
10-09 18:45:58.405  4596  4596 W SKBDC   : SSTAC SSTAC: 28 108 611 200 670 288
10-09 18:45:58.405  4596  4596 W SKBDC   : SSTAC SSTAC: 29 -400 16 302 99 390
10-09 18:45:58.405  4596  4596 W SKBDC   : SSTAC SSTAC: 30 122 121 302 180 390
10-09 18:45:58.406  4596  4596 W SKBDC   : SSTAC SSTAC: 31 120 191 302 250 390
10-09 18:45:58.406  4596  4596 W SKBDC   : SSTAC SSTAC: 32 99 261 302 320 390
10-09 18:45:58.406  4596  4596 W SKBDC   : SSTAC SSTAC: 33 118 331 302 390 390
10-09 18:45:58.406  4596  4596 W SKBDC   : SSTAC SSTAC: 34 98 401 302 460 390
10-09 18:45:58.406  4596  4596 W SKBDC   : SSTAC SSTAC: 35 110 471 302 530 390
10-09 18:45:58.406  4596  4596 W SKBDC   : SSTAC SSTAC: 36 109 541 302 600 390
10-09 18:45:58.406  4596  4596 W SKBDC   : SSTAC SSTAC: 37 -5 622 302 705 390
10-09 18:45:58.406  4596  4596 W SKBDC   : SSTAC SSTAC: 38 -102 16 404 110 492
10-09 18:45:58.406  4596  4596 W SKBDC   : SSTAC SSTAC: 39 -117 121 404 180 492
10-09 18:45:58.406  4596  4596 W SKBDC   : SSTAC SSTAC: 40 32 191 404 530 492
10-09 18:45:58.406  4596  4596 W SKBDC   : SSTAC SSTAC: 41 -122 541 404 600 492
10-09 18:45:58.406  4596  4596 W SKBDC   : SSTAC SSTAC: 42 10 611 404 705 492
10-09 18:45:58.406  4596  4596 I SKBDC   : TymeCore sCK: BuildTime = 0.0090s
10-09 18:45:58.406  4596  4596 W YODA    : YODA::setActivateKeypad(keypadCode=0, layoutType=0, keylayout=0xffdc41b0): DEPRECATED
10-09 18:45:58.416  4596  4596 I SKBD    : cpb [PF_KL][SIIC] getCursorCapsMode done  0
10-09 18:45:58.416  4596  4596 I SKBD    : bmp startInputViewShowTips: true true
10-09 18:45:58.416  4596  4596 I SKBD    : bmp startInputViewShowTips: conditions for show dialog : true true true
10-09 18:45:58.417  4596  4596 I SKBD    : bcc getDefaultInputRange : UNKNOWN
10-09 18:45:58.417  4596  4596 I SKBD    : byg hide keyboard size and transparency
10-09 18:45:58.417  4596  4596 I SKBD    : aob sendBroadcastSIPShown()
10-09 18:45:58.419  4596  4596 I SKBD    : bja Update SetupWizard State : complete
10-09 18:45:58.419  4596  4596 I SKBD    : bja Update SetupWizard State : complete
10-09 18:45:58.420  4596  4596 I SKBD    : biq force network blocking under CSC : STH
10-09 18:45:58.420  4596  4596 I SKBD    : bja Update SetupWizard State : complete
10-09 18:45:58.420  4596  4596 I SKBD    : biq force network blocking under CSC : STH
10-09 18:45:58.420  4596  4596 I SKBD    : bja Update SetupWizard State : complete
10-09 18:45:58.420  4596  4596 I SKBD    : bja Update SetupWizard State : complete
10-09 18:45:58.420  4596  4596 I SKBD    : cyn getTriggerIndex : 3
10-09 18:45:58.420  4596  4596 I SKBD    : bja Update SetupWizard State : complete
10-09 18:45:58.422  4596  4596 I chatty  : uid=10143(com.sec.android.inputmethod) identical 4 lines
10-09 18:45:58.423  4596  4596 I SKBD    : bja Update SetupWizard State : complete
10-09 18:45:58.423  4596 13564 I SKBD    : cpc InputMethodSubtype is set as local:en_GB
10-09 18:45:58.423  4596  4596 I SKBD    : bja Update SetupWizard State : complete
10-09 18:45:58.424  4596  4596 I chatty  : uid=10143(com.sec.android.inputmethod) identical 7 lines
10-09 18:45:58.425  4596  4596 I SKBD    : bja Update SetupWizard State : complete
10-09 18:45:58.425  4596  4596 I SKBD    : aoq theme : current Theme index :  285212672
10-09 18:45:58.425  4596  4596 I SKBD    : bja Update SetupWizard State : complete
10-09 18:45:58.427  4596  4596 I SKBD    : bja Update SetupWizard State : complete
10-09 18:45:58.427  4596  4596 I SKBD    : aoq theme : current Theme index :  285212672
10-09 18:45:58.428  4596  4596 V InputMethodManager: Not IME target window, ignoring
10-09 18:45:58.429  4596  4596 I SKBD    : biq force network blocking under CSC : STH
10-09 18:45:58.430  4596  4596 I SKBD    : bja Update SetupWizard State : complete
10-09 18:45:58.430  4596  4596 I SKBD    : aoq theme : current Theme index :  285212672
10-09 18:45:58.430  4596  4596 V InputMethodManager: Not IME target window, ignoring
10-09 18:45:58.431  4596  4596 I SKBD    : biq force network blocking under CSC : STH
10-09 18:45:58.431  4596  4596 I SKBD    : bja Update SetupWizard State : complete
10-09 18:45:58.431  4596  4596 I SKBD    : aoq theme : current Theme index :  285212672
10-09 18:45:58.431  4596  4596 V InputMethodManager: Not IME target window, ignoring
10-09 18:45:58.431 13527 13527 V NativeCrypto: Registering com/google/android/gms/org/conscrypt/NativeCrypto's 288 native methods...
10-09 18:45:58.432  4596  4596 I SKBD    : bja Update SetupWizard State : complete
10-09 18:45:58.432  4596  4596 I SKBD    : aoq theme : current Theme index :  285212672
10-09 18:45:58.433  4596  4596 V InputMethodManager: Not IME target window, ignoring
10-09 18:45:58.433  4596  4596 I SKBD    : bja Update SetupWizard State : complete
10-09 18:45:58.434  4596  4596 I SKBD    : aoq theme : current Theme index :  285212672
10-09 18:45:58.434  4596  4596 V InputMethodManager: Not IME target window, ignoring
10-09 18:45:58.435  4596  4596 V InputMethodManager: Not IME target window, ignoring
10-09 18:45:58.435  4596  4596 I SKBD    : biq force network blocking under CSC : STH
10-09 18:45:58.435  4596  4596 I SKBD    : biq force network blocking under CSC : STH
10-09 18:45:58.436  4596  4596 I SKBD_Performance: [IIManager] [PF_OP][updateToolbarPage] 17083616
10-09 18:45:58.437  4596  4596 I InputMethodService: Turn On Screen to show candidates in DEX mode
10-09 18:45:58.437  4596  4596 D InputMethodService: mDesktopModeManager null!
10-09 18:45:58.438  4596  4596 I SKBD    : bja Update SetupWizard State : complete
10-09 18:45:58.438  4596  4596 I SKBD_Performance: [IIManager] [PF_OP][onStartInputView] 151659384
10-09 18:45:58.438  3114  4296 D InputMethodManagerService: setImeWindowStatus(), vis : 3 backDisposition : 0
10-09 18:45:58.439  3114  4296 D InputMethodManagerService: isImeSwitcherDisabledPackage : false
10-09 18:45:58.439  3114  4296 D InputMethodManagerService: shouldShowImeSwitcherLocked : checking vis : 3
10-09 18:45:58.439  3114  4296 D InputMethodManagerService: mDesktopModeManager null!
10-09 18:45:58.439  3114  4296 D InputMethodManagerService: updateSystemUiLocked 0
10-09 18:45:58.439  3114  4296 D InputMethodManagerService: updateSystemUiLocked(), setImeWindowStatusToType, vis : 3 backDisposition : 0
10-09 18:45:58.440  4596  4596 D InputMethodManager: setImeWindowStatus(), vis : 3 backDisposition : 0
10-09 18:45:58.440  4596  4596 D InputMethodService: showWindowInner(), setImeWindowStatus,nextImeWindowStatus:3 mBackDisposition :0
10-09 18:45:58.440  4596  4596 V InputMethodService: showWindow: showing! android.inputmethodservice.InputMethodService.showWindow:2633 android.inputmethodservice.InputMethodService$InputMethodImpl.showSoftInput:851 android.inputmethodservice.IInputMethodWrapper.executeMessage:220 com.android.internal.os.HandlerCaller$MyHandler.handleMessage:37 android.os.Handler.dispatchMessage:106 android.os.Looper.loop:216 android.app.ActivityThread.main:7211 
10-09 18:45:58.440  4596  4596 I SKBD    : SamsungKeypad onWindowShown
10-09 18:45:58.440  4596  4596 I SKBD_Performance: [IIManager] [PF_OP][onWindowShown] 119692
10-09 18:45:58.441  4596  4596 D InputMethodService: AxT9IME.sendInputViewShownState(): true
10-09 18:45:58.441  4596  4596 D InputMethodService: AxT9IME.IS_VISIBLE_CANDIDATE(): 0
10-09 18:45:58.445  3114  4296 D InputMethodManagerService: setImeWindowStatus(), vis : 3 backDisposition : 0
10-09 18:45:58.447  3114  4296 D InputMethodManagerService: isImeSwitcherDisabledPackage : false
10-09 18:45:58.447  3114  4296 D InputMethodManagerService: shouldShowImeSwitcherLocked : checking vis : 3
10-09 18:45:58.448  3114  4296 D InputMethodManagerService: mDesktopModeManager null!
10-09 18:45:58.448  3114  4296 D InputMethodManagerService: updateSystemUiLocked 0
10-09 18:45:58.449  3114  4296 D InputMethodManagerService: updateSystemUiLocked(), setImeWindowStatusToType, vis : 3 backDisposition : 0
10-09 18:45:58.449  4596  4596 D InputMethodManager: setImeWindowStatus(), vis : 3 backDisposition : 0
10-09 18:45:58.450  4596  4596 D InputMethodService: showSoftInput(), setImeWindowStatus,isInputViewShown():true mBackDisposition :0
10-09 18:45:58.450  4596  4596 I SKBD    : SamsungKeypad onViewClicked
10-09 18:45:58.450  4596  4596 I SKBD    : byg hide keyboard size and transparency
10-09 18:45:58.451  4596  4596 I SKBD    : SamsungKeypad [PF_OP][onViewClicked] 1020692
10-09 18:45:58.452  4596  4596 D InputMethodService: update NavBar color
10-09 18:45:58.460  3114  4296 V WindowManager: Relayout Window{c1edc3b u0 InputMethod}: viewVisibility=0 req=720x1232 {(0,0)(fillxwrap) gr=BOTTOM CENTER_VERTICAL sim={adjust=pan} ty=INPUT_METHOD fmt=TRANSPARENT wanim=0x7f1300f5
10-09 18:45:58.460  3114  4296 V WindowManager:   fl=81800108
10-09 18:45:58.460  3114  4296 V WindowManager:   vsysui=10 dimDuration=150 naviIconColor=0
10-09 18:45:58.460  3114  4296 V WindowManager:   sfl=800}
10-09 18:45:58.472  2672  2672 I SurfaceFlinger: id=3611 createSurf (720x1232),1 flag=4, InputMethod[4596]#0
10-09 18:45:58.476  3114  4296 D WindowManager: makeSurface duration=4 name=InputMethod[4596]
10-09 18:45:58.487  4596  4596 D ViewRootImpl@86be517[InputMethod]: Relayout returned: old=[0,48][720,1280] new=[0,48][720,1280] result=0x7 surface={true 3917983744} changed=true
10-09 18:45:58.494  4596 25568 D mali_winsys: EGLint new_window_surface(egl_winsys_display *, void *, EGLSurface, EGLConfig, egl_winsys_surface **, EGLBoolean) returns 0x3000,  [720x1232]-format:1
10-09 18:45:58.494  4596 25568 D OpenGLRenderer: eglCreateWindowSurface = 0xcc340160, 0xe987b008
10-09 18:45:58.498  3114  3137 D WindowManager: setSystemUiVisibility: vis= 0x18, fullscreenVis= 0x0, dockedVis= 0x0, win=Window{3868925 u0 com.example.myapplication/com.example.myapplication.MainActivity}
10-09 18:45:58.501  3114  3615 I WindowManager: Cancelling animation restarting=true, leash=null, surface=Surface(name=3868925 com.example.myapplication/com.example.myapplication.MainActivity)/@0xd3b92a1, parent=Surface(name=AppWindowToken{db5b7f5 token=Token{b14212c ActivityRecord{6a820df u0 com.example.myapplication/.MainActivity t87}}})/@0x228093a
10-09 18:45:58.501  3114  3615 I WindowManager: Reparenting to leash, surface=Surface(name=3868925 com.example.myapplication/com.example.myapplication.MainActivity)/@0xd3b92a1
10-09 18:45:58.503  2672  2672 I SurfaceFlinger: id=3612 createSurf (2560x2560),2 flag=4, Surface(name=3868925 com.example.myapplication/com.example.myapplication.MainActivity)/@0xd3b92a1 - animation-leash#0
10-09 18:45:58.506  3114  3615 D WindowManager: makeSurface duration=4 leash=Surface(name=Surface(name=3868925 com.example.myapplication/com.example.myapplication.MainActivity)/@0xd3b92a1 - animation-leash)/@0xf72df3
10-09 18:45:58.506  3114  3615 D SurfaceControl: reparent is called, sc=Surface(name=3868925 com.example.myapplication/com.example.myapplication.MainActivity)/@0xd3b92a1, newParentHandle=android.os.BinderProxy@630cab0, transaction=android.view.SurfaceControl$Transaction@a6e0fb4
10-09 18:45:58.507  3114  3615 V WindowManager: Resize reasons for w=Window{2a9b5b6 u0 com.example.myapplication/com.example.myapplication.MainActivity}:  contentInsetsChanged=false [0,48][0,0] visibleInsetsChanged=true [0,48][0,618] stableInsetsChanged=false [0,48][0,0] outsetsChanged=false [0,0][0,0] surfaceResized=false configChanged=false dragResizingChanged=false reportOrientationChanged=false displayCutoutChanged=false nextForceRelayoutToClient=false
10-09 18:45:58.509  2672  2792 D Layer   : [3868925 com.example.myapplication/com.example.myapplication.MainActivity#0]::reparent oldParent:[AppWindowToken{db5b7f5 token=Token{b14212c ActivityRecord{6a820df u0 com.example.myapplication/.MainActivity t87}}}#0], newParent:[Surface(name=3868925 com.example.myapplication/com.example.myapplication.MainActivity)/@0xd3b92a1 - animation-leash#0]
10-09 18:45:58.516 13395 13395 D ViewRootImpl@b3df3ce[MainActivity]: MSG_RESIZED: frame=[0,0][720,1280] ci=[0,48][0,0] vi=[0,48][0,618] or=1
10-09 18:45:58.518  3114  4974 D SamsungPhoneWindowManager: adjustSystemUiVisibilityLw: vis=0x18
10-09 18:45:58.518  3114  4974 D InputManager-JNI: setSystemUiVisibility dexmode: false changed: true displayid: 0 visibility: 0x18 DD: 0x18 OD: 0x0
10-09 18:45:58.518  4596  4596 I SKBD    : bja Update SetupWizard State : complete
10-09 18:45:58.519  4596  4596 I SKBD    : bja Update SetupWizard State : complete
10-09 18:45:58.519  4596  4596 I SKBD    : biq force network blocking under CSC : STH
10-09 18:45:58.519  4596  4596 I SKBD    : bja Update SetupWizard State : complete
10-09 18:45:58.519  4596  4596 I SKBD    : biq force network blocking under CSC : STH
10-09 18:45:58.519  4596  4596 I SKBD    : bja Update SetupWizard State : complete
10-09 18:45:58.519  4596  4596 I SKBD    : bja Update SetupWizard State : complete
10-09 18:45:58.519  4596  4596 I SKBD    : cyn getTriggerIndex : 3
10-09 18:45:58.519  4596  4596 I SKBD    : bja Update SetupWizard State : complete
10-09 18:45:58.534  4596  4596 I chatty  : uid=10143(com.sec.android.inputmethod) identical 13 lines
10-09 18:45:58.535  4596  4596 I SKBD    : bja Update SetupWizard State : complete
10-09 18:45:58.536  4596  4596 I SKBD    : aoq theme : current Theme index :  285212672
10-09 18:45:58.536  4596  4596 I SKBD    : bja Update SetupWizard State : complete
10-09 18:45:58.537  4596  4596 I SKBD    : bja Update SetupWizard State : complete
10-09 18:45:58.537  4596  4596 I SKBD    : aoq theme : current Theme index :  285212672
10-09 18:45:58.537  4596  4596 V InputMethodManager: Not IME target window, ignoring
10-09 18:45:58.538  4596  4596 I SKBD    : bja Update SetupWizard State : complete
10-09 18:45:58.538  4596  4596 I SKBD    : aoq theme : current Theme index :  285212672
10-09 18:45:58.538  4596  4596 V InputMethodManager: Not IME target window, ignoring
10-09 18:45:58.538  4596  4596 I SKBD    : bja Update SetupWizard State : complete
10-09 18:45:58.538  4596  4596 I SKBD    : aoq theme : current Theme index :  285212672
10-09 18:45:58.539  4596  4596 V InputMethodManager: Not IME target window, ignoring
10-09 18:45:58.539  4596  4596 I SKBD    : bja Update SetupWizard State : complete
10-09 18:45:58.539  4596  4596 I SKBD    : aoq theme : current Theme index :  285212672
10-09 18:45:58.543  4596  4596 V InputMethodManager: Not IME target window, ignoring
10-09 18:45:58.543  4596  4596 I SKBD    : bja Update SetupWizard State : complete
10-09 18:45:58.543  4596  4596 I SKBD    : aoq theme : current Theme index :  285212672
10-09 18:45:58.544  4596  4596 V InputMethodManager: Not IME target window, ignoring
10-09 18:45:58.546  4596  4596 V InputMethodManager: Not IME target window, ignoring
10-09 18:45:58.547  4596  4596 I SKBD    : biq force network blocking under CSC : STH
10-09 18:45:58.547  4596  4596 I SKBD    : biq force network blocking under CSC : STH
10-09 18:45:58.548  4596  4596 I SKBD_Performance: [IIManager] [PF_OP][updateToolbarPage] 29419000
10-09 18:45:58.548  4596  4596 I SKBD    : and isTosAccept true
10-09 18:45:58.564 13527 13527 D NetworkSecurityConfig: Using Network Security Config from resource network_security_config debugBuild: false
10-09 18:45:58.571  2669 23273 V APM_AudioPolicyManager: getAudioPolicyConfig: audioParam;outDevice
10-09 18:45:58.571  2669 23273 V APM_AudioPolicyManager: getNewOutputDevice() selected device 0
10-09 18:45:58.571  2669 23273 V APM_AudioPolicyManager: ### curdevice : 2
10-09 18:45:58.579 13527 13527 I ProviderInstaller: Installed default security provider GmsCore_OpenSSL
10-09 18:45:58.579 13527 13527 I Safeboot: Checking safeboot...
10-09 18:45:58.586 13527 13527 I Safeboot: Not entering safeboot; wrong process.
10-09 18:45:58.604  4596  4596 I SKBD    : cyn getTriggerIndex : 3
10-09 18:45:58.616  4596  4596 I SKBD    : AbstractKeyboardView drawAllKey nanoTime= 59150577, isOrientationLandscape() = false
10-09 18:45:58.616  4596  4596 I SKBD_Performance: [IIManager] [PF_OP][onBufferDraw] 60912307
10-09 18:45:58.632  3114  4974 D WindowManager: finishDrawingWindow: Window{c1edc3b u0 InputMethod} mDrawState=DRAW_PENDING
10-09 18:45:58.635  3114  3191 I WindowManager: commitFinishDrawingLocked: mDrawState=READY_TO_SHOW Surface(name=InputMethod[4596])/@0xb2d18ae
10-09 18:45:58.635  3479  4640 D PipManager: [Pip] onImeVisibilityChanged - imeVisible : true imeHeight:618
10-09 18:45:58.636  3479  4640 D PipManager: [Pip] onMovementBoundsChanged
10-09 18:45:58.636  4596  4596 I InputMethodService: Turn On Screen to show candidates in DEX mode
10-09 18:45:58.636  4596  4596 D InputMethodService: mDesktopModeManager null!
10-09 18:45:58.638  3114  3191 I WindowManager: Cancelling animation restarting=true, leash=null, surface=Surface(name=c1edc3b InputMethod)/@0x3625e07, parent=Surface(name=WindowToken{5af4d26 android.os.Binder@ae8f881})/@0x9f25b34
10-09 18:45:58.638  3114  3191 I WindowManager: Reparenting to leash, surface=Surface(name=c1edc3b InputMethod)/@0x3625e07
10-09 18:45:58.640  2672  2672 I SurfaceFlinger: id=3613 createSurf (2560x2560),2 flag=4, Surface(name=c1edc3b InputMethod)/@0x3625e07 - animation-leash#0
10-09 18:45:58.646  3114  3191 D WindowManager: makeSurface duration=9 leash=Surface(name=Surface(name=c1edc3b InputMethod)/@0x3625e07 - animation-leash)/@0xbb611ba
10-09 18:45:58.647  3114  3191 D SurfaceControl: reparent is called, sc=Surface(name=c1edc3b InputMethod)/@0x3625e07, newParentHandle=android.os.BinderProxy@5c8686b, transaction=android.view.SurfaceControl$Transaction@2bcd3a3
10-09 18:45:58.648  3114  3191 V WindowManager: performShowLocked: mDrawState=HAS_DRAWN in Window{c1edc3b u0 InputMethod}
10-09 18:45:58.652  2672  2694 D Layer   : [c1edc3b InputMethod#0]::reparent oldParent:[WindowToken{5af4d26 android.os.Binder@ae8f881}#0], newParent:[Surface(name=c1edc3b InputMethod)/@0x3625e07 - animation-leash#0]
10-09 18:45:58.696  3114  3615 D CustomFrequencyManagerService: releaseDVFSLockLocked : Getting Lock type frm List : DVFS_MIN_LIMIT  frequency : 1274000  uid : 1000  pid : 3114  tag : com.sec.android.inputmethod@151
10-09 18:45:58.701  2672  2672 I SurfaceFlinger: Display 0 HWC layers:
10-09 18:45:58.701  2672  2672 I SurfaceFlinger:     type    |    handle    | flag |  format   |   source crop (l,t,r,b)    |         frame       | name 
10-09 18:45:58.701  2672  2672 I SurfaceFlinger: ------------+--------------+------+-----------+----------------------------+---------------------+------
10-09 18:45:58.701  2672  2672 I SurfaceFlinger:      Device | 0xedeae3c0 | 0002 | RGBA_8888 |   0.0    0.0  720.0 1280.0 |    0    0  720 1280 | com.example.myapplication/com.example.myapplication.MainActivity[13395]#0
10-09 18:45:58.701  2672  2672 I SurfaceFlinger:      Client |              | 0000 |  Unknown  |   0.0    0.0   -1.0   -1.0 |    0    0  720 1280 | Dim Layer for - Task=87#0
10-09 18:45:58.701  2672  2672 I SurfaceFlinger:      Client | 0xee2c42c0 | 0000 | RGBA_8888 |  46.0    0.0  766.0  661.0 |    0   45  720  706 | com.example.myapplication/com.example.myapplication.MainActivity[13395]#1
10-09 18:45:58.701  2672  2672 I SurfaceFlinger:      Client | 0xedeae180 | 0000 | RGBA_8888 |   0.0    0.0  720.0 1053.0 |    0  227  720 1280 | InputMethod[4596]#0
10-09 18:45:58.701  2672  2672 I SurfaceFlinger:      Device | 0xee2c3fc0 | 0000 | RGBA_8888 |   0.0    0.0  720.0   48.0 |    0    0  720   48 | StatusBar[3479]#0
10-09 18:45:58.701  2672  2672 I SurfaceFlinger: 
10-09 18:45:58.748  4596  4596 I SKBD    : and isTosAccept true
10-09 18:45:58.748  4596  4596 I SKBD    : bhx getNetworkState : 2
10-09 18:45:58.749  4596  4596 I SKBD    : bmp getDownloadedLanguageListBeforeEngineChanged : []
10-09 18:45:58.774 13527 13527 I bfxs    : Primes not initialized, returning default (no-op) Primes instance which will ignore all calls. Please call Primes.initialize(...) before using any Primes API.
10-09 18:45:58.861  3114  3191 I WindowManager: reset, Reparenting to original parent, shouldDeferScheduleAnimation=false, destroyLeash=true, surface=Surface(name=c1edc3b InputMethod)/@0x3625e07, parent=Surface(name=WindowToken{5af4d26 android.os.Binder@ae8f881})/@0x9f25b34, parentNativeHandle=android.os.BinderProxy@cdc8486, caller=com.android.server.wm.SurfaceAnimator.lambda$getFinishedCallback$0:97 com.android.server.wm.-$$Lambda$SurfaceAnimator$SIBia0mND666K8lMCPsoid8pUTI.run:4 com.android.server.wm.SurfaceAnimator.lambda$getFinishedCallback$1:104 com.android.server.wm.-$$Lambda$SurfaceAnimator$vdRZk66hQVbQCvVXEaQCT1kVmFc.onAnimationFinished:4 com.android.server.wm.LocalAnimationAdapter.lambda$startAnimation$0:74 
10-09 18:45:58.861  3114  3191 D SurfaceControl: reparent is called, sc=Surface(name=c1edc3b InputMethod)/@0x3625e07, newParentHandle=android.os.BinderProxy@cdc8486, transaction=android.view.SurfaceControl$Transaction@2bcd3a3
10-09 18:45:58.862  3114  3191 D SurfaceControl: destroy(transaction), animation-leash is destroyed, sc=Surface(name=Surface(name=c1edc3b InputMethod)/@0x3625e07 - animation-leash)/@0xbb611ba, transaction=android.view.SurfaceControl$Transaction@2bcd3a3, caller=com.android.server.wm.SurfaceAnimator.reset:344 com.android.server.wm.SurfaceAnimator.lambda$getFinishedCallback$0:97 com.android.server.wm.-$$Lambda$SurfaceAnimator$SIBia0mND666K8lMCPsoid8pUTI.run:4 com.android.server.wm.SurfaceAnimator.lambda$getFinishedCallback$1:104 com.android.server.wm.-$$Lambda$SurfaceAnimator$vdRZk66hQVbQCvVXEaQCT1kVmFc.onAnimationFinished:4 com.android.server.wm.LocalAnimationAdapter.lambda$startAnimation$0:74 com.android.server.wm.-$$Lambda$LocalAnimationAdapter$X--EomqUvw4qy89IeeTFTH7aCMo.run:4 
10-09 18:45:58.871  3114  3191 D WindowManager: prepareSurfaces, request to clear saved leash, surface=Surface(name=c1edc3b InputMethod)/@0x3625e07
10-09 18:45:58.871  2672  3766 D Layer   : [c1edc3b InputMethod#0]::reparent oldParent:[Surface(name=c1edc3b InputMethod)/@0x3625e07 - animation-leash#0], newParent:[WindowToken{5af4d26 android.os.Binder@ae8f881}#0]
10-09 18:45:58.872  2672  3766 I SurfaceFlinger: id=3613 Removed Surface(name=c1edc3b InputMethod)/@0x3625e07 - animation-leash#0 (1/73)
10-09 18:45:58.872  3114  3191 D WindowManager: clearSavedLeashOnCommit, savedLeash=Surface(name=Surface(name=c1edc3b InputMethod)/@0x3625e07 - animation-leash)/@0xbb611ba, caller=com.android.server.wm.WindowContainer.clearSavedLeashOnCommit:1156 com.android.server.wm.WindowContainer.clearSavedLeashOnCommit:1160 com.android.server.wm.WindowContainer.clearSavedLeashOnCommit:1160 com.android.server.wm.WindowContainer.clearSavedLeashOnCommit:1160 com.android.server.wm.RootWindowContainer.performSurfacePlacement:812 com.android.server.wm.WindowSurfacePlacer.performSurfacePlacementLoop:212 
10-09 18:45:58.877  2672  2672 I Layer   : id=3613 onRemoved Surface(name=c1edc3b InputMethod)/@0x3625e07 - animation-leash#0 
10-09 18:45:58.892  3114  4296 D SamsungAlarmManager: setInexact Intent (T:3/F:0/AC:false) 20301007T184558 - CU:10021/CP:13527
10-09 18:45:58.892  3114  4296 I SamsungAlarmManager: setLocked to kernel - T:2 / 20201009T184600, SetElapsed=21357129, nowELAPSED=21356022
10-09 18:45:58.911  3114  3191 I WindowManager: reset, Reparenting to original parent, shouldDeferScheduleAnimation=false, destroyLeash=true, surface=Surface(name=3868925 com.example.myapplication/com.example.myapplication.MainActivity)/@0xd3b92a1, parent=Surface(name=AppWindowToken{db5b7f5 token=Token{b14212c ActivityRecord{6a820df u0 com.example.myapplication/.MainActivity t87}}})/@0x228093a, parentNativeHandle=android.os.BinderProxy@ae14ef9, caller=com.android.server.wm.SurfaceAnimator.lambda$getFinishedCallback$0:97 com.android.server.wm.-$$Lambda$SurfaceAnimator$SIBia0mND666K8lMCPsoid8pUTI.run:4 com.android.server.wm.SurfaceAnimator.lambda$getFinishedCallback$1:104 com.android.server.wm.-$$Lambda$SurfaceAnimator$vdRZk66hQVbQCvVXEaQCT1kVmFc.onAnimationFinished:4 com.android.server.wm.LocalAnimationAdapter.lambda$startAnimation$0:74 
10-09 18:45:58.911  3114  3191 D SurfaceControl: reparent is called, sc=Surface(name=3868925 com.example.myapplication/com.example.myapplication.MainActivity)/@0xd3b92a1, newParentHandle=android.os.BinderProxy@ae14ef9, transaction=android.view.SurfaceControl$Transaction@a6e0fb4
10-09 18:45:58.912  3114  3191 D SurfaceControl: destroy(transaction), animation-leash is destroyed, sc=Surface(name=Surface(name=3868925 com.example.myapplication/com.example.myapplication.MainActivity)/@0xd3b92a1 - animation-leash)/@0xf72df3, transaction=android.view.SurfaceControl$Transaction@a6e0fb4, caller=com.android.server.wm.SurfaceAnimator.reset:344 com.android.server.wm.SurfaceAnimator.lambda$getFinishedCallback$0:97 com.android.server.wm.-$$Lambda$SurfaceAnimator$SIBia0mND666K8lMCPsoid8pUTI.run:4 com.android.server.wm.SurfaceAnimator.lambda$getFinishedCallback$1:104 com.android.server.wm.-$$Lambda$SurfaceAnimator$vdRZk66hQVbQCvVXEaQCT1kVmFc.onAnimationFinished:4 com.android.server.wm.LocalAnimationAdapter.lambda$startAnimation$0:74 com.android.server.wm.-$$Lambda$LocalAnimationAdapter$X--EomqUvw4qy89IeeTFTH7aCMo.run:4 
10-09 18:45:58.928  3114  3191 D WindowManager: prepareSurfaces, request to clear saved leash, surface=Surface(name=3868925 com.example.myapplication/com.example.myapplication.MainActivity)/@0xd3b92a1
10-09 18:45:58.928  2672  4145 D Layer   : [3868925 com.example.myapplication/com.example.myapplication.MainActivity#0]::reparent oldParent:[Surface(name=3868925 com.example.myapplication/com.example.myapplication.MainActivity)/@0xd3b92a1 - animation-leash#0], newParent:[AppWindowToken{db5b7f5 token=Token{b14212c ActivityRecord{6a820df u0 com.example.myapplication/.MainActivity t87}}}#0]
10-09 18:45:58.928  2672  4145 I SurfaceFlinger: id=3612 Removed Surface(name=3868925 com.example.myapplication/com.example.myapplication.MainActivity)/@0xd3b92a1 - animation-leash#0 (2/72)
10-09 18:45:58.930  3114  3191 D WindowManager: clearSavedLeashOnCommit, savedLeash=Surface(name=Surface(name=3868925 com.example.myapplication/com.example.myapplication.MainActivity)/@0xd3b92a1 - animation-leash)/@0xf72df3, caller=com.android.server.wm.WindowContainer.clearSavedLeashOnCommit:1156 com.android.server.wm.WindowContainer.clearSavedLeashOnCommit:1160 com.android.server.wm.WindowContainer.clearSavedLeashOnCommit:1160 com.android.server.wm.WindowContainer.clearSavedLeashOnCommit:1160 com.android.server.wm.WindowContainer.clearSavedLeashOnCommit:1160 com.android.server.wm.WindowContainer.clearSavedLeashOnCommit:1160 
10-09 18:45:58.944  2672  2672 I Layer   : id=3612 onRemoved Surface(name=3868925 com.example.myapplication/com.example.myapplication.MainActivity)/@0xd3b92a1 - animation-leash#0 
10-09 18:45:59.057  3114  3239 D InputReader: Input event(5): value=1 when=21352.047769
10-09 18:45:59.057  3114  3239 I InputReader: Touch event's action is 0x0 (deviceType=0) [pCnt=1, s=0.1725 ] when=21352.047769
10-09 18:45:59.057  3114  3238 I InputDispatcher: Delivering touch to (3479): action: 0x4, displayId: 0, '4a0a87e', toolType: 1
10-09 18:45:59.058  3114  3238 I clp-JNI : Add pinfo) 0
10-09 18:45:59.058  3114  3238 I InputDispatcher: Delivering touch to (4596): action: 0x0, displayId: 0, 'c1edc3b', toolType: 1
10-09 18:45:59.058  4596  4596 D ViewRootImpl@86be517[InputMethod]: ViewPostIme pointer 0
10-09 18:45:59.058  4596  4596 I SKBD    : byp [PF_KL][getKeyIndexAndNearbyCodes] 177576, In Tyme, getSimpleKeyIndexAndNearbyCodes
10-09 18:45:59.063  4596  4596 I SKBD_Performance: AbstractKeyboardView [PF_KL] onTouchEvent  0 1 5 4608269
10-09 18:45:59.137  4596  4596 I SKBD    : bja Update SetupWizard State : complete
10-09 18:45:59.148  3114  3239 D InputReader: Input event(5): value=0 when=21352.139129
10-09 18:45:59.148  3114  3239 I InputReader: Touch event's action is 0x1 (deviceType=0) [pCnt=1, s=] when=21352.139129
10-09 18:45:59.149  3114  3238 I clp-JNI : Add pinfo) c1edc3b InputMethod (server) : AppWindowToken{db5b7f5 token=Token{b14212c ActivityRecord{6a820df u0 com.example.myapplication/.MainActivity t87}}} : 4596 : 10143 : 1
10-09 18:45:59.149  3114  3238 I clp-JNI : Add pinfo) 1
10-09 18:45:59.149  3114  3238 I InputDispatcher: Delivering touch to (4596): action: 0x1, displayId: 0, 'c1edc3b', toolType: 1
10-09 18:45:59.150  4596  4596 D ViewRootImpl@86be517[InputMethod]: ViewPostIme pointer 1
10-09 18:45:59.153  4596  4596 I SKBD    : [ATIM] [ppfockfsk] IMI,25,IR,0
10-09 18:45:59.155  4596  4596 I SKBD    : [IIManager] IIfo SI [il:0x656e4742] [p:0] [c:0] [t:0] [im:0/0/0/0/0/0] [sC:0] [aC:1] [sS:0] [aS:1] [aP:0] [pW:0] [eM:0] [uR:0] [acI:0] [iT:20001] [iO:48000005] [pID:13395] [pO:null]
10-09 18:45:59.155  4596  4596 I SKBD    : [IIManager] IIfo II [ir:0] [rand:fd3425f36e6f4a14a53d2600eb4da66a] [hC:0] [hI:0] [tr:0] [tc:0] [long:0] [cpl:1] [xyD:0/0] [xycD:1/2] [kWHG:59/88/11] [tD:92] [tP:4] [fil:true] [IC:1/17] [cB:1/0]
10-09 18:45:59.155  4596  4596 I SKBD    : cpb [SIIC] commitText :  true ,  1
10-09 18:45:59.156  4596  4596 I SKBD    : [ATIM] [PF_KL][onCharacterKey]  3
10-09 18:45:59.156  4596  4596 I SKBD    : atu [PF_KL][onKeyHandleNormalKey::onCharacterKey] 3127000
10-09 18:45:59.156  4596  4596 I SKBD    : aob [PF_KL][onKey] 3554539
10-09 18:45:59.156  4596  4596 I SKBD_Performance: AbstractKeyboardView [PF_KL] onTouchEvent  1 2 6 6196923
10-09 18:45:59.158  3114  3239 D InputReader: Input event(5): value=1 when=21352.148325
10-09 18:45:59.158  3114  3239 I InputReader: Touch event's action is 0x0 (deviceType=0) [pCnt=1, s=1.1726 ] when=21352.148325
10-09 18:45:59.158  3114  3238 I InputDispatcher: Delivering touch to (3479): action: 0x4, displayId: 0, '4a0a87e', toolType: 1
10-09 18:45:59.159  3114  3238 I clp-JNI : Add pinfo) 0
10-09 18:45:59.159  3114  3238 I InputDispatcher: Delivering touch to (4596): action: 0x0, displayId: 0, 'c1edc3b', toolType: 1
10-09 18:45:59.161  4596  4596 D ViewRootImpl@86be517[InputMethod]: ViewPostIme pointer 0
10-09 18:45:59.162  4596  4596 I SKBD    : byp [PF_KL][getKeyIndexAndNearbyCodes] 247807, In Tyme, getSimpleKeyIndexAndNearbyCodes
10-09 18:45:59.165  4596  4596 I SKBD_Performance: AbstractKeyboardView [PF_KL] onTouchEvent  0 4 3 3634653
10-09 18:45:59.166  4596  4596 I SKBD    : [ATIM] [updateSelectionForInputModule] oldSelStart : 0, oldSelEnd : 0, newSelStart : 1, newSelEnd : 1, candidatesStart : -1, candidatesEnd : -1, viewClicked : false
10-09 18:45:59.166  4596  4596 I SKBD    : [ATIM] [updateSelectionForInputModule] isTyping : true, viewClicked : false, isKBDShown : true
10-09 18:45:59.187  4596  4596 I SKBD    : cpb [PF_KL][SIIC] getCursorCapsMode done  0
10-09 18:45:59.215  3114  3239 D InputReader: Input event(5): value=0 when=21352.206266
10-09 18:45:59.216  3114  3239 I InputReader: Touch event's action is 0x1 (deviceType=0) [pCnt=1, s=] when=21352.206266
10-09 18:45:59.216  3114  3238 I clp-JNI : Add pinfo) c1edc3b InputMethod (server) : AppWindowToken{db5b7f5 token=Token{b14212c ActivityRecord{6a820df u0 com.example.myapplication/.MainActivity t87}}} : 4596 : 10143 : 1
10-09 18:45:59.216  3114  3238 I clp-JNI : Add pinfo) 1
10-09 18:45:59.216  3114  3238 I InputDispatcher: Delivering touch to (4596): action: 0x1, displayId: 0, 'c1edc3b', toolType: 1
10-09 18:45:59.218  4596  4596 D ViewRootImpl@86be517[InputMethod]: ViewPostIme pointer 1
10-09 18:45:59.221  4596  4596 I SKBD    : [ATIM] [ppfockfsk] IMI,25,IR,0
10-09 18:45:59.222  4596  4596 I SKBD    : [IIManager] IIfo SI [il:0x656e4742] [p:0] [c:0] [t:0] [im:0/0/0/0/0/0] [sC:0] [aC:1] [sS:0] [aS:1] [aP:0] [pW:0] [eM:0] [uR:0] [acI:0] [iT:20001] [iO:48000005] [pID:13395] [pO:null]
10-09 18:45:59.222  4596  4596 I SKBD    : [IIManager] IIfo II [ir:0] [rand:b10fa1a922e44e92a2e338b730d9b18c] [hC:0] [hI:0] [tr:0] [tc:0] [long:0] [cpl:1] [xyD:0/0] [xycD:-3/12] [kWHG:59/88/11] [tD:58] [tP:4] [fil:true] [IC:0/0] [cB:0/0]
10-09 18:45:59.223  4596  4596 I SKBD    : cpb [SIIC] commitText :  true ,  1
10-09 18:45:59.224  4596  4596 I SKBD    : [ATIM] [PF_KL][onCharacterKey]  3
10-09 18:45:59.225  4596  4596 I SKBD    : atu [PF_KL][onKeyHandleNormalKey::onCharacterKey] 4081539
10-09 18:45:59.225  4596  4596 I SKBD    : aob [PF_KL][onKey] 4341846
10-09 18:45:59.225  4596  4596 I SKBD_Performance: AbstractKeyboardView [PF_KL] onTouchEvent  1 3 6 6633423
10-09 18:45:59.228  4596  4596 I SKBD    : [ATIM] [updateSelectionForInputModule] oldSelStart : 1, oldSelEnd : 1, newSelStart : 2, newSelEnd : 2, candidatesStart : -1, candidatesEnd : -1, viewClicked : false
10-09 18:45:59.228  4596  4596 I SKBD    : [ATIM] [updateSelectionForInputModule] isTyping : true, viewClicked : false, isKBDShown : true
10-09 18:45:59.249  4596  4596 I SKBD    : cpb [PF_KL][SIIC] getCursorCapsMode done  0
10-09 18:45:59.299  3114  3239 D InputReader: Input event(5): value=1 when=21352.289869
10-09 18:45:59.299  3114  3239 I InputReader: Touch event's action is 0x0 (deviceType=0) [pCnt=1, s=0.1727 ] when=21352.289869
10-09 18:45:59.300  3114  3238 I InputDispatcher: Delivering touch to (3479): action: 0x4, displayId: 0, '4a0a87e', toolType: 1
10-09 18:45:59.300  3114  3238 I clp-JNI : Add pinfo) 0
10-09 18:45:59.300  3114  3238 I InputDispatcher: Delivering touch to (4596): action: 0x0, displayId: 0, 'c1edc3b', toolType: 1
10-09 18:45:59.300  4596  4596 D ViewRootImpl@86be517[InputMethod]: ViewPostIme pointer 0
10-09 18:45:59.301  4596  4596 I SKBD    : byp [PF_KL][getKeyIndexAndNearbyCodes] 172962, In Tyme, getSimpleKeyIndexAndNearbyCodes
10-09 18:45:59.304  4596  4596 I SKBD_Performance: AbstractKeyboardView [PF_KL] onTouchEvent  0 2 4 3942231
10-09 18:45:59.365  3114  3239 D InputReader: Input event(5): value=0 when=21352.356303
10-09 18:45:59.366  3114  3239 I InputReader: Touch event's action is 0x1 (deviceType=0) [pCnt=1, s=] when=21352.356303
10-09 18:45:59.366  3114  3238 I clp-JNI : Add pinfo) c1edc3b InputMethod (server) : AppWindowToken{db5b7f5 token=Token{b14212c ActivityRecord{6a820df u0 com.example.myapplication/.MainActivity t87}}} : 4596 : 10143 : 1
10-09 18:45:59.366  3114  3238 I clp-JNI : Add pinfo) 1
10-09 18:45:59.366  3114  3238 I InputDispatcher: Delivering touch to (4596): action: 0x1, displayId: 0, 'c1edc3b', toolType: 1
10-09 18:45:59.366  4596  4596 D ViewRootImpl@86be517[InputMethod]: ViewPostIme pointer 1
10-09 18:45:59.370  4596  4596 I SKBD    : [ATIM] [ppfockfsk] IMI,25,IR,0
10-09 18:45:59.371  4596  4596 I SKBD    : [IIManager] IIfo SI [il:0x656e4742] [p:0] [c:0] [t:0] [im:0/0/0/0/0/0] [sC:0] [aC:1] [sS:0] [aS:1] [aP:0] [pW:0] [eM:0] [uR:0] [acI:0] [iT:20001] [iO:48000005] [pID:13395] [pO:null]
10-09 18:45:59.371  4596  4596 I SKBD    : [IIManager] IIfo II [ir:0] [rand:5f6c4d70c57d4d96a0b880d250a2e397] [hC:0] [hI:0] [tr:0] [tc:0] [long:0] [cpl:1] [xyD:0/0] [xycD:9/-1] [kWHG:59/88/11] [tD:67] [tP:5] [fil:true] [IC:0/0] [cB:0/0]
