10-09 18:45:49.282  3114  4300 D ConnectivityService: isNetworkWithLinkPropertiesBlocked: uid=10038, vpn=DISCONNECTED,false
10-09 18:45:49.282  3114  3273 D ConnectivityService: filterNetworkStateForUid() uid: 10018, pid: 3114, networkInfo: [type: WIFI[], state: CONNECTED/CONNECTED, reason: (unspecified), extra: (none), failover: false, available: true, roaming: false]
10-09 18:45:49.282  3114  4300 D ConnectivityService: filterNetworkStateForUid() uid: 10038, pid: 12869, networkInfo: [type: WIFI[], state: CONNECTED/CONNECTED, reason: (unspecified), extra: (none), failover: false, available: true, roaming: false]
10-09 18:45:49.282  3114  3273 D ConnectivityService: filterNetworkStateForUid() uid: 10091, pid: 3114
10-09 18:45:49.282  3114  3273 D ConnectivityService: isNetworkWithLinkPropertiesBlocked: uid=10091, vpn=DISCONNECTED,false
10-09 18:45:49.282  3114  3273 D ConnectivityService: filterNetworkStateForUid() uid: 10091, pid: 3114, networkInfo: [type: WIFI[], state: CONNECTED/CONNECTED, reason: (unspecified), extra: (none), failover: false, available: true, roaming: false]
10-09 18:45:49.282  3114  3273 D ConnectivityService: filterNetworkStateForUid() uid: 10038, pid: 3114
10-09 18:45:49.282  3114  3273 D ConnectivityService: isNetworkWithLinkPropertiesBlocked: uid=10038, vpn=DISCONNECTED,false
10-09 18:45:49.282  3114  3273 D ConnectivityService: filterNetworkStateForUid() uid: 10038, pid: 3114, networkInfo: [type: WIFI[], state: CONNECTED/CONNECTED, reason: (unspecified), extra: (none), failover: false, available: true, roaming: false]
10-09 18:45:49.282  3114  3273 D ConnectivityService: filterNetworkStateForUid() uid: 10018, pid: 3114
10-09 18:45:49.283  3114  3273 D ConnectivityService: isNetworkWithLinkPropertiesBlocked: uid=10018, vpn=DISCONNECTED,false
10-09 18:45:49.283  3114  3273 D ConnectivityService: filterNetworkStateForUid() uid: 10018, pid: 3114, networkInfo: [type: WIFI[], state: CONNECTED/CONNECTED, reason: (unspecified), extra: (none), failover: false, available: true, roaming: false]
10-09 18:45:49.283  3114  3273 D ConnectivityService: filterNetworkStateForUid() uid: 10100, pid: 3114
10-09 18:45:49.283  3114  3273 D ConnectivityService: isNetworkWithLinkPropertiesBlocked: uid=10100, vpn=DISCONNECTED,false
10-09 18:45:49.283  3114  3273 D ConnectivityService: filterNetworkStateForUid() uid: 10100, pid: 3114, networkInfo: [type: WIFI[], state: CONNECTED/CONNECTED, reason: (unspecified), extra: (none), failover: false, available: true, roaming: false]
10-09 18:45:49.284  3114  3273 D ConnectivityService: filterNetworkStateForUid() uid: 10038, pid: 3114
10-09 18:45:49.284  3114  4300 D ConnectivityService: filterNetworkStateForUid() uid: 10084, pid: 12010
10-09 18:45:49.284  3114  3273 D ConnectivityService: isNetworkWithLinkPropertiesBlocked: uid=10038, vpn=DISCONNECTED,false
10-09 18:45:49.284  3114  4300 D ConnectivityService: isNetworkWithLinkPropertiesBlocked: uid=10084, vpn=DISCONNECTED,false
10-09 18:45:49.284  3114  3273 D ConnectivityService: filterNetworkStateForUid() uid: 10038, pid: 3114, networkInfo: [type: WIFI[], state: CONNECTED/CONNECTED, reason: (unspecified), extra: (none), failover: false, available: true, roaming: false]
10-09 18:45:49.284  3114  4300 D ConnectivityService: filterNetworkStateForUid() uid: 10084, pid: 12010, networkInfo: [type: WIFI[], state: CONNECTED/CONNECTED, reason: (unspecified), extra: (none), failover: false, available: true, roaming: false]
10-09 18:45:49.284  3114  3273 D ConnectivityService: filterNetworkStateForUid() uid: 10021, pid: 3114
10-09 18:45:49.284  3114  3273 D ConnectivityService: isNetworkWithLinkPropertiesBlocked: uid=10021, vpn=DISCONNECTED,false
10-09 18:45:49.284  3114  3273 D ConnectivityService: filterNetworkStateForUid() uid: 10021, pid: 3114, networkInfo: [type: WIFI[], state: CONNECTED/CONNECTED, reason: (unspecified), extra: (none), failover: false, available: true, roaming: false]
10-09 18:45:49.284  3114  3273 D ConnectivityService: filterNetworkStateForUid() uid: 10038, pid: 3114
10-09 18:45:49.284  3114  3273 D ConnectivityService: isNetworkWithLinkPropertiesBlocked: uid=10038, vpn=DISCONNECTED,false
10-09 18:45:49.284  3114  3273 D ConnectivityService: filterNetworkStateForUid() uid: 10038, pid: 3114, networkInfo: [type: WIFI[], state: CONNECTED/CONNECTED, reason: (unspecified), extra: (none), failover: false, available: true, roaming: false]
10-09 18:45:49.285  3114  3273 D ConnectivityService: filterNetworkStateForUid() uid: 10065, pid: 3114
10-09 18:45:49.285  3114  3273 D ConnectivityService: isNetworkWithLinkPropertiesBlocked: uid=10065, vpn=DISCONNECTED,false
10-09 18:45:49.285  3114  3273 D ConnectivityService: filterNetworkStateForUid() uid: 10065, pid: 3114, networkInfo: [type: WIFI[], state: CONNECTED/CONNECTED, reason: (unspecified), extra: (none), failover: false, available: true, roaming: false]
10-09 18:45:49.285  3114  3273 D ConnectivityService: Vpn: getActiveNetworkForUidInternal: 10135, false, false, DISCONNECTED
10-09 18:45:49.285  3114  3273 D ConnectivityService: isNetworkWithLinkPropertiesBlocked: uid=10135, vpn=DISCONNECTED,false
10-09 18:45:49.285  3114  3273 D ConnectivityService: Vpn: getActiveNetworkForUidInternal: 10154, false, false, DISCONNECTED
10-09 18:45:49.285  3114  3273 D ConnectivityService: isNetworkWithLinkPropertiesBlocked: uid=10154, vpn=DISCONNECTED,false
10-09 18:45:49.285  3114  3273 D ConnectivityService: filterNetworkStateForUid() uid: 10086, pid: 3114
10-09 18:45:49.285  3114  3273 D ConnectivityService: isNetworkWithLinkPropertiesBlocked: uid=10086, vpn=DISCONNECTED,false
10-09 18:45:49.285  3114  4287 D ConnectivityService: filterNetworkStateForUid() uid: 10084, pid: 12010
10-09 18:45:49.278  3479  3479 D SecStatusBarWifiView: updateState: WifiIconState(resId=2131232719, visible=true, activityId=2131232729)
10-09 18:45:49.285  4596  4596 I SKBD    : bja Update SetupWizard State : complete
10-09 18:45:49.285  3114  4287 D ConnectivityService: isNetworkWithLinkPropertiesBlocked: uid=10084, vpn=DISCONNECTED,false
10-09 18:45:49.285  4596  4596 I SKBD    : aoq theme : current Theme index :  285212672
10-09 18:45:49.286  3114  3273 D ConnectivityService: filterNetworkStateForUid() uid: 10086, pid: 3114, networkInfo: [type: WIFI[], state: CONNECTED/CONNECTED, reason: (unspecified), extra: (none), failover: false, available: true, roaming: false]
10-09 18:45:49.286  4596  4596 I SKBD    : aoq update KeyboardTheme themeIndex : 0x 11000000  theme :  Light
10-09 18:45:49.286  3114  4287 D ConnectivityService: filterNetworkStateForUid() uid: 10084, pid: 12010, networkInfo: [type: WIFI[], state: CONNECTED/CONNECTED, reason: (unspecified), extra: (none), failover: false, available: true, roaming: false]
10-09 18:45:49.286  3114  3273 D ConnectivityService: filterNetworkStateForUid() uid: 10065, pid: 3114
10-09 18:45:49.286  3114  3273 D ConnectivityService: isNetworkWithLinkPropertiesBlocked: uid=10065, vpn=DISCONNECTED,false
10-09 18:45:49.286  3114  3273 D ConnectivityService: filterNetworkStateForUid() uid: 10065, pid: 3114, networkInfo: [type: WIFI[], state: CONNECTED/CONNECTED, reason: (unspecified), extra: (none), failover: false, available: true, roaming: false]
10-09 18:45:49.286  3114  3273 D ConnectivityService: filterNetworkStateForUid() uid: 10091, pid: 3114
10-09 18:45:49.286  3114  3273 D ConnectivityService: isNetworkWithLinkPropertiesBlocked: uid=10091, vpn=DISCONNECTED,false
10-09 18:45:49.286  3114  3273 D ConnectivityService: filterNetworkStateForUid() uid: 10091, pid: 3114, networkInfo: [type: WIFI[], state: CONNECTED/CONNECTED, reason: (unspecified), extra: (none), failover: false, available: true, roaming: false]
10-09 18:45:49.286  3114  3273 D ConnectivityService: filterNetworkStateForUid() uid: 10091, pid: 3114
10-09 18:45:49.286  3114  3273 D ConnectivityService: isNetworkWithLinkPropertiesBlocked: uid=10091, vpn=DISCONNECTED,false
10-09 18:45:49.286  3114  3273 D ConnectivityService: filterNetworkStateForUid() uid: 10091, pid: 3114, networkInfo: [type: WIFI[], state: CONNECTED/CONNECTED, reason: (unspecified), extra: (none), failover: false, available: true, roaming: false]
10-09 18:45:49.286  3114  3273 D ConnectivityService: filterNetworkStateForUid() uid: 10065, pid: 3114
10-09 18:45:49.286  3114  3273 D ConnectivityService: isNetworkWithLinkPropertiesBlocked: uid=10065, vpn=DISCONNECTED,false
10-09 18:45:49.287  3114  3273 D ConnectivityService: filterNetworkStateForUid() uid: 10065, pid: 3114, networkInfo: [type: WIFI[], state: CONNECTED/CONNECTED, reason: (unspecified), extra: (none), failover: false, available: true, roaming: false]
10-09 18:45:49.287  3114  3273 D ConnectivityService: Vpn: getActiveNetworkForUidInternal: 10084, false, false, DISCONNECTED
10-09 18:45:49.287  3114  3273 D ConnectivityService: isNetworkWithLinkPropertiesBlocked: uid=10084, vpn=DISCONNECTED,false
10-09 18:45:49.287  3114  3273 D ConnectivityService: filterNetworkStateForUid() uid: 10084, pid: 3114
10-09 18:45:49.287  3114  3273 D ConnectivityService: isNetworkWithLinkPropertiesBlocked: uid=10084, vpn=DISCONNECTED,false
10-09 18:45:49.287  3114  3273 D ConnectivityService: filterNetworkStateForUid() uid: 10084, pid: 3114, networkInfo: [type: WIFI[], state: CONNECTED/CONNECTED, reason: (unspecified), extra: (none), failover: false, available: true, roaming: false]
10-09 18:45:49.287  3114  3273 D ConnectivityService: Vpn: getActiveNetworkForUidInternal: 10143, false, false, DISCONNECTED
10-09 18:45:49.287  3114  3273 D ConnectivityService: isNetworkWithLinkPropertiesBlocked: uid=10143, vpn=DISCONNECTED,false
10-09 18:45:49.287  3114  3273 D ConnectivityService: filterNetworkStateForUid() uid: 10143, pid: 3114
10-09 18:45:49.287  3114  3273 D ConnectivityService: isNetworkWithLinkPropertiesBlocked: uid=10143, vpn=DISCONNECTED,false
10-09 18:45:49.288  3114  3273 D ConnectivityService: filterNetworkStateForUid() uid: 10143, pid: 3114, networkInfo: [type: WIFI[], state: CONNECTED/CONNECTED, reason: (unspecified), extra: (none), failover: false, available: true, roaming: false]
10-09 18:45:49.288  3114  3273 D ConnectivityService: filterNetworkStateForUid() uid: 10065, pid: 3114
10-09 18:45:49.288  3114  3273 D ConnectivityService: isNetworkWithLinkPropertiesBlocked: uid=10065, vpn=DISCONNECTED,false
10-09 18:45:49.288  3114  3273 D ConnectivityService: filterNetworkStateForUid() uid: 10065, pid: 3114, networkInfo: [type: WIFI[], state: CONNECTED/CONNECTED, reason: (unspecified), extra: (none), failover: false, available: true, roaming: false]
10-09 18:45:49.288  3114  3273 D ConnectivityService: Vpn: getActiveNetworkForUidInternal: 10135, false, false, DISCONNECTED
10-09 18:45:49.288  3114  3273 D ConnectivityService: isNetworkWithLinkPropertiesBlocked: uid=10135, vpn=DISCONNECTED,false
10-09 18:45:49.288  3114  3273 D ConnectivityService: filterNetworkStateForUid() uid: 10021, pid: 3114
10-09 18:45:49.288  3114  3273 D ConnectivityService: isNetworkWithLinkPropertiesBlocked: uid=10021, vpn=DISCONNECTED,false
10-09 18:45:49.288  3114  3273 D ConnectivityService: filterNetworkStateForUid() uid: 10021, pid: 3114, networkInfo: [type: WIFI[], state: CONNECTED/CONNECTED, reason: (unspecified), extra: (none), failover: false, available: true, roaming: false]
10-09 18:45:49.288  3114  3273 D ConnectivityService: Vpn: getActiveNetworkForUidInternal: 10135, false, false, DISCONNECTED
10-09 18:45:49.288  3114  3273 D ConnectivityService: isNetworkWithLinkPropertiesBlocked: uid=10135, vpn=DISCONNECTED,false
10-09 18:45:49.289  3114  3273 D ConnectivityService: filterNetworkStateForUid() uid: 10021, pid: 3114
10-09 18:45:49.289  3114  3273 D ConnectivityService: isNetworkWithLinkPropertiesBlocked: uid=10021, vpn=DISCONNECTED,false
10-09 18:45:49.289  3114  3273 D ConnectivityService: filterNetworkStateForUid() uid: 10021, pid: 3114, networkInfo: [type: WIFI[], state: CONNECTED/CONNECTED, reason: (unspecified), extra: (none), failover: false, available: true, roaming: false]
10-09 18:45:49.289  3114  3273 D ConnectivityService: filterNetworkStateForUid() uid: 10065, pid: 3114
10-09 18:45:49.289  3114  3273 D ConnectivityService: isNetworkWithLinkPropertiesBlocked: uid=10065, vpn=DISCONNECTED,false
10-09 18:45:49.289  3114  3273 D ConnectivityService: filterNetworkStateForUid() uid: 10065, pid: 3114, networkInfo: [type: WIFI[], state: CONNECTED/CONNECTED, reason: (unspecified), extra: (none), failover: false, available: true, roaming: false]
10-09 18:45:49.289  3114  3273 D ConnectivityService: filterNetworkStateForUid() uid: 10018, pid: 3114
10-09 18:45:49.289  3114  3273 D ConnectivityService: isNetworkWithLinkPropertiesBlocked: uid=10018, vpn=DISCONNECTED,false
10-09 18:45:49.289  3114  3273 D ConnectivityService: filterNetworkStateForUid() uid: 10018, pid: 3114, networkInfo: [type: WIFI[], state: CONNECTED/CONNECTED, reason: (unspecified), extra: (none), failover: false, available: true, roaming: false]
10-09 18:45:49.289  3114  3273 D ConnectivityService: Vpn: getActiveNetworkForUidInternal: 10120, false, false, DISCONNECTED
10-09 18:45:49.290  3114  3273 D ConnectivityService: isNetworkWithLinkPropertiesBlocked: uid=10120, vpn=DISCONNECTED,false
10-09 18:45:49.290  3114  3273 D ConnectivityService: filterNetworkStateForUid() uid: 10021, pid: 3114
10-09 18:45:49.290  3114  3273 D ConnectivityService: isNetworkWithLinkPropertiesBlocked: uid=10021, vpn=DISCONNECTED,false
10-09 18:45:49.290  3114  3273 D ConnectivityService: filterNetworkStateForUid() uid: 10021, pid: 3114, networkInfo: [type: WIFI[], state: CONNECTED/CONNECTED, reason: (unspecified), extra: (none), failover: false, available: true, roaming: false]
10-09 18:45:49.290  3114  3273 D ConnectivityService: filterNetworkStateForUid() uid: 10086, pid: 3114
10-09 18:45:49.290  3114  3273 D ConnectivityService: isNetworkWithLinkPropertiesBlocked: uid=10086, vpn=DISCONNECTED,false
10-09 18:45:49.290  3114  3273 D ConnectivityService: filterNetworkStateForUid() uid: 10086, pid: 3114, networkInfo: [type: WIFI[], state: CONNECTED/CONNECTED, reason: (unspecified), extra: (none), failover: false, available: true, roaming: false]
10-09 18:45:49.290  3114  3273 D ConnectivityService: Vpn: getActiveNetworkForUidInternal: 10118, false, false, DISCONNECTED
10-09 18:45:49.290  3114  3273 D ConnectivityService: isNetworkWithLinkPropertiesBlocked: uid=10118, vpn=DISCONNECTED,false
10-09 18:45:49.290  3114  3273 D ConnectivityService: filterNetworkStateForUid() uid: 1000, pid: 3114
10-09 18:45:49.291  3114  3273 D ConnectivityService: filterNetworkStateForUid() uid: 1000, pid: 3114, networkInfo: [type: WIFI[], state: CONNECTED/CONNECTED, reason: (unspecified), extra: (none), failover: false, available: true, roaming: false]
10-09 18:45:49.291  3114  3273 D ConnectivityService: filterNetworkStateForUid() uid: 1000, pid: 3114
10-09 18:45:49.291  3114  3273 D ConnectivityService: filterNetworkStateForUid() uid: 1000, pid: 3114, networkInfo: [type: WIFI[], state: CONNECTED/CONNECTED, reason: (unspecified), extra: (none), failover: false, available: true, roaming: false]
10-09 18:45:49.291  3114  3273 D ConnectivityService: filterNetworkStateForUid() uid: 10086, pid: 3114
10-09 18:45:49.291  3114  3273 D ConnectivityService: isNetworkWithLinkPropertiesBlocked: uid=10086, vpn=DISCONNECTED,false
10-09 18:45:49.291  3114  3273 D ConnectivityService: filterNetworkStateForUid() uid: 10086, pid: 3114, networkInfo: [type: WIFI[], state: CONNECTED/CONNECTED, reason: (unspecified), extra: (none), failover: false, available: true, roaming: false]
10-09 18:45:49.291  3114  3273 D ConnectivityService: Vpn: getActiveNetworkForUidInternal: 10092, false, false, DISCONNECTED
10-09 18:45:49.291  3114  3273 D ConnectivityService: isNetworkWithLinkPropertiesBlocked: uid=10092, vpn=DISCONNECTED,false
10-09 18:45:49.291  4596  4596 I SKBD    : AbstractKeyboardView PopupWindow is created by AKV's init.
10-09 18:45:49.291  3114  3273 D ConnectivityService: Vpn: getActiveNetworkForUidInternal: 10154, false, false, DISCONNECTED
10-09 18:45:49.291  3114  3273 D ConnectivityService: isNetworkWithLinkPropertiesBlocked: uid=10154, vpn=DISCONNECTED,false
10-09 18:45:49.291  3114  3273 D ConnectivityService: Vpn: getActiveNetworkForUidInternal: 10092, false, false, DISCONNECTED
10-09 18:45:49.291  3114  3273 D ConnectivityService: isNetworkWithLinkPropertiesBlocked: uid=10092, vpn=DISCONNECTED,false
10-09 18:45:49.291  3114  3273 D ConnectivityService: filterNetworkStateForUid() uid: 10021, pid: 3114
10-09 18:45:49.292  3114  3273 D ConnectivityService: isNetworkWithLinkPropertiesBlocked: uid=10021, vpn=DISCONNECTED,false
10-09 18:45:49.292  3114  3273 D ConnectivityService: filterNetworkStateForUid() uid: 10021, pid: 3114, networkInfo: [type: WIFI[], state: CONNECTED/CONNECTED, reason: (unspecified), extra: (none), failover: false, available: true, roaming: false]
10-09 18:45:49.292  3114  3273 D ConnectivityService: filterNetworkStateForUid() uid: 10065, pid: 3114
10-09 18:45:49.292  3114  3273 D ConnectivityService: isNetworkWithLinkPropertiesBlocked: uid=10065, vpn=DISCONNECTED,false
10-09 18:45:49.292  3114  3273 D ConnectivityService: filterNetworkStateForUid() uid: 10065, pid: 3114, networkInfo: [type: WIFI[], state: CONNECTED/CONNECTED, reason: (unspecified), extra: (none), failover: false, available: true, roaming: false]
10-09 18:45:49.292  3114  3273 D ConnectivityService: Vpn: getActiveNetworkForUidInternal: 10135, false, false, DISCONNECTED
10-09 18:45:49.292  3114  3273 D ConnectivityService: isNetworkWithLinkPropertiesBlocked: uid=10135, vpn=DISCONNECTED,false
10-09 18:45:49.293  3114  3273 D ConnectivityService: filterNetworkStateForUid() uid: 10086, pid: 3114
10-09 18:45:49.293  3114  3273 D ConnectivityService: isNetworkWithLinkPropertiesBlocked: uid=10086, vpn=DISCONNECTED,false
10-09 18:45:49.294  3114  3273 D ConnectivityService: filterNetworkStateForUid() uid: 10086, pid: 3114, networkInfo: [type: WIFI[], state: CONNECTED/CONNECTED, reason: (unspecified), extra: (none), failover: false, available: true, roaming: false]
10-09 18:45:49.294  3114  3273 D ConnectivityService: filterNetworkStateForUid() uid: 10091, pid: 3114
10-09 18:45:49.294  3114  3273 D ConnectivityService: isNetworkWithLinkPropertiesBlocked: uid=10091, vpn=DISCONNECTED,false
10-09 18:45:49.294  3114  3273 D ConnectivityService: filterNetworkStateForUid() uid: 10091, pid: 3114, networkInfo: [type: WIFI[], state: CONNECTED/CONNECTED, reason: (unspecified), extra: (none), failover: false, available: true, roaming: false]
10-09 18:45:49.295  3114  3273 D ConnectivityService: Vpn: getActiveNetworkForUidInternal: 10135, false, false, DISCONNECTED
10-09 18:45:49.295  3114  3273 D ConnectivityService: isNetworkWithLinkPropertiesBlocked: uid=10135, vpn=DISCONNECTED,false
10-09 18:45:49.295  3114  3273 D ConnectivityService: filterNetworkStateForUid() uid: 10021, pid: 3114
10-09 18:45:49.295  3114  3273 D ConnectivityService: isNetworkWithLinkPropertiesBlocked: uid=10021, vpn=DISCONNECTED,false
10-09 18:45:49.295  3114  3273 D ConnectivityService: filterNetworkStateForUid() uid: 10021, pid: 3114, networkInfo: [type: WIFI[], state: CONNECTED/CONNECTED, reason: (unspecified), extra: (none), failover: false, available: true, roaming: false]
10-09 18:45:49.295  3114  3273 D ConnectivityService: filterNetworkStateForUid() uid: 10065, pid: 3114
10-09 18:45:49.295  3114  3273 D ConnectivityService: isNetworkWithLinkPropertiesBlocked: uid=10065, vpn=DISCONNECTED,false
10-09 18:45:49.296  3114  3273 D ConnectivityService: filterNetworkStateForUid() uid: 10065, pid: 3114, networkInfo: [type: WIFI[], state: CONNECTED/CONNECTED, reason: (unspecified), extra: (none), failover: false, available: true, roaming: false]
10-09 18:45:49.296  3114  3273 D ConnectivityService: Vpn: getActiveNetworkForUidInternal: 10093, false, false, DISCONNECTED
10-09 18:45:49.296  3114  3273 D ConnectivityService: isNetworkWithLinkPropertiesBlocked: uid=10093, vpn=DISCONNECTED,false
10-09 18:45:49.296  3114  3273 D ConnectivityService: filterNetworkStateForUid() uid: 10038, pid: 3114
10-09 18:45:49.296  3114  3273 D ConnectivityService: isNetworkWithLinkPropertiesBlocked: uid=10038, vpn=DISCONNECTED,false
10-09 18:45:49.296  3114  3273 D ConnectivityService: filterNetworkStateForUid() uid: 10038, pid: 3114, networkInfo: [type: WIFI[], state: CONNECTED/CONNECTED, reason: (unspecified), extra: (none), failover: false, available: true, roaming: false]
10-09 18:45:49.296  3114  3273 D ConnectivityService: filterNetworkStateForUid() uid: 10086, pid: 3114
10-09 18:45:49.296  3114  3273 D ConnectivityService: isNetworkWithLinkPropertiesBlocked: uid=10086, vpn=DISCONNECTED,false
10-09 18:45:49.296  3114  3273 D ConnectivityService: filterNetworkStateForUid() uid: 10086, pid: 3114, networkInfo: [type: WIFI[], state: CONNECTED/CONNECTED, reason: (unspecified), extra: (none), failover: false, available: true, roaming: false]
10-09 18:45:49.296  3114  3273 D ConnectivityService: filterNetworkStateForUid() uid: 1000, pid: 3114
10-09 18:45:49.296  3114  3273 D ConnectivityService: filterNetworkStateForUid() uid: 1000, pid: 3114, networkInfo: [type: WIFI[], state: CONNECTED/CONNECTED, reason: (unspecified), extra: (none), failover: false, available: true, roaming: false]
10-09 18:45:49.296  3114  3273 D ConnectivityService: filterNetworkStateForUid() uid: 10021, pid: 3114
10-09 18:45:49.296  3114  3273 D ConnectivityService: isNetworkWithLinkPropertiesBlocked: uid=10021, vpn=DISCONNECTED,false
10-09 18:45:49.297  3114  3273 D ConnectivityService: filterNetworkStateForUid() uid: 10021, pid: 3114, networkInfo: [type: WIFI[], state: CONNECTED/CONNECTED, reason: (unspecified), extra: (none), failover: false, available: true, roaming: false]
10-09 18:45:49.297  3114  3273 D ConnectivityService: filterNetworkStateForUid() uid: 10086, pid: 3114
10-09 18:45:49.297  3114  3273 D ConnectivityService: isNetworkWithLinkPropertiesBlocked: uid=10086, vpn=DISCONNECTED,false
10-09 18:45:49.297  3114  3273 D ConnectivityService: filterNetworkStateForUid() uid: 10086, pid: 3114, networkInfo: [type: WIFI[], state: CONNECTED/CONNECTED, reason: (unspecified), extra: (none), failover: false, available: true, roaming: false]
10-09 18:45:49.297  3114  3273 D ConnectivityService: filterNetworkStateForUid() uid: 10021, pid: 3114
10-09 18:45:49.297  3114  3273 D ConnectivityService: isNetworkWithLinkPropertiesBlocked: uid=10021, vpn=DISCONNECTED,false
10-09 18:45:49.297  3114  3273 D ConnectivityService: filterNetworkStateForUid() uid: 10021, pid: 3114, networkInfo: [type: WIFI[], state: CONNECTED/CONNECTED, reason: (unspecified), extra: (none), failover: false, available: true, roaming: false]
10-09 18:45:49.297  3114  3273 D ConnectivityService: filterNetworkStateForUid() uid: 10065, pid: 3114
10-09 18:45:49.297  3114  3273 D ConnectivityService: isNetworkWithLinkPropertiesBlocked: uid=10065, vpn=DISCONNECTED,false
10-09 18:45:49.297  3114  3273 D ConnectivityService: filterNetworkStateForUid() uid: 10065, pid: 3114, networkInfo: [type: WIFI[], state: CONNECTED/CONNECTED, reason: (unspecified), extra: (none), failover: false, available: true, roaming: false]
10-09 18:45:49.298  3114  3273 D ConnectivityService: filterNetworkStateForUid() uid: 10018, pid: 3114
10-09 18:45:49.298  3114  3273 D ConnectivityService: isNetworkWithLinkPropertiesBlocked: uid=10018, vpn=DISCONNECTED,false
10-09 18:45:49.298  3114  3273 D ConnectivityService: filterNetworkStateForUid() uid: 10018, pid: 3114, networkInfo: [type: WIFI[], state: CONNECTED/CONNECTED, reason: (unspecified), extra: (none), failover: false, available: true, roaming: false]
10-09 18:45:49.298  3114  3273 D ConnectivityService: filterNetworkStateForUid() uid: 10086, pid: 3114
10-09 18:45:49.298  3114  3273 D ConnectivityService: isNetworkWithLinkPropertiesBlocked: uid=10086, vpn=DISCONNECTED,false
10-09 18:45:49.298  3114  3273 D ConnectivityService: filterNetworkStateForUid() uid: 10086, pid: 3114, networkInfo: [type: WIFI[], state: CONNECTED/CONNECTED, reason: (unspecified), extra: (none), failover: false, available: true, roaming: false]
10-09 18:45:49.298  3114  3273 D ConnectivityService: Vpn: getActiveNetworkForUidInternal: 10037, false, false, DISCONNECTED
10-09 18:45:49.298  3114  3273 D ConnectivityService: isNetworkWithLinkPropertiesBlocked: uid=10037, vpn=DISCONNECTED,false
10-09 18:45:49.298  3114  3273 D ConnectivityService: filterNetworkStateForUid() uid: 10037, pid: 3114
10-09 18:45:49.298  3114  3273 D ConnectivityService: isNetworkWithLinkPropertiesBlocked: uid=10037, vpn=DISCONNECTED,false
10-09 18:45:49.298  3114  3273 D ConnectivityService: filterNetworkStateForUid() uid: 10037, pid: 3114, networkInfo: [type: WIFI[], state: CONNECTED/CONNECTED, reason: (unspecified), extra: (none), failover: false, available: true, roaming: false]
10-09 18:45:49.298  3114  3273 D ConnectivityService: Vpn: getActiveNetworkForUidInternal: 10113, false, false, DISCONNECTED
10-09 18:45:49.299  3114  3273 D ConnectivityService: isNetworkWithLinkPropertiesBlocked: uid=10113, vpn=DISCONNECTED,false
10-09 18:45:49.299  3114  3273 D ConnectivityService: filterNetworkStateForUid() uid: 10065, pid: 3114
10-09 18:45:49.299  3114  3273 D ConnectivityService: isNetworkWithLinkPropertiesBlocked: uid=10065, vpn=DISCONNECTED,false
10-09 18:45:49.299  3114  3273 D ConnectivityService: filterNetworkStateForUid() uid: 10065, pid: 3114, networkInfo: [type: WIFI[], state: CONNECTED/CONNECTED, reason: (unspecified), extra: (none), failover: false, available: true, roaming: false]
10-09 18:45:49.299  3114  3273 D ConnectivityService: Vpn: getActiveNetworkForUidInternal: 10089, false, false, DISCONNECTED
10-09 18:45:49.299  3114  3273 D ConnectivityService: isNetworkWithLinkPropertiesBlocked: uid=10089, vpn=DISCONNECTED,false
10-09 18:45:49.299  3114  3273 D ConnectivityService: Vpn: getActiveNetworkForUidInternal: 10099, false, false, DISCONNECTED
10-09 18:45:49.299  3114  3273 D ConnectivityService: isNetworkWithLinkPropertiesBlocked: uid=10099, vpn=DISCONNECTED,false
10-09 18:45:49.300  3114  6491 D GameManagerService: identifyGamePackage. com.example.myapplication, mCurrentUserId: 0, callerUserId: 0
10-09 18:45:49.300  3114  6491 D GamePkgDataHelper: getGamePkgData(). com.example.myapplication
10-09 18:45:49.302  4596  4596 I SKBD    : cmt KeyboardView init() : load resources
10-09 18:45:49.309  4596  4596 I SKBD    : bjx View received from Keyboard Type Factory. View = cmw{fa9107a V.ED..... ........ 0,0-0,0 #7f0a024c app:id/keyboardView}
10-09 18:45:49.309  4596  4596 I SKBD    : cna getCurrentKeyboard
10-09 18:45:49.309  4596  4596 I SKBD    : cna setCurrentKeyboard
10-09 18:45:49.309  4596  4596 I SKBD    : cna setTextKeyboard
10-09 18:45:49.310  4596  4596 I SKBD    : bkn config.orientation :  1
10-09 18:45:49.310  4596  4596 I SKBD    : bkn isOrientationLandscape() :  false
10-09 18:45:49.310  4596  4596 I SKBD    : cpt isFloating : false, isTabletMode : false, isDexMode : false
10-09 18:45:49.310  4596  4596 I SKBD    : cpt Phone normal size data is created.
10-09 18:45:49.311  4596  4596 I SKBD    : bkn DisplayId is  0
10-09 18:45:49.311  4596  4596 I SKBD    : bkn getDisplaySize width is  720
10-09 18:45:49.311  4596  4596 I SKBD    : bkn getDisplaySize height is  1280
10-09 18:45:49.311  4596  4596 I SKBD    : bkn isOrientationLandscape()  false
10-09 18:45:49.311  4596  4596 I SKBD    : cpt getVirtualWidth: modifying virtualWidth as it is greater than deviceWidth
10-09 18:45:49.312  4596  4596 I SKBD    : bkn DisplayId is  0
10-09 18:45:49.312  4596  4596 I SKBD    : bkn getDisplaySize width is  720
10-09 18:45:49.312  4596  4596 I SKBD    : bkn getDisplaySize height is  1280
10-09 18:45:49.312  4596  4596 I SKBD    : bkn isOrientationLandscape()  false
10-09 18:45:49.312  4596  4596 I SKBD    : bkn Keyboard (1) : mFractionBaseWidth :  720
10-09 18:45:49.312  4596  4596 I SKBD    : bkn Keyboard (3) : mFractionBaseWidth :  720
10-09 18:45:49.313  4596  4596 I SKBD    : bkn [Resize] mFractionBaseWidth px(dp) 720 ( 360 ) mAdditionalLeftPadding  0 ( 0 )
10-09 18:45:49.314  4596  4596 I SKBD    : bkn [Resize]Row #  0  mTotalWidth  721
10-09 18:45:49.315  4596  4596 I SKBD    : bkn [Resize]Row #  1  mTotalWidth  721
10-09 18:45:49.316  4596  4596 I SKBD    : bkn [Resize]Row #  2  mTotalWidth  721
10-09 18:45:49.316  4596  4596 I SKBD    : bkn [Resize]Row #  3  mTotalWidth  721
10-09 18:45:49.318  4596  4596 I SKBD    : bkn [Resize] Row #  4  mTotalWidth  721
10-09 18:45:49.320  4596  4596 I SKBDC   : TymeCore aK2 9000e 0 0
10-09 18:45:49.321  4596  4596 I SKBDC   : TymeCore aKF 9000e 0
10-09 18:45:49.321  4596  4596 I SKBDC   : TymeCore sCK 9000e 0
10-09 18:45:49.321  4596  4596 W SKBDC   : TymeCore key count 43
10-09 18:45:49.321  4596  4596 E SKBDC   : SSTAC init()::current version is 2.11.02.U2.T1
10-09 18:45:49.321  4596  4596 E SKBDC   : SSTAC [init] mLanguageCode : 589838, tempLanguageCode : 589838, getPreloadLmLoadSuccessState() : 1
10-09 18:45:49.328  4596  4596 W SKBDC   : SSTAC SSTAC: 0 49 16 14 75 84
10-09 18:45:49.328  4596  4596 W SKBDC   : SSTAC SSTAC: 1 50 86 14 145 84
10-09 18:45:49.328  4596  4596 W SKBDC   : SSTAC SSTAC: 2 51 156 14 215 84
10-09 18:45:49.328  4596  4596 W SKBDC   : SSTAC SSTAC: 3 52 226 14 285 84
10-09 18:45:49.328  4596  4596 W SKBDC   : SSTAC SSTAC: 4 53 296 14 355 84
10-09 18:45:49.328  4596  4596 W SKBDC   : SSTAC SSTAC: 5 54 366 14 425 84
10-09 18:45:49.328  4596  4596 W SKBDC   : SSTAC SSTAC: 6 55 436 14 495 84
10-09 18:45:49.328  4596  4596 W SKBDC   : SSTAC SSTAC: 7 56 506 14 565 84
10-09 18:45:49.328  4596  4596 W SKBDC   : SSTAC SSTAC: 8 57 576 14 635 84
10-09 18:45:49.328  4596  4596 W SKBDC   : SSTAC SSTAC: 9 48 646 14 705 84
10-09 18:45:49.328  4596  4596 W SKBDC   : SSTAC SSTAC: 10 113 16 98 75 186
10-09 18:45:49.329  4596  4596 W SKBDC   : SSTAC SSTAC: 11 119 86 98 145 186
10-09 18:45:49.329  4596  4596 W SKBDC   : SSTAC SSTAC: 12 101 156 98 215 186
10-09 18:45:49.329  4596  4596 W SKBDC   : SSTAC SSTAC: 13 114 226 98 285 186
10-09 18:45:49.329  4596  4596 W SKBDC   : SSTAC SSTAC: 14 116 296 98 355 186
10-09 18:45:49.329  4596  4596 W SKBDC   : SSTAC SSTAC: 15 121 366 98 425 186
10-09 18:45:49.329  4596  4596 W SKBDC   : SSTAC SSTAC: 16 117 436 98 495 186
10-09 18:45:49.329  4596  4596 W SKBDC   : SSTAC SSTAC: 17 105 506 98 565 186
10-09 18:45:49.329  4596  4596 W SKBDC   : SSTAC SSTAC: 18 111 576 98 635 186
10-09 18:45:49.329  4596  4596 W SKBDC   : SSTAC SSTAC: 19 112 646 98 705 186
10-09 18:45:49.329  4596  4596 W SKBDC   : SSTAC SSTAC: 20 97 51 200 110 288
10-09 18:45:49.329  4596  4596 W SKBDC   : SSTAC SSTAC: 21 115 121 200 180 288
10-09 18:45:49.329  4596  4596 W SKBDC   : SSTAC SSTAC: 22 100 191 200 250 288
10-09 18:45:49.329  4596  4596 W SKBDC   : SSTAC SSTAC: 23 102 261 200 320 288
10-09 18:45:49.329  4596  4596 W SKBDC   : SSTAC SSTAC: 24 103 331 200 390 288
10-09 18:45:49.329  4596  4596 W SKBDC   : SSTAC SSTAC: 25 104 401 200 460 288
10-09 18:45:49.329  4596  4596 W SKBDC   : SSTAC SSTAC: 26 106 471 200 530 288
10-09 18:45:49.329  4596  4596 W SKBDC   : SSTAC SSTAC: 27 107 541 200 600 288
10-09 18:45:49.329  4596  4596 W SKBDC   : SSTAC SSTAC: 28 108 611 200 670 288
10-09 18:45:49.329  4596  4596 W SKBDC   : SSTAC SSTAC: 29 -400 16 302 99 390
10-09 18:45:49.329  4596  4596 W SKBDC   : SSTAC SSTAC: 30 122 121 302 180 390
10-09 18:45:49.329  4596  4596 W SKBDC   : SSTAC SSTAC: 31 120 191 302 250 390
10-09 18:45:49.329  4596  4596 W SKBDC   : SSTAC SSTAC: 32 99 261 302 320 390
10-09 18:45:49.329  4596  4596 W SKBDC   : SSTAC SSTAC: 33 118 331 302 390 390
10-09 18:45:49.329  4596  4596 W SKBDC   : SSTAC SSTAC: 34 98 401 302 460 390
10-09 18:45:49.329  4596  4596 W SKBDC   : SSTAC SSTAC: 35 110 471 302 530 390
10-09 18:45:49.329  4596  4596 W SKBDC   : SSTAC SSTAC: 36 109 541 302 600 390
10-09 18:45:49.329  4596  4596 W SKBDC   : SSTAC SSTAC: 37 -5 622 302 705 390
10-09 18:45:49.329  4596  4596 W SKBDC   : SSTAC SSTAC: 38 -102 16 404 110 492
10-09 18:45:49.329  4596  4596 W SKBDC   : SSTAC SSTAC: 39 -117 121 404 180 492
10-09 18:45:49.329  4596  4596 W SKBDC   : SSTAC SSTAC: 40 32 191 404 530 492
10-09 18:45:49.329  4596  4596 W SKBDC   : SSTAC SSTAC: 41 -122 541 404 600 492
10-09 18:45:49.329  4596  4596 W SKBDC   : SSTAC SSTAC: 42 10 611 404 705 492
10-09 18:45:49.329  4596  4596 I SKBDC   : TymeCore sCK: BuildTime = 0.0083s
10-09 18:45:49.330  4596  4596 W YODA    : YODA::setActivateKeypad(keypadCode=0, layoutType=44, keylayout=0xffdc3f80): DEPRECATED
10-09 18:45:49.338  4596  4596 I SKBD    : cpt setKeyboardVirtualNavigationBarHeightInPref value:0
10-09 18:45:49.338  3114  4300 D SecContentProvider: query(), uri = 17 selection = isSettingsChangesAllowed
10-09 18:45:49.339  3114  4300 D SecContentProvider: called from com.sec.android.inputmethod
10-09 18:45:49.339  3114  4300 D RestrictionPolicy: isSettingsChangesAllowedAsUser, userId 0 : true
10-09 18:45:49.341  4596  4596 I SKBD    : AbstractKeyboardView PopupWindow is created by AKV's preparePopupMiniKeyboard.
10-09 18:45:49.341  4596  4596 I SKBD    : aob [PF_OP]startInputViewHandleInitialStart  143722654
10-09 18:45:49.341  4596  4596 I SKBD_UnifiedIME: bde setToolbarVisibility, isVisible = true
10-09 18:45:49.342  4596  4596 I InputMethodService: Turn On Screen to show candidates in DEX mode
10-09 18:45:49.342  4596  4596 D InputMethodService: mDesktopModeManager null!
10-09 18:45:49.343  4596  4596 I SKBD    : bja Update SetupWizard State : complete
10-09 18:45:49.343  4596  4596 I SKBD_UnifiedIME: bde setToolbarVisibility, isVisible = true
10-09 18:45:49.345  4596 13469 I SKBD    : cpb [PF_KL][SIIC] getCursorCapsMode done  0
10-09 18:45:49.345  4596  4596 I SKBD    : asf [setInputLanguage] validLangId =  1701726018
10-09 18:45:49.345  4596  4596 I SKBD    : asf [setInputLanguage] TymeCore.setAutoCorrection :  false
10-09 18:45:49.345  4596  4596 I SKBD    : asf [setInputLanguage] TymeCore.setLanguageDB [2] [589838] [0]
10-09 18:45:49.345  4596  4596 I SKBDC   : TymeCore sLgD 2 cd856160 589838
10-09 18:45:49.345  4596  4596 I SKBD    : asf [setInputLanguage] TymeCore.setCurrentKeypad [0] [589838]
10-09 18:45:49.345  4596  4596 I SKBDC   : TymeCore sCK 9000e 0
10-09 18:45:49.346  4596  4596 W SKBDC   : TymeCore key count 43
10-09 18:45:49.346  4596  4596 I SKBDC   : TymeCore sCK: BuildTime = 0.0007s
10-09 18:45:49.347  4596  4596 I SKBD    : ayy getUmlautMap() languageCode : en_GB
10-09 18:45:49.347  4596  4596 I SKBD    : ayy getUmlautMap() umlautMap size : 0
10-09 18:45:49.347  4596  4596 I SKBD    : aob [PF_OP]startInputViewContinueHelper  5170307
10-09 18:45:49.348  4596  4596 I SKBD    : bja Update SetupWizard State : complete
10-09 18:45:49.348  4596  4596 I SKBD    : asf [setInputLanguage] validLangId =  1701726018
10-09 18:45:49.348  4596  4596 I SKBD    : asf [setInputLanguage] TymeCore.setAutoCorrection :  false
10-09 18:45:49.348  4596  4596 I SKBD    : asf [setInputLanguage] TymeCore.setLanguageDB [2] [589838] [0]
10-09 18:45:49.348  4596  4596 I SKBDC   : TymeCore sLgD 2 cd856160 589838
10-09 18:45:49.349  4596  4596 I SKBD    : asf [setInputLanguage] TymeCore.setCurrentKeypad [0] [589838]
10-09 18:45:49.349  4596  4596 I SKBDC   : TymeCore sCK 9000e 0
10-09 18:45:49.349  4596  4596 W SKBDC   : TymeCore key count 43
10-09 18:45:49.349  4596  4596 I SKBDC   : TymeCore sCK: BuildTime = 0.0003s
10-09 18:45:49.350  4596  4596 I SKBD    : cna getCurrentKeyboard
10-09 18:45:49.350  4596  4596 I SKBD    : cna setCurrentKeyboard
10-09 18:45:49.350  4596  4596 I SKBD    : cna setTextKeyboard
10-09 18:45:49.350  4596  4596 E SKBD    : cna get previous
10-09 18:45:49.351  4596  4596 I SKBDC   : TymeCore aK2 9000e 0 0
10-09 18:45:49.352  4596  4596 I SKBDC   : TymeCore aKF 9000e 0
10-09 18:45:49.352  4596  4596 I SKBDC   : TymeCore sCK 9000e 0
10-09 18:45:49.352  4596  4596 W SKBDC   : TymeCore key count 43
10-09 18:45:49.352  4596  4596 I SKBDC   : TymeCore sCK: BuildTime = 0.0003s
10-09 18:45:49.353  4596  4596 W YODA    : YODA::setActivateKeypad(keypadCode=0, layoutType=44, keylayout=0xffdc41d0): DEPRECATED
10-09 18:45:49.359  4596  4596 I SKBD    : cpb [PF_KL][SIIC] getCursorCapsMode done  0
10-09 18:45:49.360  4596  4596 I SKBD    : bmp startInputViewShowTips: true true
10-09 18:45:49.360  4596  4596 I SKBD    : bmp startInputViewShowTips: conditions for show dialog : true false true
10-09 18:45:49.360  4596  4596 I SKBD    : bcc getDefaultInputRange : UNKNOWN
10-09 18:45:49.360  4596  4596 I SKBD    : byg hide keyboard size and transparency
10-09 18:45:49.360  4596  4596 I SKBD    : aob sendBroadcastSIPShown()
10-09 18:45:49.361  4596  4596 I SKBD    : bja Update SetupWizard State : complete
10-09 18:45:49.361  4596  4596 I SKBD    : bja Update SetupWizard State : complete
10-09 18:45:49.361  4596  4596 I SKBD    : biq force network blocking under CSC : STH
10-09 18:45:49.361  4596  4596 I SKBD    : bja Update SetupWizard State : complete
10-09 18:45:49.361  4596  4596 I SKBD    : biq force network blocking under CSC : STH
10-09 18:45:49.361  4596  4596 I SKBD    : bja Update SetupWizard State : complete
10-09 18:45:49.362  4596  4596 I SKBD    : bja Update SetupWizard State : complete
10-09 18:45:49.362  4596  4596 I SKBD    : cyn getTriggerIndex : 3
10-09 18:45:49.362  4596  4596 I SKBD    : bja Update SetupWizard State : complete
10-09 18:45:49.362  4596  4596 I chatty  : uid=10143(com.sec.android.inputmethod) identical 2 lines
10-09 18:45:49.362  4596  4596 I SKBD    : bja Update SetupWizard State : complete
10-09 18:45:49.365  4596 13471 I SKBD    : cpc InputMethodSubtype is set as local:en_GB
10-09 18:45:49.365  4596  4596 I SKBD    : bja Update SetupWizard State : complete
10-09 18:45:49.366  4596  4596 I chatty  : uid=10143(com.sec.android.inputmethod) identical 9 lines
10-09 18:45:49.367  4596  4596 I SKBD    : bja Update SetupWizard State : complete
10-09 18:45:49.367  4596  4596 I SKBD    : aoq theme : current Theme index :  285212672
10-09 18:45:49.367  4596  4596 I SKBD    : bja Update SetupWizard State : complete
10-09 18:45:49.368  4596  4596 V InputMethodManager: Not IME target window, ignoring
10-09 18:45:49.368  4596  4596 I SKBD    : biq force network blocking under CSC : STH
10-09 18:45:49.368  4596  4596 V InputMethodManager: Not IME target window, ignoring
10-09 18:45:49.369  4596  4596 I SKBD    : biq force network blocking under CSC : STH
10-09 18:45:49.369  4596  4596 V InputMethodManager: Not IME target window, ignoring
10-09 18:45:49.369  4596  4596 V InputMethodManager: Not IME target window, ignoring
10-09 18:45:49.370  4596  4596 I SKBD    : bja Update SetupWizard State : complete
10-09 18:45:49.370  4596  4596 I SKBD    : aoq theme : current Theme index :  285212672
10-09 18:45:49.370  4596  4596 V InputMethodManager: Not IME target window, ignoring
10-09 18:45:49.371  4596  4596 V InputMethodManager: Not IME target window, ignoring
10-09 18:45:49.371  4596  4596 I SKBD    : biq force network blocking under CSC : STH
10-09 18:45:49.371  4596  4596 I SKBD    : biq force network blocking under CSC : STH
10-09 18:45:49.372  4596  4596 I SKBD_Performance: [IIManager] [PF_OP][updateToolbarPage] 10991462
10-09 18:45:49.373  4596  4596 I SKBD    : bja Update SetupWizard State : complete
10-09 18:45:49.373  4596  4596 I SKBD_Performance: [IIManager] [PF_OP][onStartInputView] 198209731
10-09 18:45:49.373  4596  4596 V InputMethodService: showSoftInput(), flags : 1
10-09 18:45:49.373  4596  4596 D InputMethodService: mDesktopModeManager null!
10-09 18:45:49.374  4596  4596 D InputMethodService: SWI - SIR true, mIVS : true
10-09 18:45:49.374  4596  4596 D InputMethodService: AxT9IME.sendInputViewShownState(): true
10-09 18:45:49.374  4596  4596 D InputMethodService: AxT9IME.IS_VISIBLE_CANDIDATE(): 0
10-09 18:45:49.376  3114  4287 D InputMethodManagerService: setImeWindowStatus(), vis : 3 backDisposition : 0
10-09 18:45:49.376  3114  4287 D InputMethodManagerService: isImeSwitcherDisabledPackage : false
10-09 18:45:49.376  3114  4287 D InputMethodManagerService: shouldShowImeSwitcherLocked : checking vis : 3
10-09 18:45:49.377  3114  4287 D InputMethodManagerService: mDesktopModeManager null!
10-09 18:45:49.377  3114  4287 D InputMethodManagerService: updateSystemUiLocked 0
10-09 18:45:49.377  3114  4287 D InputMethodManagerService: updateSystemUiLocked(), setImeWindowStatusToType, vis : 3 backDisposition : 0
10-09 18:45:49.378  4596  4596 D InputMethodManager: setImeWindowStatus(), vis : 3 backDisposition : 0
10-09 18:45:49.378  4596  4596 D InputMethodService: showSoftInput(), setImeWindowStatus,isInputViewShown():true mBackDisposition :0
10-09 18:45:49.384  3114  4287 V WindowManager: Relayout Window{c1edc3b u0 InputMethod}: viewVisibility=0 req=720x1232 {(0,0)(fillxwrap) gr=BOTTOM CENTER_VERTICAL sim={adjust=pan} ty=INPUT_METHOD fmt=TRANSPARENT wanim=0x7f1300f5
10-09 18:45:49.384  3114  4287 V WindowManager:   fl=81800108
10-09 18:45:49.384  3114  4287 V WindowManager:   vsysui=10 dimDuration=150 naviIconColor=0
10-09 18:45:49.384  3114  4287 V WindowManager:   sfl=800}
10-09 18:45:49.390  4596  4596 D ViewRootImpl@86be517[InputMethod]: Relayout returned: old=[0,48][720,1280] new=[0,48][720,1280] result=0x1 surface={true 3917983744} changed=false
10-09 18:45:49.436  4596  4596 I SKBD    : AbstractKeyboardView drawAllKey nanoTime= 41056846, isOrientationLandscape() = false
10-09 18:45:49.436  4596  4596 I SKBD_Performance: [IIManager] [PF_OP][onBufferDraw] 43936308
10-09 18:45:49.439  4596  4596 I SKBD    : bja Update SetupWizard State : complete
10-09 18:45:49.439  4596  4596 I SKBD    : bja Update SetupWizard State : complete
10-09 18:45:49.439  4596  4596 I SKBD    : biq force network blocking under CSC : STH
10-09 18:45:49.440  4596  4596 I SKBD    : bja Update SetupWizard State : complete
10-09 18:45:49.440  4596  4596 I SKBD    : biq force network blocking under CSC : STH
10-09 18:45:49.440  4596  4596 I SKBD    : bja Update SetupWizard State : complete
10-09 18:45:49.440  4596  4596 I SKBD    : bja Update SetupWizard State : complete
10-09 18:45:49.440  4596  4596 I SKBD    : cyn getTriggerIndex : 3
10-09 18:45:49.440  4596  4596 I SKBD    : bja Update SetupWizard State : complete
10-09 18:45:49.444  4596  4596 I chatty  : uid=10143(com.sec.android.inputmethod) identical 13 lines
10-09 18:45:49.444  4596  4596 I SKBD    : bja Update SetupWizard State : complete
10-09 18:45:49.444  4596  4596 I SKBD    : aoq theme : current Theme index :  285212672
10-09 18:45:49.444  4596  4596 I SKBD    : bja Update SetupWizard State : complete
10-09 18:45:49.445  4596  4596 V InputMethodManager: Not IME target window, ignoring
10-09 18:45:49.445  4596  4596 I chatty  : uid=10143(com.sec.android.inputmethod) identical 2 lines
10-09 18:45:49.445  4596  4596 V InputMethodManager: Not IME target window, ignoring
10-09 18:45:49.446  4596  4596 I SKBD    : bja Update SetupWizard State : complete
10-09 18:45:49.446  4596  4596 I SKBD    : aoq theme : current Theme index :  285212672
10-09 18:45:49.446  4596  4596 V InputMethodManager: Not IME target window, ignoring
10-09 18:45:49.446  4596  4596 V InputMethodManager: Not IME target window, ignoring
10-09 18:45:49.446  4596  4596 I SKBD    : biq force network blocking under CSC : STH
10-09 18:45:49.446  4596  4596 I SKBD    : biq force network blocking under CSC : STH
10-09 18:45:49.447  4596  4596 I SKBD_Performance: [IIManager] [PF_OP][updateToolbarPage] 7948884
10-09 18:45:49.450  4596  4596 I SKBD    : and isTosAccept true
10-09 18:45:49.451  4596  4596 I SKBD    : bhx getNetworkState : 2
10-09 18:45:49.451  4596  4596 I SKBD    : bmp getDownloadedLanguageListBeforeEngineChanged : []
10-09 18:45:49.461  4596  4596 I InputMethodService: Turn On Screen to show candidates in DEX mode
10-09 18:45:49.461  4596  4596 D InputMethodService: mDesktopModeManager null!
10-09 18:45:49.520  3114  3268 D WifiTrafficPoller: TrafficStats TxPkts=485951 RxPkts=366161 TxBytes=277759423 RxBytes=113885092 , Foreground uid=10207 pkgName=com.example.myapplication TxPackets=9 RxPackets=9 TxBytes=1688 RxBytes=4926
10-09 18:45:49.623  3114  3239 D InputReader: Input event(5): value=1 when=21342.614170
10-09 18:45:49.624  3114  3239 I InputReader: Touch event's action is 0x0 (deviceType=0) [pCnt=1, s=0.1712 ] when=21342.614170
10-09 18:45:49.624  3114  3238 I InputDispatcher: Delivering touch to (3479): action: 0x4, displayId: 0, '4a0a87e', toolType: 1
10-09 18:45:49.624  3114  3238 I clp-JNI : Add pinfo) 0
10-09 18:45:49.624  3114  3238 I InputDispatcher: Delivering touch to (4596): action: 0x0, displayId: 0, 'c1edc3b', toolType: 1
10-09 18:45:49.624  4596  4596 D ViewRootImpl@86be517[InputMethod]: ViewPostIme pointer 0
10-09 18:45:49.625  3114  3238 D PowerManagerService: [api] userActivityFromNative : 570 (event: 2 flags: 0) eventTime = 21342614
10-09 18:45:49.625  4596  4596 I SKBD    : byp [PF_KL][getKeyIndexAndNearbyCodes] 311846, In Tyme, getSimpleKeyIndexAndNearbyCodes
10-09 18:45:49.632  4596  4596 I SKBD_Performance: AbstractKeyboardView [PF_KL] onTouchEvent  0 1 7 7181192
10-09 18:45:49.672  3114  3239 D InputReader: Input event(5): value=0 when=21342.662944
10-09 18:45:49.672  3114  3239 I InputReader: Touch event's action is 0x1 (deviceType=0) [pCnt=1, s=] when=21342.662944
10-09 18:45:49.672  3114  3238 I clp-JNI : Add pinfo) c1edc3b InputMethod (server) : AppWindowToken{db5b7f5 token=Token{b14212c ActivityRecord{6a820df u0 com.example.myapplication/.MainActivity t87}}} : 4596 : 10143 : 1
10-09 18:45:49.673  3114  3238 I clp-JNI : Add pinfo) 1
10-09 18:45:49.673  3114  3238 I InputDispatcher: Delivering touch to (4596): action: 0x1, displayId: 0, 'c1edc3b', toolType: 1
10-09 18:45:49.674  4596  4596 D ViewRootImpl@86be517[InputMethod]: ViewPostIme pointer 1
10-09 18:45:49.676  4596  4596 I SKBD    : [ATIM] [ppfockfsk] IMI,25,IR,0
10-09 18:45:49.678  4596  4596 I SKBD    : [IIManager] IIfo SI [il:0x656e4742] [p:0] [c:0] [t:0] [im:0/0/0/0/0/0] [sC:0] [aC:1] [sS:0] [aS:1] [aP:0] [pW:1] [eM:0] [uR:0] [acI:0] [iT:81] [iO:c000005] [pID:13395] [pO:null]
10-09 18:45:49.678  4596  4596 I SKBD    : [IIManager] IIfo II [ir:0] [rand:426ff3ccac224f5baca5d820f50863e0] [hC:0] [hI:0] [tr:0] [tc:0] [long:0] [cpl:1] [xyD:0/0] [xycD:-3/17] [kWHG:59/88/11] [tD:48] [tP:4] [fil:true] [IC:1/18] [cB:1/0]
10-09 18:45:49.679  4596  4596 I SKBD    : cpb [SIIC] commitText :  true ,  2
10-09 18:45:49.682  4596  4596 I SKBD    : [ATIM] [PF_KL][onCharacterKey]  6
10-09 18:45:49.682  4596  4596 I SKBD    : atu [PF_KL][onKeyHandleNormalKey::onCharacterKey] 5408962
10-09 18:45:49.682  4596  4596 I SKBD    : aob [PF_KL][onKey] 5589346
10-09 18:45:49.682  4596  4596 I SKBD_Performance: AbstractKeyboardView [PF_KL] onTouchEvent  1 2 8 7954846
10-09 18:45:49.690  4596  4596 I SKBD    : [ATIM] [updateSelectionForInputModule] oldSelStart : 0, oldSelEnd : 0, newSelStart : 1, newSelEnd : 1, candidatesStart : -1, candidatesEnd : -1, viewClicked : false
10-09 18:45:49.690  4596  4596 I SKBD    : [ATIM] [updateSelectionForInputModule] isTyping : true, viewClicked : false, isKBDShown : true
10-09 18:45:49.711  4596  4596 I SKBD    : cpb [PF_KL][SIIC] getCursorCapsMode done  0
10-09 18:45:49.715  3114  3239 D InputReader: Input event(5): value=1 when=21342.705264
10-09 18:45:49.715  3114  3239 I InputReader: Touch event's action is 0x0 (deviceType=0) [pCnt=1, s=0.1713 ] when=21342.705264
10-09 18:45:49.715  3114  3238 I InputDispatcher: Delivering touch to (3479): action: 0x4, displayId: 0, '4a0a87e', toolType: 1
10-09 18:45:49.715  3114  3238 I clp-JNI : Add pinfo) 0
10-09 18:45:49.715  4596  4596 D ViewRootImpl@86be517[InputMethod]: ViewPostIme pointer 0
10-09 18:45:49.715  3114  3238 I InputDispatcher: Delivering touch to (4596): action: 0x0, displayId: 0, 'c1edc3b', toolType: 1
10-09 18:45:49.716  4596  4596 I SKBD    : byp [PF_KL][getKeyIndexAndNearbyCodes] 175231, In Tyme, getSimpleKeyIndexAndNearbyCodes
10-09 18:45:49.721  4596  4596 I SKBD_Performance: AbstractKeyboardView [PF_KL] onTouchEvent  0 1 5 5221269
10-09 18:45:49.772  3114  3239 D InputReader: Input event(5): value=0 when=21342.763187
10-09 18:45:49.772  3114  3239 I InputReader: Touch event's action is 0x1 (deviceType=0) [pCnt=1, s=] when=21342.763187
10-09 18:45:49.773  3114  3238 I clp-JNI : Add pinfo) c1edc3b InputMethod (server) : AppWindowToken{db5b7f5 token=Token{b14212c ActivityRecord{6a820df u0 com.example.myapplication/.MainActivity t87}}} : 4596 : 10143 : 1
10-09 18:45:49.773  3114  3238 I clp-JNI : Add pinfo) 1
10-09 18:45:49.773  3114  3238 I InputDispatcher: Delivering touch to (4596): action: 0x1, displayId: 0, 'c1edc3b', toolType: 1
10-09 18:45:49.774  4596  4596 D ViewRootImpl@86be517[InputMethod]: ViewPostIme pointer 1
10-09 18:45:49.776  4596  4596 I SKBD    : [ATIM] [ppfockfsk] IMI,25,IR,0
10-09 18:45:49.777  4596  4596 I SKBD    : [IIManager] IIfo SI [il:0x656e4742] [p:0] [c:0] [t:0] [im:0/0/0/0/0/0] [sC:0] [aC:1] [sS:0] [aS:1] [aP:0] [pW:1] [eM:0] [uR:0] [acI:0] [iT:81] [iO:c000005] [pID:13395] [pO:null]
10-09 18:45:49.777  4596  4596 I SKBD    : [IIManager] IIfo II [ir:0] [rand:d7e7608198ea471ba26e32c82b4df983] [hC:0] [hI:0] [tr:0] [tc:0] [long:0] [cpl:1] [xyD:0/0] [xycD:-4/11] [kWHG:59/88/11] [tD:58] [tP:3] [fil:true] [IC:0/0] [cB:0/0]
10-09 18:45:49.778  4596  4596 I SKBD    : cpb [SIIC] commitText :  true ,  1
10-09 18:45:49.778  4596  4596 I SKBD    : [ATIM] [PF_KL][onCharacterKey]  2
10-09 18:45:49.779  4596  4596 I SKBD    : atu [PF_KL][onKeyHandleNormalKey::onCharacterKey] 2385116
10-09 18:45:49.779  4596  4596 I SKBD    : aob [PF_KL][onKey] 2548423
10-09 18:45:49.779  4596  4596 I SKBD_Performance: AbstractKeyboardView [PF_KL] onTouchEvent  1 1 5 4746461
