10-09 18:45:50.832  3114  3239 I InputReader: Touch event's action is 0x1 (deviceType=0) [pCnt=1, s=] when=21343.822953
10-09 18:45:50.832  3114  3238 I clp-JNI : Add pinfo) c1edc3b InputMethod (server) : AppWindowToken{db5b7f5 token=Token{b14212c ActivityRecord{6a820df u0 com.example.myapplication/.MainActivity t87}}} : 4596 : 10143 : 1
10-09 18:45:50.833  3114  3238 I clp-JNI : Add pinfo) 1
10-09 18:45:50.833  3114  3238 I InputDispatcher: Delivering touch to (4596): action: 0x1, displayId: 0, 'c1edc3b', toolType: 1
10-09 18:45:50.833  4596  4596 D ViewRootImpl@86be517[InputMethod]: ViewPostIme pointer 1
10-09 18:45:50.836  4596  4596 I SKBD    : [ATIM] [ppfockfsk] IMI,25,IR,0
10-09 18:45:50.837  4596  4596 I SKBD    : [IIManager] IIfo SI [il:0x656e4742] [p:0] [c:0] [t:0] [im:0/0/0/0/0/0] [sC:0] [aC:1] [sS:0] [aS:1] [aP:0] [pW:1] [eM:0] [uR:0] [acI:0] [iT:81] [iO:4000006] [pID:13395] [pO:null]
10-09 18:45:50.837  4596  4596 I SKBD    : [IIManager] IIfo II [ir:0] [rand:dd1fc848f410435189f3195453453a02] [hC:0] [hI:0] [tr:0] [tc:0] [long:0] [cpl:1] [xyD:0/0] [xycD:10/13] [kWHG:59/88/11] [tD:65] [tP:3] [fil:true] [IC:0/0] [cB:0/0]
10-09 18:45:50.838  4596  4596 I SKBD    : cpb [SIIC] commitText :  true ,  2
10-09 18:45:50.838  4596  4596 I SKBD    : [ATIM] [PF_KL][onCharacterKey]  2
10-09 18:45:50.838  4596  4596 I SKBD    : atu [PF_KL][onKeyHandleNormalKey::onCharacterKey] 2662731
10-09 18:45:50.838  4596  4596 I SKBD    : aob [PF_KL][onKey] 2831154
10-09 18:45:50.838  4596  4596 I SKBD_Performance: AbstractKeyboardView [PF_KL] onTouchEvent  1 2 5 4821500
10-09 18:45:50.843  4596  4596 I SKBD    : [ATIM] [updateSelectionForInputModule] oldSelStart : 1, oldSelEnd : 1, newSelStart : 2, newSelEnd : 2, candidatesStart : -1, candidatesEnd : -1, viewClicked : false
10-09 18:45:50.843  4596  4596 I SKBD    : [ATIM] [updateSelectionForInputModule] isTyping : true, viewClicked : false, isKBDShown : true
10-09 18:45:50.863  4596  4596 I SKBD    : cpb [PF_KL][SIIC] getCursorCapsMode done  0
10-09 18:45:50.900  3114  3239 D InputReader: Input event(5): value=1 when=21343.890915
10-09 18:45:50.900  3114  3239 I InputReader: Touch event's action is 0x0 (deviceType=0) [pCnt=1, s=0.1719 ] when=21343.890915
10-09 18:45:50.901  3114  3238 I InputDispatcher: Delivering touch to (3479): action: 0x4, displayId: 0, '4a0a87e', toolType: 1
10-09 18:45:50.901  3114  3238 I clp-JNI : Add pinfo) 0
10-09 18:45:50.901  3114  3238 I InputDispatcher: Delivering touch to (4596): action: 0x0, displayId: 0, 'c1edc3b', toolType: 1
10-09 18:45:50.901  4596  4596 D ViewRootImpl@86be517[InputMethod]: ViewPostIme pointer 0
10-09 18:45:50.902  4596  4596 I SKBD    : byp [PF_KL][getKeyIndexAndNearbyCodes] 392154, In Tyme, getSimpleKeyIndexAndNearbyCodes
10-09 18:45:50.906  4596  4596 I SKBD_Performance: AbstractKeyboardView [PF_KL] onTouchEvent  0 2 4 4061846
10-09 18:45:50.992  3114  3239 D InputReader: Input event(5): value=0 when=21343.982253
10-09 18:45:50.992  3114  3239 I InputReader: Touch event's action is 0x1 (deviceType=0) [pCnt=1, s=] when=21343.982253
10-09 18:45:50.992  3114  3238 I clp-JNI : Add pinfo) c1edc3b InputMethod (server) : AppWindowToken{db5b7f5 token=Token{b14212c ActivityRecord{6a820df u0 com.example.myapplication/.MainActivity t87}}} : 4596 : 10143 : 1
10-09 18:45:50.992  3114  3238 I clp-JNI : Add pinfo) 1
10-09 18:45:50.992  3114  3238 I InputDispatcher: Delivering touch to (4596): action: 0x1, displayId: 0, 'c1edc3b', toolType: 1
10-09 18:45:50.992  4596  4596 D ViewRootImpl@86be517[InputMethod]: ViewPostIme pointer 1
10-09 18:45:50.995  4596  4596 I SKBD    : [ATIM] [ppfockfsk] IMI,25,IR,0
10-09 18:45:50.996  4596  4596 I SKBD    : [IIManager] IIfo SI [il:0x656e4742] [p:0] [c:0] [t:0] [im:0/0/0/0/0/0] [sC:0] [aC:1] [sS:0] [aS:1] [aP:0] [pW:1] [eM:0] [uR:0] [acI:0] [iT:81] [iO:4000006] [pID:13395] [pO:null]
10-09 18:45:50.996  4596  4596 I SKBD    : [IIManager] IIfo II [ir:0] [rand:b4c0c262ef3049e781bb5254227c4b0c] [hC:0] [hI:0] [tr:0] [tc:0] [long:0] [cpl:1] [xyD:0/0] [xycD:28/20] [kWHG:59/88/11] [tD:92] [tP:4] [fil:true] [IC:0/0] [cB:0/0]
10-09 18:45:50.997  4596  4596 I SKBD    : cpb [SIIC] commitText :  true ,  2
10-09 18:45:50.998  4596  4596 I SKBD    : [ATIM] [PF_KL][onCharacterKey]  3
10-09 18:45:50.998  4596  4596 I SKBD    : atu [PF_KL][onKeyHandleNormalKey::onCharacterKey] 3421154
10-09 18:45:50.998  4596  4596 I SKBD    : aob [PF_KL][onKey] 3585308
10-09 18:45:50.998  4596  4596 I SKBD_Performance: AbstractKeyboardView [PF_KL] onTouchEvent  1 1 6 6030846
10-09 18:45:51.005  4596  4596 I SKBD    : [ATIM] [updateSelectionForInputModule] oldSelStart : 2, oldSelEnd : 2, newSelStart : 3, newSelEnd : 3, candidatesStart : -1, candidatesEnd : -1, viewClicked : false
10-09 18:45:51.005  4596  4596 I SKBD    : [ATIM] [updateSelectionForInputModule] isTyping : true, viewClicked : false, isKBDShown : true
10-09 18:45:51.024  4596  4596 I SKBD    : cpb [PF_KL][SIIC] getCursorCapsMode done  0
10-09 18:45:51.102  3114  3239 D InputReader: Input event(5): value=1 when=21344.092275
10-09 18:45:51.102  3114  3239 I InputReader: Touch event's action is 0x0 (deviceType=0) [pCnt=1, s=0.1720 ] when=21344.092275
10-09 18:45:51.102  3114  3238 I InputDispatcher: Delivering touch to (3479): action: 0x4, displayId: 0, '4a0a87e', toolType: 1
10-09 18:45:51.102  3114  3238 I clp-JNI : Add pinfo) 0
10-09 18:45:51.102  3114  3238 I InputDispatcher: Delivering touch to (4596): action: 0x0, displayId: 0, 'c1edc3b', toolType: 1
10-09 18:45:51.102  4596  4596 D ViewRootImpl@86be517[InputMethod]: ViewPostIme pointer 0
10-09 18:45:51.103  4596  4596 I SKBD    : byp [PF_KL][getKeyIndexAndNearbyCodes] 309192, In Tyme, getSimpleKeyIndexAndNearbyCodes
10-09 18:45:51.107  4596  4596 I SKBD_Performance: AbstractKeyboardView [PF_KL] onTouchEvent  0 1 4 4005693
10-09 18:45:51.150  3114  3239 D InputReader: Input event(5): value=0 when=21344.140785
10-09 18:45:51.150  3114  3239 I InputReader: Touch event's action is 0x1 (deviceType=0) [pCnt=1, s=] when=21344.140785
10-09 18:45:51.150  3114  3238 I clp-JNI : Add pinfo) c1edc3b InputMethod (server) : AppWindowToken{db5b7f5 token=Token{b14212c ActivityRecord{6a820df u0 com.example.myapplication/.MainActivity t87}}} : 4596 : 10143 : 1
10-09 18:45:51.150  3114  3238 I clp-JNI : Add pinfo) 1
10-09 18:45:51.151  3114  3238 I InputDispatcher: Delivering touch to (4596): action: 0x1, displayId: 0, 'c1edc3b', toolType: 1
10-09 18:45:51.151  4596  4596 D ViewRootImpl@86be517[InputMethod]: ViewPostIme pointer 1
10-09 18:45:51.153  4596  4596 I SKBD    : [ATIM] [ppfockfsk] IMI,25,IR,0
10-09 18:45:51.154  4596  4596 I SKBD    : [IIManager] IIfo SI [il:0x656e4742] [p:0] [c:0] [t:0] [im:0/0/0/0/0/0] [sC:0] [aC:1] [sS:0] [aS:1] [aP:0] [pW:1] [eM:0] [uR:0] [acI:0] [iT:81] [iO:4000006] [pID:13395] [pO:null]
10-09 18:45:51.154  4596  4596 I SKBD    : [IIManager] IIfo II [ir:0] [rand:533ec769a99c48dc9e505916c7b47758] [hC:0] [hI:0] [tr:0] [tc:0] [long:0] [cpl:1] [xyD:0/0] [xycD:19/26] [kWHG:59/88/11] [tD:48] [tP:3] [fil:true] [IC:0/0] [cB:0/0]
10-09 18:45:51.155  4596  4596 I SKBD    : cpb [SIIC] commitText :  true ,  1
10-09 18:45:51.155  4596  4596 I SKBD    : [ATIM] [PF_KL][onCharacterKey]  2
10-09 18:45:51.155  4596  4596 I SKBD    : atu [PF_KL][onKeyHandleNormalKey::onCharacterKey] 1953692
10-09 18:45:51.155  4596  4596 I SKBD    : aob [PF_KL][onKey] 2103692
10-09 18:45:51.155  4596  4596 I SKBD_Performance: AbstractKeyboardView [PF_KL] onTouchEvent  1 1 5 4407653
10-09 18:45:51.159  4596  4596 I SKBD    : [ATIM] [updateSelectionForInputModule] oldSelStart : 3, oldSelEnd : 3, newSelStart : 4, newSelEnd : 4, candidatesStart : -1, candidatesEnd : -1, viewClicked : false
10-09 18:45:51.159  4596  4596 I SKBD    : [ATIM] [updateSelectionForInputModule] isTyping : true, viewClicked : false, isKBDShown : true
10-09 18:45:51.180  4596  4596 I SKBD    : cpb [PF_KL][SIIC] getCursorCapsMode done  0
10-09 18:45:51.318  4596  4596 I SKBD    : bja Update SetupWizard State : complete
10-09 18:45:51.543  2656  5776 I display : [PrimaryDisplay] [DYNAMIC_RECOMP] HWC_2_GLES by low FPS(0)
10-09 18:45:51.682  2656  2718 I display : [PrimaryDisplay] [DYNAMIC_RECOMP] first frame after HWC_2_GLES
10-09 18:45:51.682  2656  2718 I display : [PrimaryDisplay] [DYNAMIC_RECOMP] GLES_2_HWC by high FPS(5)
10-09 18:45:51.939  3114  6491 D GameManagerService: identifyGamePackage. com.example.myapplication, mCurrentUserId: 0, callerUserId: 0
10-09 18:45:51.940  3114  6491 D GamePkgDataHelper: getGamePkgData(). com.example.myapplication
10-09 18:45:51.945  2656  5776 I display : [PrimaryDisplay] [DYNAMIC_RECOMP] HWC_2_GLES by low FPS(0)
10-09 18:45:52.019  3114  3239 D InputReader: Input event(5): value=1 when=21345.009551
10-09 18:45:52.019  3114  3239 I InputReader: Touch event's action is 0x0 (deviceType=0) [pCnt=1, s=0.1721 ] when=21345.009551
10-09 18:45:52.019  3114  3238 I InputDispatcher: Delivering touch to (3479): action: 0x4, displayId: 0, '4a0a87e', toolType: 1
10-09 18:45:52.020  3114  3238 I clp-JNI : Add pinfo) 0
10-09 18:45:52.020  3114  3238 I InputDispatcher: Delivering touch to (4596): action: 0x0, displayId: 0, 'c1edc3b', toolType: 1
10-09 18:45:52.020  4596  4596 D ViewRootImpl@86be517[InputMethod]: ViewPostIme pointer 0
10-09 18:45:52.020  4596  4596 I SKBD    : byp [PF_KL][getKeyIndexAndNearbyCodes] 151385, In Tyme, getSimpleKeyIndexAndNearbyCodes
10-09 18:45:52.023  4596  4596 I SKBD_Performance: AbstractKeyboardView [PF_KL] onTouchEvent  0 1 4 3404231
10-09 18:45:52.048  2656  2718 I display : [PrimaryDisplay] [DYNAMIC_RECOMP] first frame after HWC_2_GLES
10-09 18:45:52.048  2656  2718 I display : [PrimaryDisplay] [DYNAMIC_RECOMP] GLES_2_HWC by high FPS(5)
10-09 18:45:52.076  3114  3239 D InputReader: Input event(5): value=0 when=21345.066635
10-09 18:45:52.076  3114  3239 I InputReader: Touch event's action is 0x1 (deviceType=0) [pCnt=1, s=] when=21345.066635
10-09 18:45:52.076  3114  3238 I clp-JNI : Add pinfo) c1edc3b InputMethod (server) : AppWindowToken{db5b7f5 token=Token{b14212c ActivityRecord{6a820df u0 com.example.myapplication/.MainActivity t87}}} : 4596 : 10143 : 1
10-09 18:45:52.076  3114  3238 I clp-JNI : Add pinfo) 1
10-09 18:45:52.076  3114  3238 I InputDispatcher: Delivering touch to (4596): action: 0x1, displayId: 0, 'c1edc3b', toolType: 1
10-09 18:45:52.077  4596  4596 D ViewRootImpl@86be517[InputMethod]: ViewPostIme pointer 1
10-09 18:45:52.079  4596  4596 I SKBD    : [ATIM] [ppfockfsk] IMI,25,IR,0
10-09 18:45:52.080 13395 13395 D ViewRootImpl@b3df3ce[MainActivity]: ViewPostIme key 0
10-09 18:45:52.080  4596  4596 E SKBD    : asf TymeDatatype.STATUS_NO_MATCHING_WORDS
10-09 18:45:52.080  4596  4596 I SKBD_Performance: [IIManager] [PF_KL] IIfo BuildTime - tookTime : 0
10-09 18:45:52.081 13395 13395 D ViewRootImpl@b3df3ce[MainActivity]: ViewPostIme key 1
10-09 18:45:52.083  4596  4596 I SKBD    : [ATIM] [PF_KL][onCharacterKey]  3
10-09 18:45:52.083  4596  4596 I SKBD    : atu [PF_KL][onKeyHandleNormalKey::onCharacterKey] 3325193
10-09 18:45:52.083  4596  4596 I SKBD    : aob [PF_KL][onKey] 3472154
10-09 18:45:52.083  4596  4596 I SKBD_Performance: AbstractKeyboardView [PF_KL] onTouchEvent  1 1 6 6039616
10-09 18:45:52.083 13395 13395 D InputMethodManager: HSIFW - flag : 0 Pid : 13395
10-09 18:45:52.084  3114  5156 V InputMethodManagerService: Client requesting input be hidden, flags : 0
10-09 18:45:52.084  3114  5156 V InputMethodManagerService: hideCurrentInputLocked : send MSG_HIDE_SOFT_INPUT
10-09 18:45:52.088  3389  3389 D HidDeviceService: handleMessage(): msg.what=8
10-09 18:45:52.091  4596  4596 V InputMethodService: hideSoftInput(), flags : 0
10-09 18:45:52.091  3114  5156 D InputMethodManagerService: setImeWindowStatus(), vis : 0 backDisposition : 0
10-09 18:45:52.092  3114  5156 D InputMethodManagerService: isImeSwitcherDisabledPackage : false
10-09 18:45:52.092  3114  5156 D InputMethodManagerService: mDesktopModeManager null!
10-09 18:45:52.092  3114  5156 D InputMethodManagerService: updateSystemUiLocked 0
10-09 18:45:52.092  3114  5156 D InputMethodManagerService: updateSystemUiLocked(), setImeWindowStatusToType, vis : 0 backDisposition : 0
10-09 18:45:52.092  4596  4596 D InputMethodManager: setImeWindowStatus(), vis : 0 backDisposition : 0
10-09 18:45:52.093  4596  4596 D InputMethodService: doHideWindow(), setImeWindowStatus,0: 0,  mBackDisposition :0
10-09 18:45:52.093  4596  4596 V InputMethodService: CALL: onFinishInputView
10-09 18:45:52.093  4596  4596 I SKBD    : SamsungKeypad onFinishInputView
10-09 18:45:52.094  4596  4596 I SKBD    : and onFinishInput() took nanoTime:  207039
10-09 18:45:52.094  4596  4596 E SKBD    : agy not release sticker resource because sticker is not running
10-09 18:45:52.095  4596  4596 I SKBD_UnifiedIME: bde setToolbarVisibility, isVisible = false
10-09 18:45:52.100  4596  4596 I SKBD_Performance: [IIManager] [PF_CL][onFinishInputView] 6646961
10-09 18:45:52.100  4596  4596 V InputMethodService: hideWindow: hiding!
10-09 18:45:52.100  4596  4596 D InputMethodService: notifyKeyboardClosed
10-09 18:45:52.107  4596  4596 I SKBD_Performance: [IIManager] [PF_CL][onWindowHidden] 5983039
10-09 18:45:52.107  4596  4596 D InputMethodService: AxT9IME.sendInputViewShownState(): false
10-09 18:45:52.107  4596  4596 D InputMethodService: AxT9IME.IS_VISIBLE_CANDIDATE(): 0
10-09 18:45:52.112  2672  2693 E BufferQueueProducer: [InputMethod[4596]#0] disconnect: not connected (req=1)
10-09 18:45:52.112  4596 25568 W libEGL  : EGLNativeWindowType 0xe987b008 disconnect failed
10-09 18:45:52.112  4596 25568 D OpenGLRenderer: eglDestroySurface = 0xcc340160, 0xe987b000
10-09 18:45:52.118  3114  5156 V WindowManager: Relayout Window{c1edc3b u0 InputMethod}: viewVisibility=8 req=720x1232 {(0,0)(fillxwrap) gr=BOTTOM CENTER_VERTICAL sim={adjust=pan} ty=INPUT_METHOD fmt=TRANSPARENT wanim=0x7f1300f5
10-09 18:45:52.118  3114  5156 V WindowManager:   fl=81800108
10-09 18:45:52.118  3114  5156 V WindowManager:   vsysui=10 dimDuration=150 naviIconColor=0
10-09 18:45:52.118  3114  5156 V WindowManager:   sfl=800}
10-09 18:45:52.119  3114  5156 I WindowManager: Cancelling animation restarting=true, leash=null, surface=Surface(name=c1edc3b InputMethod)/@0x3625e07, parent=Surface(name=WindowToken{5af4d26 android.os.Binder@ae8f881})/@0x9f25b34
10-09 18:45:52.119  3114  5156 I WindowManager: Reparenting to leash, surface=Surface(name=c1edc3b InputMethod)/@0x3625e07
10-09 18:45:52.121  2672  2672 I SurfaceFlinger: id=3597 createSurf (2560x2560),2 flag=4, Surface(name=c1edc3b InputMethod)/@0x3625e07 - animation-leash#0
10-09 18:45:52.122  3114  5156 D WindowManager: makeSurface duration=3 leash=Surface(name=Surface(name=c1edc3b InputMethod)/@0x3625e07 - animation-leash)/@0x64a0d0d
10-09 18:45:52.123  3114  5156 D SurfaceControl: reparent is called, sc=Surface(name=c1edc3b InputMethod)/@0x3625e07, newParentHandle=android.os.BinderProxy@28fb4c2, transaction=android.view.SurfaceControl$Transaction@2bcd3a3
10-09 18:45:52.126  3114  5156 V WindowManager: Resize reasons for w=Window{2a9b5b6 u0 com.example.myapplication/com.example.myapplication.MainActivity}:  contentInsetsChanged=false [0,48][0,0] visibleInsetsChanged=true [0,48][0,0] stableInsetsChanged=false [0,48][0,0] outsetsChanged=false [0,0][0,0] surfaceResized=false configChanged=false dragResizingChanged=false reportOrientationChanged=false displayCutoutChanged=false nextForceRelayoutToClient=false
10-09 18:45:52.127  2672  2693 D Layer   : [c1edc3b InputMethod#0]::reparent oldParent:[WindowToken{5af4d26 android.os.Binder@ae8f881}#0], newParent:[Surface(name=c1edc3b InputMethod)/@0x3625e07 - animation-leash#0]
10-09 18:45:52.129 13395 13395 D ViewRootImpl@b3df3ce[MainActivity]: MSG_RESIZED: frame=[0,0][720,1280] ci=[0,48][0,0] vi=[0,48][0,0] or=1
10-09 18:45:52.131  3479  3863 D PipManager: [Pip] onImeVisibilityChanged - imeVisible : false imeHeight:0
10-09 18:45:52.132  3479  3863 D PipManager: [Pip] onMovementBoundsChanged
10-09 18:45:52.132  4596  4596 D ViewRootImpl@86be517[InputMethod]: Relayout returned: old=[0,48][720,1280] new=[0,48][720,1280] result=0x5 surface={false 0} changed=true
10-09 18:45:52.260  3114  3269 D WifiStateMachine: enter getWifiLinkLayerStats
10-09 18:45:52.260  3114  3269 I WifiVendorHal: getWifiLinkLayerStats(l.3127) before calling iface.getLinkLayerStats
10-09 18:45:52.261  2661  2661 I android.hardware.wifi@1.0-service: enter getLinkLayerStats
10-09 18:45:52.261  2661  2661 I android.hardware.wifi@1.0-service: enter getLinkLayerStatsInternal
10-09 18:45:52.264  2661  2661 I android.hardware.wifi@1.0-service: Successfully getLinkLayerStats.
10-09 18:45:52.268  3114  3269 I WifiVendorHal: getWifiLinkLayerStats(l.3127) after calling iface.getLinkLayerStats
10-09 18:45:52.276  3114  3269 I WifiStateMachine: checkScoreBasedQuality -  mPreviousScore[0]:65 mPreviousScore[1]:65 mPreviousScore[2]:62 s2Score:58mPrevoiusScoreAverage:64
10-09 18:45:52.282  3114  3191 I WindowManager: reset, Reparenting to original parent, shouldDeferScheduleAnimation=false, destroyLeash=true, surface=Surface(name=c1edc3b InputMethod)/@0x3625e07, parent=Surface(name=WindowToken{5af4d26 android.os.Binder@ae8f881})/@0x9f25b34, parentNativeHandle=android.os.BinderProxy@cdc8486, caller=com.android.server.wm.SurfaceAnimator.lambda$getFinishedCallback$0:97 com.android.server.wm.-$$Lambda$SurfaceAnimator$SIBia0mND666K8lMCPsoid8pUTI.run:4 com.android.server.wm.SurfaceAnimator.lambda$getFinishedCallback$1:104 com.android.server.wm.-$$Lambda$SurfaceAnimator$vdRZk66hQVbQCvVXEaQCT1kVmFc.onAnimationFinished:4 com.android.server.wm.LocalAnimationAdapter.lambda$startAnimation$0:74 
10-09 18:45:52.283  3114  3191 D SurfaceControl: reparent is called, sc=Surface(name=c1edc3b InputMethod)/@0x3625e07, newParentHandle=android.os.BinderProxy@cdc8486, transaction=android.view.SurfaceControl$Transaction@2bcd3a3
10-09 18:45:52.284  3114  3191 D SurfaceControl: destroy(transaction), animation-leash is destroyed, sc=Surface(name=Surface(name=c1edc3b InputMethod)/@0x3625e07 - animation-leash)/@0x64a0d0d, transaction=android.view.SurfaceControl$Transaction@2bcd3a3, caller=com.android.server.wm.SurfaceAnimator.reset:344 com.android.server.wm.SurfaceAnimator.lambda$getFinishedCallback$0:97 com.android.server.wm.-$$Lambda$SurfaceAnimator$SIBia0mND666K8lMCPsoid8pUTI.run:4 com.android.server.wm.SurfaceAnimator.lambda$getFinishedCallback$1:104 com.android.server.wm.-$$Lambda$SurfaceAnimator$vdRZk66hQVbQCvVXEaQCT1kVmFc.onAnimationFinished:4 com.android.server.wm.LocalAnimationAdapter.lambda$startAnimation$0:74 com.android.server.wm.-$$Lambda$LocalAnimationAdapter$X--EomqUvw4qy89IeeTFTH7aCMo.run:4 
10-09 18:45:52.300  3114  3191 D WindowManager: prepareSurfaces, request to clear saved leash, surface=Surface(name=c1edc3b InputMethod)/@0x3625e07
10-09 18:45:52.302  2672  2694 D Layer   : [c1edc3b InputMethod#0]::reparent oldParent:[Surface(name=c1edc3b InputMethod)/@0x3625e07 - animation-leash#0], newParent:[WindowToken{5af4d26 android.os.Binder@ae8f881}#0]
10-09 18:45:52.302  2672  2694 I SurfaceFlinger: id=3597 Removed Surface(name=c1edc3b InputMethod)/@0x3625e07 - animation-leash#0 (1/69)
10-09 18:45:52.303  3114  3191 D WindowManager: clearSavedLeashOnCommit, savedLeash=Surface(name=Surface(name=c1edc3b InputMethod)/@0x3625e07 - animation-leash)/@0x64a0d0d, caller=com.android.server.wm.WindowContainer.clearSavedLeashOnCommit:1156 com.android.server.wm.WindowContainer.clearSavedLeashOnCommit:1160 com.android.server.wm.WindowContainer.clearSavedLeashOnCommit:1160 com.android.server.wm.WindowContainer.clearSavedLeashOnCommit:1160 com.android.server.wm.WindowAnimator.animate:253 com.android.server.wm.WindowAnimator.lambda$new$1:112 
10-09 18:45:52.305  2672  2672 I SurfaceFlinger: Display 0 HWC layers:
10-09 18:45:52.305  2672  2672 I SurfaceFlinger:     type    |    handle    | flag |  format   |   source crop (l,t,r,b)    |         frame       | name 
10-09 18:45:52.305  2672  2672 I SurfaceFlinger: ------------+--------------+------+-----------+----------------------------+---------------------+------
10-09 18:45:52.305  2672  2672 I SurfaceFlinger:      Device | 0xedeae300 | 0002 | RGBA_8888 |   0.0    0.0  720.0 1280.0 |    0    0  720 1280 | com.example.myapplication/com.example.myapplication.MainActivity[13395]#0
10-09 18:45:52.305  2672  2672 I SurfaceFlinger:      Device | 0xee2c3fc0 | 0000 | RGBA_8888 |   0.0    0.0  720.0   48.0 |    0    0  720   48 | StatusBar[3479]#0
10-09 18:45:52.305  2672  2672 I SurfaceFlinger: 
10-09 18:45:52.311  3114  3191 I WindowManager: Destroying surface Surface(name=InputMethod[4596])/@0x56d770a called by com.android.server.wm.WindowStateAnimator.destroySurface:1884 com.android.server.wm.WindowStateAnimator.destroySurfaceLocked:821 com.android.server.wm.WindowState.destroySurfaceUnchecked:3913 com.android.server.wm.RootWindowContainer.performSurfacePlacement:920 com.android.server.wm.WindowSurfacePlacer.performSurfacePlacementLoop:212 com.android.server.wm.WindowSurfacePlacer.performSurfacePlacement:160 com.android.server.wm.WindowSurfacePlacer.performSurfacePlacement:150 com.android.server.wm.WindowSurfacePlacer.lambda$new$0:123 
10-09 18:45:52.311  2672  2693 I SurfaceFlinger: id=3595 Removed InputMethod[4596]#0 (0/68)
10-09 18:45:52.315  2672  2672 I Layer   : id=3597 onRemoved Surface(name=c1edc3b InputMethod)/@0x3625e07 - animation-leash#0 
10-09 18:45:52.315  2672  2672 I Layer   : id=3595 onRemoved InputMethod[4596]#0 
10-09 18:45:52.684  2656  2718 I display : [PrimaryDisplay] [DYNAMIC_RECOMP] HWC_2_GLES by low FPS(4)
10-09 18:45:52.700  2656  2718 I display : [PrimaryDisplay] [DYNAMIC_RECOMP] first frame after HWC_2_GLES
10-09 18:45:52.701  2656  2718 I display : [PrimaryDisplay] [DYNAMIC_RECOMP] GLES_2_HWC by high FPS(5)
10-09 18:45:53.047  2656  5776 I display : [PrimaryDisplay] [DYNAMIC_RECOMP] HWC_2_GLES by low FPS(0)
10-09 18:45:53.097  3114  3239 D InputReader: Input event(5): value=1 when=21346.087484
10-09 18:45:53.097  3114  3239 I InputReader: Touch event's action is 0x0 (deviceType=0) [pCnt=1, s=0.1722 ] when=21346.087484
10-09 18:45:53.097  3114  3238 I InputDispatcher: Delivering touch to (3479): action: 0x4, displayId: 0, '4a0a87e', toolType: 1
10-09 18:45:53.097  3114  3238 I clp-JNI : Add pinfo) 0
10-09 18:45:53.097  3114  3238 I InputDispatcher: Delivering touch to (13395): action: 0x0, displayId: 0, '2a9b5b6', toolType: 1
10-09 18:45:53.098 13395 13395 D ViewRootImpl@b3df3ce[MainActivity]: ViewPostIme pointer 0
10-09 18:45:53.098  3114  3238 D PowerManagerService: [api] userActivityFromNative : 580 (event: 2 flags: 0) eventTime = 21346087
10-09 18:45:53.150  2656  2718 I display : [PrimaryDisplay] [DYNAMIC_RECOMP] first frame after HWC_2_GLES
10-09 18:45:53.150  2656  2718 I display : [PrimaryDisplay] [DYNAMIC_RECOMP] GLES_2_HWC by high FPS(5)
10-09 18:45:53.162  3114  3239 D InputReader: Input event(5): value=0 when=21346.152856
10-09 18:45:53.162  3114  3239 I InputReader: Touch event's action is 0x1 (deviceType=0) [pCnt=1, s=] when=21346.152856
10-09 18:45:53.162  3114  3238 I clp-JNI : Add pinfo) 2a9b5b6 com.example.myapplication/com.example.myapplication.MainActivity (server) : AppWindowToken{db5b7f5 token=Token{b14212c ActivityRecord{6a820df u0 com.example.myapplication/.MainActivity t87}}} : 13395 : 10207 : 1
10-09 18:45:53.162  3114  3238 I clp-JNI : Add pinfo) 1
10-09 18:45:53.162  3114  3238 I InputDispatcher: Delivering touch to (13395): action: 0x1, displayId: 0, '2a9b5b6', toolType: 1
10-09 18:45:53.163 13395 13395 D ViewRootImpl@b3df3ce[MainActivity]: ViewPostIme pointer 1
10-09 18:45:53.179 13395 13497 D NetworkSecurityConfig: No Network Security Config specified, using platform default
10-09 18:45:53.183 13395 13497 I System.out: (HTTPLog)-Static: isSBSettingEnabled false
10-09 18:45:53.183 13395 13497 I System.out: (HTTPLog)-Static: isSBSettingEnabled false
10-09 18:45:53.187  2830  2940 D EnterpriseController: netId is 0
10-09 18:45:53.187  2830  2940 E Netd    : getNetworkForDns: getNetId from enterpriseCtrl is netid 0
10-09 18:45:53.187  2830  2940 D DnsProxyListener: DNSDBG::dns addrinfo af 0
10-09 18:45:53.419  3114  3306 D UcmService: onReceive android.intent.action.PACKAGE_CHANGED
10-09 18:45:53.419  3114  3306 D UcmService: Package update in userId-0 and uid-10207
10-09 18:45:53.420  3365  3365 I SmsApplication: getIncomingUserId() : contextUserId = 0, callingUid = 1001
10-09 18:45:53.422  3479  3479 D KeyguardUpdateMonitor: received broadcast android.intent.action.PACKAGE_CHANGED
10-09 18:45:53.422  3479  3479 D MetaDataParser: updatePackage() com.example.myapplication false
10-09 18:45:53.424  3479  3479 D MetaDataParser: removePackage() key = com.example.myapplication
10-09 18:45:53.431  3389  3389 V NewAvrcpMediaPlayerList: mPackageChangedBroadcastReceiver: action: android.intent.action.PACKAGE_CHANGED
10-09 18:45:53.434 12673 12723 I SystemBroadcastReceiver: [#CMH#] Received broadcast 
10-09 18:45:53.434 12673 12723 I ControllerEventHandler: [#CMH#] onPackageChanged()  null
10-09 18:45:53.434 12673 12723 I SystemBroadcastReceiver: [#CMH#] onReceive completed 
10-09 18:45:53.435  3114  5156 D SecContentProvider: query(), uri = 30 selection = isLocalContactStorageAllowed
10-09 18:45:53.435  3114  5156 D SecContentProvider: called from android.uid.shared:10004
10-09 18:45:53.435  3114  5156 D RestrictionPolicy: isLocalContactStorageAllowed
10-09 18:45:53.436  3114  5156 D RestrictionPolicy: isLocalContactStorageAllowed(0) : true
10-09 18:45:53.454  3114  3125 D SamsungAlarmManager: setInexact Intent (T:3/F:0/AC:false) 20301007T184553 - CU:10021/CP:3824
10-09 18:45:53.454  3114  3125 I SamsungAlarmManager: setLocked to kernel - T:2 / 20201009T184600, SetElapsed=21357129, nowELAPSED=21350583
10-09 18:45:53.458  3114  5156 D SecContentProvider: query(), uri = 30 selection = isLocalContactStorageAllowed
10-09 18:45:53.459  3114  5156 D SecContentProvider: called from android.uid.shared:10004
10-09 18:45:53.459  3114  5156 D RestrictionPolicy: isLocalContactStorageAllowed
10-09 18:45:53.459  3114  5156 D RestrictionPolicy: isLocalContactStorageAllowed(0) : true
10-09 18:45:53.464  3114  3125 D SecContentProvider2: query(), uri = 18 selection = isCopyContactToSimAllowed
10-09 18:45:53.466  3114  3125 D SecContentProvider2: isCopyContactToSimAllowed = true
10-09 18:45:53.470  3114  3125 D SecContentProvider: query(), uri = 30 selection = isLocalContactStorageAllowed
10-09 18:45:53.470  3114  3125 D SecContentProvider: called from android.uid.shared:10004
10-09 18:45:53.470  3114  3125 D RestrictionPolicy: isLocalContactStorageAllowed
10-09 18:45:53.470  3114  3125 D RestrictionPolicy: isLocalContactStorageAllowed(0) : true
10-09 18:45:53.473  3114  3114 E LockSettingsStorage: Cannot read file java.io.FileNotFoundException: /data/system/fmmpassword.key: open failed: ENOENT (No such file or directory)
10-09 18:45:53.473  3114  3114 I PersonaManagerService::Proxy: newPackage is com.example.myapplication
10-09 18:45:53.476  3365  3365 E Telephony: PhoneInterfaceManager: [PhoneIntfMgr] getCarrierPackageNamesForIntent: No UICC
10-09 18:45:53.476  3365  3365 D CarrierSvcBindHelper: No carrier app for: 0
10-09 18:45:53.476  3114  5156 D SecContentProvider2: query(), uri = 18 selection = isCopyContactToSimAllowed
10-09 18:45:53.477  3365  3365 E Telephony: PhoneInterfaceManager: [PhoneIntfMgr] getCarrierPackageNamesForIntent: No UICC
10-09 18:45:53.477  3365  3365 D CarrierSvcBindHelper: No carrier app for: 1
10-09 18:45:53.477  3365  3365 D ImsResolver: maybeAddedImsService, packageName: com.example.myapplication
10-09 18:45:53.485  3114  5156 D SecContentProvider2: isCopyContactToSimAllowed = true
10-09 18:45:53.493  3114  3619 D SamsungAlarmManager: setInexact Intent (T:3/F:0/AC:false) 20301007T184553 - CU:10021/CP:4302
10-09 18:45:53.493  3114  3619 I SamsungAlarmManager: setLocked to kernel - T:2 / 20201009T184600, SetElapsed=21357129, nowELAPSED=21350622
10-09 18:45:53.509  3824 13502 I Fitness : OnPackageChangedOperation got intent: Intent { act=android.intent.action.PACKAGE_CHANGED dat=package:com.example.myapplication flg=0x45000010 cmp=com.google.android.gms/.chimera.PersistentIntentOperationService (has extras) } [CONTEXT service_id=17 ]
10-09 18:45:53.548  2656  5776 I display : [PrimaryDisplay] [DYNAMIC_RECOMP] HWC_2_GLES by low FPS(0)
10-09 18:45:53.554  3114  4298 D AccountManagerService: getUserAccounts0
10-09 18:45:53.559  3114  3268 D WifiTrafficPoller: TrafficStats TxPkts=486356 RxPkts=366518 TxBytes=277871742 RxBytes=113908231 , Foreground uid=10207 pkgName=com.example.myapplication TxPackets=9 RxPackets=9 TxBytes=1688 RxBytes=4926
10-09 18:45:53.574  3114  3239 D InputReader: externalDisplayId 0 W 720 H 1280
10-09 18:45:53.574  3114  3239 I InputReader: Reconfiguring input devices.  changes=0x00000010
10-09 18:45:53.583  3114  3114 D libperflog: [PERFMON] perflog_write_log sock = -1
10-09 18:45:53.584  3114  3114 D libperflog: [LIBPERFLOG] socket_local_client fail = -1
10-09 18:45:53.584  3114  3114 W LoadedApk: Slow system_server main thread handled for android.intent.action.PACKAGE_CHANGED took 109 ms, Receiver = android.content.pm.RegisteredServicesCache$1@332578e
10-09 18:45:53.584  3114  3114 W Looper  : Slow dispatch took 110ms main h=android.app.ActivityThread$H c=android.app.-$$Lambda$LoadedApk$ReceiverDispatcher$Args$_BumDX2UKsnxLVrE6UJsJZkotuA@a282ad0 m=0
10-09 18:45:53.584  3114  3114 D libperflog: [PERFMON] perflog_write_log sock = -1
10-09 18:45:53.584  3114  3114 D libperflog: [LIBPERFLOG] socket_local_client fail = -1
10-09 18:45:53.584  3114  3114 W Looper  : Slow system_server main looper dispatch took 110ms  h=android.app.ActivityThread$H
10-09 18:45:53.640  3114  3114 I Telecom:SamsungTelecomServiceImpl: getSystemDialerPackage - callingPid : 3114 / processName : sts
10-09 18:45:53.640  3114  3114 I Telecom:SamsungDefaultDialerManagerAdapter: getDefaultDialerApplication - packageName : com.samsung.android.dialer / userId : 0
10-09 18:45:53.641  3114  3114 I Telecom : DefaultDialerCache: Refreshing default dialer for user 0: now com.samsung.android.dialer: DDC.oR@Av8
10-09 18:45:53.641  3114  3114 W Looper  : Slow delivery took 216ms main h=com.android.server.media.MediaRouterService$UserHandler c=android.app.-$$Lambda$LoadedApk$ReceiverDispatcher$Args$_BumDX2UKsnxLVrE6UJsJZkotuA@d05cac9 m=0
10-09 18:45:53.641  3114  3114 D libperflog: [PERFMON] perflog_write_log sock = -1
10-09 18:45:53.641  3114  3114 D libperflog: [LIBPERFLOG] socket_local_client fail = -1
10-09 18:45:53.641  3114  3114 W Looper  : Slow system_server main looper delivery took 216ms  h=com.android.server.media.MediaRouterService$UserHandler
10-09 18:45:53.642  3114  3114 D RCPManagerService: PackageReceiver onReceive()
10-09 18:45:53.642  3114  3114 D SEP_UNION_SemDeviceInfoManagerService: onReceive : android.intent.action.PACKAGE_CHANGED, userId = 0 
10-09 18:45:53.649  3114  3114 D SEP_UNION_SemDeviceInfoManagerService: sendIntentAction() action = android.intent.action.PACKAGE_CHANGED, tag =  
10-09 18:45:53.659 13082 13082 D AppListProviderReceiver: onReceive action : action_package_changed
10-09 18:45:53.659  3114  3135 W SearchableInfo: Invalid searchable metadata for com.samsung.android.messaging/.ui.view.recipientspicker.PickerActivity: Search label must be a resource reference.
10-09 18:45:53.673  3824 13509 I Fitness : FitCleanupIntentOperation received Intent android.intent.action.PACKAGE_CHANGED [CONTEXT service_id=17 ]
10-09 18:45:53.681  3114  3125 D SecContentProvider2: query(), uri = 18 selection = isCopyContactToSimAllowed
10-09 18:45:53.682  3114  3125 D SecContentProvider2: isCopyContactToSimAllowed = true
10-09 18:45:53.688 13082 13514 D AppListCache: deleteLabelInternal : row = 1
10-09 18:45:53.691 13395 13497 D NetworkManagementSocketTagger: tagSocket(75) with statsTag=0x85f84b53, statsUid=-1
10-09 18:45:53.699  3114  3614 D SecContentProvider2: query(), uri = 18 selection = isCopyContactToSimAllowed
10-09 18:45:53.701 13082 13514 D AppListCache: insertLabelInternal()
10-09 18:45:53.701  3114  3135 W SearchableInfo: Invalid searchable metadata for com.samsung.android.themestore/.activity.bixby.SearchActivityForBixby: Search label must be a resource reference.
10-09 18:45:53.702  3114  3614 D SecContentProvider2: isCopyContactToSimAllowed = true
10-09 18:45:53.710  3114  4974 D SecContentProvider: query(), uri = 17 selection = isSettingsChangesAllowed
10-09 18:45:53.710  3114  4974 D SecContentProvider: called from android.uid.shared:10004
10-09 18:45:53.710  3114  4974 D RestrictionPolicy: isSettingsChangesAllowedAsUser, userId 0 : true
10-09 18:45:53.717  2656  2718 I display : [PrimaryDisplay] [DYNAMIC_RECOMP] first frame after HWC_2_GLES
10-09 18:45:53.718  2656  2718 I display : [PrimaryDisplay] [DYNAMIC_RECOMP] GLES_2_HWC by high FPS(5)
10-09 18:45:53.719  3114  3615 D SecContentProvider2: query(), uri = 18 selection = isCopyContactToSimAllowed
10-09 18:45:53.720  3114  3615 D SecContentProvider2: isCopyContactToSimAllowed = true
10-09 18:45:53.732  3114  4974 D SecContentProvider2: query(), uri = 18 selection = isCopyContactToSimAllowed
10-09 18:45:53.734  3114  4974 D SecContentProvider2: isCopyContactToSimAllowed = true
10-09 18:45:53.735  3114  3135 D MediaSessionService: Received change in packages, intent=Intent { act=android.intent.action.PACKAGE_CHANGED dat=package:com.example.myapplication flg=0x45000010 (has extras) }
10-09 18:45:53.735  3114  3135 I GameManagerService: PkgInstallationReceiver, onPackageChanged : com.example.myapplication uid : 10207 userID : UserHandle{0}
10-09 18:45:53.737  4454  4454 D Launcher.Model: onPackageChanged:com.example.myapplication, user:UserHandle{0}, isUpsModeEnabled = false, isEmergencyEnabled = false
10-09 18:45:53.737  4454  4454 D Launcher.Model: isValidStateInKnoxMode:false user:UserHandle{0}
10-09 18:45:53.737  4454  4454 D SuggestedItemsProvider: onPackageChanged: com.example.myapplication / UserHandle{0}
10-09 18:45:53.737  4454  4454 D SuggestedItemsProvider: onPackageRemoved: com.example.myapplication / UserHandle{0}
10-09 18:45:53.737  4454  4649 W Launcher.Model: checkFinderState return, operation is not matched
10-09 18:45:53.737  4454  4649 D Launcher.Model: Loader.updatePackage com.example.myapplication
10-09 18:45:53.737  4454  4454 D KnoxHelper: getActivityList callingUserId: 0, target user: 0
10-09 18:45:53.739  4454  4454 D SuggestedItemsProvider: onPackageAdded: com.example.myapplication / UserHandle{0}
10-09 18:45:53.746  4454  4649 D KnoxHelper: getActivityList callingUserId: 0, target user: 0
10-09 18:45:53.762  3114  4296 D PackageManager: getComponentMetadataForIconTray : com.example.myapplication.MainActivity does not exist in mServices
10-09 18:45:53.762  3114  4296 D PackageManager: getComponentMetadataForIconTray : com.example.myapplication.MainActivity does not exist in mProviders
10-09 18:45:53.762  3114  4296 D PackageManager: getComponentMetadataForIconTray : com.example.myapplication.MainActivity does not exist in mReceivers
10-09 18:45:53.763  4454  4649 I AppIconSolution: return adaptive icon for NULL
10-09 18:45:53.763  4454  4649 D LauncherActivityInfo: packageName: com.example.myapplication, supportTheme: false, height: 144, width: 144, density: 480
10-09 18:45:53.783  4454  4649 D KnoxHelper: getActivityList callingUserId: 0, target user: 0
10-09 18:45:53.784  4454  4649 D DataLoader: updatePackage:com.example.myapplication
10-09 18:45:53.786  4454  4649 D DataLoader: init a flag of isDisabled
10-09 18:45:53.787  4454  4649 D DataLoader: updatePackageActivities, modified : IconInfo(title=My Application intent=Intent { act=android.intent.action.MAIN cat=[android.intent.category.LAUNCHER] flg=0x10200000 cmp=com.example.myapplication/.MainActivity (has extras) } id=106 type=0 container=-102 screen=0 cellX=0 cellY=2 spanX=1 spanY=1 rank=8 hidden=0 dropPos=null user=UserHandle{0} screenType=0)
10-09 18:45:53.792  3114  3615 D LauncherAppsService: is Package Hidden: false
10-09 18:45:53.792  4454  4649 I AppsLoader: addOrUpdater
10-09 18:45:53.792  4454  4649 I AppsLoader: addOrUpdater cn = ComponentInfo{com.example.myapplication/com.example.myapplication.MainActivity}, UserHandle{0}, screenType = 0
10-09 18:45:53.798  4454  4649 I AppsLoader: addOrUpdater update item = IconInfo(title=My Application intent=Intent { act=android.intent.action.MAIN cat=[android.intent.category.LAUNCHER] flg=0x10200000 cmp=com.example.myapplication/.MainActivity (has extras) } id=106 type=0 container=-102 screen=0 cellX=0 cellY=2 spanX=1 spanY=1 rank=8 hidden=0 dropPos=null user=UserHandle{0} screenType=0)
10-09 18:45:53.799  4454  4649 I PostPositionController: Not isAvaliableState!
10-09 18:45:53.799  4454  4649 D AppsDataRepository: update : 1
10-09 18:45:53.799  4454  4454 D AppsPresenter: AppsEvent update [1]
10-09 18:45:53.799  4454  4454 D AppsDragController: needDeferToBind : true , false
10-09 18:45:53.799  4454  4454 D AppsPresenter:  notifyUpdate return mDestroyed false
10-09 18:45:53.802  3114  4296 D LauncherAppsService: is Package Hidden: false
10-09 18:45:53.813  4454  4454 D HotseatPresenter: HomeEvent update for Hotseat [7]
10-09 18:45:53.814  4454  4454 D WorkspacePresenter: HomeEvent update [7]
10-09 18:45:53.814  4454  4454 D HotseatPresenter: HomeEvent update for Hotseat [8]
10-09 18:45:53.814  4454  4454 D WorkspacePresenter: HomeEvent update [8]
10-09 18:45:53.814  4454  4454 D HotseatPresenter: HomeEvent update for Hotseat [2]
10-09 18:45:53.814  4454  4454 D WorkspacePresenter: HomeEvent update [2]
10-09 18:45:53.830  4302 10613 I Icing   : IndexChimeraService.getServiceInterface callingPackage=com.google.android.gms componentName=AppsCorpus serviceId=36
10-09 18:45:53.844  3114  4296 D AccountManagerService: getUserAccounts0
10-09 18:45:53.847  4302  7093 I GmsCoreXrpcWrapper: Returning a channel provider with trafficStatsTag=12803
10-09 18:45:53.880  4302 10613 I Icing   : IndexChimeraService.getServiceInterface callingPackage=com.google.android.gms componentName=null serviceId=30
10-09 18:45:54.049  2656  5776 I display : [PrimaryDisplay] [DYNAMIC_RECOMP] HWC_2_GLES by low FPS(0)
10-09 18:45:54.099  4302  7093 I Icing   : Usage reports ok 3, Failed Usage reports 0, indexed 0, rejected 0
10-09 18:45:54.102  4302 10613 I Icing   : IndexChimeraService.getServiceInterface callingPackage=com.google.android.gms componentName=null serviceId=36
10-09 18:45:54.105  3114  4296 D AccountManagerService: getUserAccounts0
10-09 18:45:54.106  4302  7093 I GmsCoreXrpcWrapper: Returning a channel provider with trafficStatsTag=12803
10-09 18:45:54.126  4302  7093 I Icing   : Usage reports ok 0, Failed Usage reports 0, indexed 0, rejected 0
10-09 18:45:54.128  4302  7093 I Icing   : Indexing com.google.android.gms-internal.3p:MobileApplication from com.google.android.gms using seqno 846
10-09 18:45:54.184  3114  4296 D AccountManagerService: getUserAccounts0
10-09 18:45:54.186  4302  7093 I GmsCoreXrpcWrapper: Returning a channel provider with trafficStatsTag=12803
10-09 18:45:54.203  2656  2718 I display : [PrimaryDisplay] [DYNAMIC_RECOMP] first frame after HWC_2_GLES
10-09 18:45:54.203  2656  2718 I display : [PrimaryDisplay] [DYNAMIC_RECOMP] GLES_2_HWC by high FPS(5)
10-09 18:45:54.244  4302  7093 I Icing   : Usage reports ok 0, Failed Usage reports 0, indexed 0, rejected 0
10-09 18:45:54.250  4302  7093 I Icing   : Indexing com.google.android.gms-apps from com.google.android.gms
10-09 18:45:54.391  4302  7093 I Icing   : Indexing done com.google.android.gms-apps
10-09 18:45:54.412  4302  4315 I gle.android.gm: Background concurrent copying GC freed 44445(2MB) AllocSpace objects, 14(664KB) LOS objects, 49% free, 11MB/22MB, paused 619us total 201.593ms
10-09 18:45:54.550  2656  5776 I display : [PrimaryDisplay] [DYNAMIC_RECOMP] HWC_2_GLES by low FPS(0)
10-09 18:45:54.704  2656  2718 I display : [PrimaryDisplay] [DYNAMIC_RECOMP] first frame after HWC_2_GLES
10-09 18:45:54.704  2656  2718 I display : [PrimaryDisplay] [DYNAMIC_RECOMP] GLES_2_HWC by high FPS(5)
10-09 18:45:54.901 13395 13395 I NUMBAH 1:: Registration Successful!
10-09 18:45:55.047 12869 12901 I Finsky  : [6255] loe.run(36): Stats for Executor: BlockingExecutor lqi@94beaa7[Running, pool size = 3, active threads = 0, queued tasks = 0, completed tasks = 21]
10-09 18:45:55.048 12869 12901 I Finsky  : [6255] loe.run(36): Stats for Executor: LightweightExecutor lqi@afbfb54[Running, pool size = 3, active threads = 0, queued tasks = 0, completed tasks = 74]
10-09 18:45:55.051  2656  5776 I display : [PrimaryDisplay] [DYNAMIC_RECOMP] HWC_2_GLES by low FPS(0)
10-09 18:45:55.102 13395 13520 I System.out: (HTTPLog)-Static: isSBSettingEnabled false
10-09 18:45:55.123  3114  3114 W Looper  : Drained
10-09 18:45:55.103 13395 13520 I System.out: (HTTPLog)-Static: isSBSettingEnabled false
10-09 18:45:55.124  3114  3615 V InputMethodManagerService: Client requesting input be hidden, flags : 2
10-09 18:45:55.124  3114  3615 V InputMethodManagerService: hideCurrentInputLocked : shouldHideSoftInput is false
10-09 18:45:55.127  3896  3896 D EditDistanceScorer: getScores() will return a 3x1 matrix for EDIT_DISTANCE
10-09 18:45:55.140  3114  3137 D ScrollView: initGoToTop
10-09 18:45:55.154  2656  2718 I display : [PrimaryDisplay] [DYNAMIC_RECOMP] first frame after HWC_2_GLES
10-09 18:45:55.154  2656  2718 I display : [PrimaryDisplay] [DYNAMIC_RECOMP] GLES_2_HWC by high FPS(5)
10-09 18:45:55.178  3114  3137 D Dialog  : mIsSamsungBasicInteraction = false, isMetaDataInActivity = false
10-09 18:45:55.182  3114  3137 I DecorView: mWindow.mActivityCurrentConfig is null.
10-09 18:45:55.182  3114  3137 I MultiWindowDecorSupport: updateCaptionType >> com.android.internal.policy.MultiWindowDecorSupport@40b8366, isFloating: true, isApplication: true, hasWindowDecorCaption: false, hasWindowControllerCallback: false
10-09 18:45:55.182  3114  3137 D MultiWindowDecorSupport: setCaptionType = 0
10-09 18:45:55.186  3114  3137 I AutofillSaveUi: Showing save dialog: Save password to Google?
10-09 18:45:55.190  2672  2672 I SurfaceFlinger: id=3598 createSurf (2560x2560),2 flag=4, WindowToken{31d993e android.view.ViewRootImpl$W@49f05f9}#0
10-09 18:45:55.193  3114  3137 D InputTransport: Input channel constructed: fd=414
10-09 18:45:55.193  3114  3137 D InputTransport: Input channel constructed: fd=600
10-09 18:45:55.195  3114  3144 V MARsPolicyManager: onAlertToastWindowStarted pkgName = android, userId = 0
10-09 18:45:55.197  2672  2672 I SurfaceFlinger: id=3599 createSurf (2560x2560),2 flag=4, c3f539f android#0
10-09 18:45:55.204  3114  3137 V WindowManager: Changing focus from Window{2a9b5b6 u0 com.example.myapplication/com.example.myapplication.MainActivity} to Window{c3f539f u0 android} Callers=com.android.server.wm.WindowManagerService.addWindow:1803 com.android.server.wm.Session.addToDisplayForTranslate:250 com.android.server.wm.Session.addToDisplay:239 android.view.ViewRootImpl.setView:1042 
10-09 18:45:55.204  3114  3137 D StatusBarManagerService: notifyRequestedSystemKey recent=false home=false
10-09 18:45:55.206  3114  3137 D InputDispatcher: Focus left window (13395): 2a9b5b6 0
10-09 18:45:55.206  3114  3137 D InputDispatcher: Focus entered window (3114): c3f539f 0
10-09 18:45:55.207  3114  3148 D WindowManager: reportFocusChangedSerialized, focused=true, inTouchMode=true, win=Window{c3f539f u0 android}
10-09 18:45:55.209  3114  3137 D ViewRootImpl@49f05f9[]: setView = DecorView@e6b3cec[] TM=true MM=false
10-09 18:45:55.221  3114  3137 V WindowManager: Relayout Window{c3f539f u0 android}: viewVisibility=0 req=720x552 {(0,0)(wrapxwrap) gr=BOTTOM CENTER sim={adjust=pan forwardNavigation} ty=APPLICATION_OVERLAY fmt=TRANSLUCENT wanim=0x1030314 surfaceInsets=Rect(4, 4 - 4, 4)
10-09 18:45:55.221  3114  3137 V WindowManager:   fl=1860022
10-09 18:45:55.221  3114  3137 V WindowManager:   pfl=1000010
10-09 18:45:55.221  3114  3137 V WindowManager:   vsysui=10 dimDuration=150 naviIconColor=0}
10-09 18:45:55.225  3114  3137 V WindowManager: Resize reasons for w=Window{c3f539f u0 android}:  contentInsetsChanged=false [0,0][0,0] visibleInsetsChanged=false [0,0][0,0] stableInsetsChanged=false [0,0][0,0] outsetsChanged=false [0,0][0,0] surfaceResized=false configChanged=true dragResizingChanged=false reportOrientationChanged=false displayCutoutChanged=false nextForceRelayoutToClient=false
10-09 18:45:55.229  2672  2672 I SurfaceFlinger: id=3600 createSurf (728x560),1 flag=4, #0
10-09 18:45:55.231  3114  3137 D WindowManager: makeSurface duration=2 name=
10-09 18:45:55.233  3114  3137 D ViewRootImpl@49f05f9[]: Relayout returned: old=[0,48][720,1280] new=[0,728][720,1280] result=0x7 surface={true 3439376384} changed=true
10-09 18:45:55.234  3114  3352 I OpenGLRenderer: Initialized EGL, version 1.4
10-09 18:45:55.234  3114  3352 D OpenGLRenderer: Swap behavior 2
10-09 18:45:55.242  3114  3137 D ScrollView:  onsize change changed 
10-09 18:45:55.243  3114  3137 D WindowManager: setSystemUiVisibility: vis= 0x18, fullscreenVis= 0x0, dockedVis= 0x0, win=Window{c3f539f u0 android}
10-09 18:45:55.244  3114  3137 D ViewRootImpl@49f05f9[]: MSG_WINDOW_FOCUS_CHANGED 1 1
10-09 18:45:55.255  3114  3352 D mali_winsys: EGLint new_window_surface(egl_winsys_display *, void *, EGLSurface, EGLConfig, egl_winsys_surface **, EGLBoolean) returns 0x3000,  [728x560]-format:1
10-09 18:45:55.255  3114  3352 D OpenGLRenderer: eglCreateWindowSurface = 0xc8a0f800, 0xcd00b808
10-09 18:45:55.279  3114  3269 D WifiStateMachine: enter getWifiLinkLayerStats
10-09 18:45:55.280  3114  3269 I WifiVendorHal: getWifiLinkLayerStats(l.3127) before calling iface.getLinkLayerStats
10-09 18:45:55.280  2661  2661 I android.hardware.wifi@1.0-service: enter getLinkLayerStats
10-09 18:45:55.280  2661  2661 I android.hardware.wifi@1.0-service: enter getLinkLayerStatsInternal
10-09 18:45:55.281  2661  2661 I android.hardware.wifi@1.0-service: Successfully getLinkLayerStats.
10-09 18:45:55.282  3114  3269 I WifiVendorHal: getWifiLinkLayerStats(l.3127) after calling iface.getLinkLayerStats
10-09 18:45:55.287  3114  3269 I WifiStateMachine: checkScoreBasedQuality -  mPreviousScore[0]:65 mPreviousScore[1]:62 mPreviousScore[2]:58 s2Score:56mPrevoiusScoreAverage:61
10-09 18:45:55.296  3114  3137 D WindowManager: finishDrawingWindow: Window{c3f539f u0 android} mDrawState=DRAW_PENDING
10-09 18:45:55.296  3114  3137 D ViewRootImpl@49f05f9[]: MSG_RESIZED: frame=[0,728][720,1280] ci=[0,0][0,0] vi=[0,0][0,0] or=1
10-09 18:45:55.299  3114  3191 I WindowManager: commitFinishDrawingLocked: mDrawState=READY_TO_SHOW Surface(name=)/@0x8cf8abb
10-09 18:45:55.302  3114  3191 I WindowManager: Cancelling animation restarting=true, leash=null, surface=Surface(name=c3f539f android)/@0xac67b31, parent=Surface(name=WindowToken{31d993e android.view.ViewRootImpl$W@49f05f9})/@0x8f19216
10-09 18:45:55.302  3114  3191 I WindowManager: Reparenting to leash, surface=Surface(name=c3f539f android)/@0xac67b31
10-09 18:45:55.303  2672  2672 I SurfaceFlinger: id=3601 createSurf (2560x2560),2 flag=4, Surface(name=c3f539f android)/@0xac67b31 - animation-leash#0
10-09 18:45:55.308  3114  3191 D WindowManager: makeSurface duration=7 leash=Surface(name=Surface(name=c3f539f android)/@0xac67b31 - animation-leash)/@0xc621797
10-09 18:45:55.309  3114  3191 D SurfaceControl: reparent is called, sc=Surface(name=c3f539f android)/@0xac67b31, newParentHandle=android.os.BinderProxy@ebe3d84, transaction=android.view.SurfaceControl$Transaction@5d6996d
10-09 18:45:55.310  3114  3191 V WindowManager: performShowLocked: mDrawState=HAS_DRAWN in Window{c3f539f u0 android}
10-09 18:45:55.312  2672  2672 I SurfaceFlinger: id=3602 createSurf (2560x2560),-1 flag=20004, Dim Layer for - mAboveAppWindowsContainers#0
10-09 18:45:55.314  3114  3191 I WindowManager: Cancelling animation restarting=true, leash=null, surface=Surface(name=Dim Layer for - mAboveAppWindowsContainers)/@0x2269633, parent=Surface(name=mAboveAppWindowsContainers)/@0xeabe56f
10-09 18:45:55.314  3114  3191 I WindowManager: Reparenting to leash, surface=Surface(name=Dim Layer for - mAboveAppWindowsContainers)/@0x2269633
10-09 18:45:55.315  2672  2672 I SurfaceFlinger: id=3603 createSurf (2560x2560),2 flag=4, Surface(name=Dim Layer for - mAboveAppWindowsContainers)/@0x2269633 - animation-leash#0
10-09 18:45:55.317  3114  3191 D WindowManager: makeSurface duration=3 leash=Surface(name=Surface(name=Dim Layer for - mAboveAppWindowsContainers)/@0x2269633 - animation-leash)/@0xaa3adf0
10-09 18:45:55.317  3114  3191 D SurfaceControl: reparent is called, sc=Surface(name=Dim Layer for - mAboveAppWindowsContainers)/@0x2269633, newParentHandle=android.os.BinderProxy@e505f69, transaction=android.view.SurfaceControl$Transaction@a3de35a
10-09 18:45:55.318  2672  3766 D Layer   : [c3f539f android#0]::reparent oldParent:[WindowToken{31d993e android.view.ViewRootImpl$W@49f05f9}#0], newParent:[Surface(name=c3f539f android)/@0xac67b31 - animation-leash#0]
10-09 18:45:55.322  3114  3137 D WindowManager: setSystemUiVisibility: vis= 0x8, fullscreenVis= 0x0, dockedVis= 0x0, win=Window{c3f539f u0 android}
10-09 18:45:55.323  2672  3766 D Layer   : [Dim Layer for - mAboveAppWindowsContainers#0]::reparent oldParent:[mAboveAppWindowsContainers#0], newParent:[Surface(name=Dim Layer for - mAboveAppWindowsContainers)/@0x2269633 - animation-leash#0]
10-09 18:45:55.326  3114  3615 D SamsungPhoneWindowManager: adjustSystemUiVisibilityLw: vis=0x8
10-09 18:45:55.326  3114  3615 D InputManager-JNI: setSystemUiVisibility dexmode: false changed: true displayid: 0 visibility: 0x8 DD: 0x8 OD: 0x0
10-09 18:45:55.327  3114  3148 D WindowManager: reportFocusChangedSerialized, focused=false, inTouchMode=true, win=Window{2a9b5b6 u0 com.example.myapplication/com.example.myapplication.MainActivity}
10-09 18:45:55.327 13395 13395 D ViewRootImpl@b3df3ce[MainActivity]: MSG_WINDOW_FOCUS_CHANGED 0 1
