10-09 18:45:55.327 13395 13395 D InputMethodManager: prepareNavigationBarInfo() DecorView@8fdc2ef[MainActivity]
10-09 18:45:55.327 13395 13395 D InputMethodManager: getNavigationBarColor() -855310
10-09 18:45:55.358  2672  2672 I SurfaceFlinger: Display 0 HWC layers:
10-09 18:45:55.358  2672  2672 I SurfaceFlinger:     type    |    handle    | flag |  format   |   source crop (l,t,r,b)    |         frame       | name 
10-09 18:45:55.358  2672  2672 I SurfaceFlinger: ------------+--------------+------+-----------+----------------------------+---------------------+------
10-09 18:45:55.358  2672  2672 I SurfaceFlinger:      Device | 0xedeae600 | 0002 | RGBA_8888 |   0.0    0.0  720.0 1280.0 |    0    0  720 1280 | com.example.myapplication/com.example.myapplication.MainActivity[13395]#0
10-09 18:45:55.358  2672  2672 I SurfaceFlinger:      Client |              | 0000 |  Unknown  |   0.0    0.0   -1.0   -1.0 |    0    0  720 1280 | Dim Layer for - mAboveAppWindowsContainers#0
10-09 18:45:55.358  2672  2672 I SurfaceFlinger:      Device | 0xee2c3fc0 | 0000 | RGBA_8888 |   0.0    0.0  720.0   48.0 |    0    0  720   48 | StatusBar[3479]#0
10-09 18:45:55.358  2672  2672 I SurfaceFlinger: 
10-09 18:45:55.494 12869 12901 I Finsky  : [6255] loe.run(36): Stats for Executor: bgExecutor lqi@ad5cafd[Running, pool size = 4, active threads = 0, queued tasks = 0, completed tasks = 111]
10-09 18:45:55.494 13395 13395 D Dialog  : mIsSamsungBasicInteraction = false, isMetaDataInActivity = false
10-09 18:45:55.503 13395 13395 I DecorView: mWindow.mActivityCurrentConfig is null.
10-09 18:45:55.503 13395 13395 I MultiWindowDecorSupport: updateCaptionType >> com.android.internal.policy.MultiWindowDecorSupport@a945856, isFloating: true, isApplication: true, hasWindowDecorCaption: false, hasWindowControllerCallback: false
10-09 18:45:55.503 13395 13395 D MultiWindowDecorSupport: setCaptionType = 0
10-09 18:45:55.549 13395 13395 D ScrollView: initGoToTop
10-09 18:45:55.572  3114  3615 D InputTransport: Input channel constructed: fd=605
10-09 18:45:55.572  3114  3615 D InputTransport: Input channel constructed: fd=606
10-09 18:45:55.577  2672  2672 I SurfaceFlinger: id=3604 createSurf (2560x2560),2 flag=4, 3868925 com.example.myapplication/com.example.myapplication.MainActivity#0
10-09 18:45:55.581  3114  3615 D InputTransport: Input channel destroyed: fd=606
10-09 18:45:55.582 13395 13395 D InputTransport: Input channel constructed: fd=81
10-09 18:45:55.582 13395 13395 D ViewRootImpl@60c331d[MainActivity]: setView = DecorView@32c992[MainActivity] TM=true MM=false
10-09 18:45:55.606  3114  4974 V WindowManager: Relayout Window{3868925 u0 com.example.myapplication/com.example.myapplication.MainActivity}: viewVisibility=0 req=684x533 {(0,0)(wrapxwrap) gr=CENTER sim={adjust=pan forwardNavigation} ty=APPLICATION fmt=TRANSLUCENT wanim=0x7f0f0002 surfaceInsets=Rect(64, 64 - 64, 64)
10-09 18:45:55.606  3114  4974 V WindowManager:   fl=1800002
10-09 18:45:55.606  3114  4974 V WindowManager:   pfl=1000000
10-09 18:45:55.606  3114  4974 V WindowManager:   vsysui=10 naviIconColor=0}
10-09 18:45:55.612  3114  4974 V WindowManager: Resize reasons for w=Window{3868925 u0 com.example.myapplication/com.example.myapplication.MainActivity}:  contentInsetsChanged=false [0,0][0,0] visibleInsetsChanged=false [0,0][0,0] stableInsetsChanged=false [0,0][0,0] outsetsChanged=false [0,0][0,0] surfaceResized=false configChanged=true dragResizingChanged=false reportOrientationChanged=false displayCutoutChanged=false nextForceRelayoutToClient=false
10-09 18:45:55.626  2672  2672 I SurfaceFlinger: Display 0 HWC layers:
10-09 18:45:55.626  2672  2672 I SurfaceFlinger:     type    |    handle    | flag |  format   |   source crop (l,t,r,b)    |         frame       | name 
10-09 18:45:55.626  2672  2672 I SurfaceFlinger: ------------+--------------+------+-----------+----------------------------+---------------------+------
10-09 18:45:55.626  2672  2672 I SurfaceFlinger:      Device | 0xedeae3c0 | 0002 | RGBA_8888 |   0.0    0.0  720.0 1280.0 |    0    0  720 1280 | com.example.myapplication/com.example.myapplication.MainActivity[13395]#0
10-09 18:45:55.626  2672  2672 I SurfaceFlinger:      Client |              | 0000 |  Unknown  |   0.0    0.0   -1.0   -1.0 |    0    0  720 1280 | Dim Layer for - mAboveAppWindowsContainers#0
10-09 18:45:55.626  2672  2672 I SurfaceFlinger:      Client | 0xedeae840 | 0000 | RGBA_8888 |   4.0    0.0  724.0   52.0 |    0 1228  720 1280 | #0
10-09 18:45:55.626  2672  2672 I SurfaceFlinger:      Device | 0xee2c3fc0 | 0000 | RGBA_8888 |   0.0    0.0  720.0   48.0 |    0    0  720   48 | StatusBar[3479]#0
10-09 18:45:55.626  2672  2672 I SurfaceFlinger: 
10-09 18:45:55.627  2672  2672 D SurfaceFlinger: duplicate layer name: changing com.example.myapplication/com.example.myapplication.MainActivity[13395] to com.example.myapplication/com.example.myapplication.MainActivity[13395]#1
10-09 18:45:55.628  2672  2672 I SurfaceFlinger: id=3605 createSurf (812x661),1 flag=4, com.example.myapplication/com.example.myapplication.MainActivity[13395]#1
10-09 18:45:55.630  3114  4974 D WindowManager: makeSurface duration=7 name=com.example.myapplication/com.example.myapplication.MainActivity[13395]
10-09 18:45:55.633 13395 13395 D ViewRootImpl@60c331d[MainActivity]: Relayout returned: old=[0,48][720,1280] new=[18,397][702,930] result=0x7 surface={true 3841529856} changed=true
10-09 18:45:55.637 13395 13416 D mali_winsys: EGLint new_window_surface(egl_winsys_display *, void *, EGLSurface, EGLConfig, egl_winsys_surface **, EGLBoolean) returns 0x3000,  [812x661]-format:1
10-09 18:45:55.637 13395 13416 D OpenGLRenderer: eglCreateWindowSurface = 0xe9810620, 0xe4f91808
10-09 18:45:55.645 13395 13395 D ScrollView:  onsize change changed 
10-09 18:45:55.678  3114  4974 D WindowManager: finishDrawingWindow: Window{3868925 u0 com.example.myapplication/com.example.myapplication.MainActivity} mDrawState=DRAW_PENDING
10-09 18:45:55.679 13395 13395 D ViewRootImpl@60c331d[MainActivity]: MSG_RESIZED: frame=[18,397][702,930] ci=[0,0][0,0] vi=[0,0][0,0] or=1
10-09 18:45:55.683  3114  3191 I WindowManager: commitFinishDrawingLocked: mDrawState=READY_TO_SHOW Surface(name=com.example.myapplication/com.example.myapplication.MainActivity[13395])/@0x5afdafa
10-09 18:45:55.692  3114  3191 I WindowManager: commitFinishDrawingLocked: mDrawState=READY_TO_SHOW Surface(name=com.example.myapplication/com.example.myapplication.MainActivity[13395])/@0x5afdafa
10-09 18:45:55.693  3114  3191 I WindowManager: Cancelling animation restarting=true, leash=null, surface=Surface(name=3868925 com.example.myapplication/com.example.myapplication.MainActivity)/@0xd3b92a1, parent=Surface(name=AppWindowToken{db5b7f5 token=Token{b14212c ActivityRecord{6a820df u0 com.example.myapplication/.MainActivity t87}}})/@0x228093a
10-09 18:45:55.694  3114  3191 I WindowManager: Reparenting to leash, surface=Surface(name=3868925 com.example.myapplication/com.example.myapplication.MainActivity)/@0xd3b92a1
10-09 18:45:55.695  2672  2672 I SurfaceFlinger: id=3606 createSurf (2560x2560),2 flag=4, Surface(name=3868925 com.example.myapplication/com.example.myapplication.MainActivity)/@0xd3b92a1 - animation-leash#0
10-09 18:45:55.698  3114  3191 D WindowManager: makeSurface duration=4 leash=Surface(name=Surface(name=3868925 com.example.myapplication/com.example.myapplication.MainActivity)/@0xd3b92a1 - animation-leash)/@0x290acc6
10-09 18:45:55.698  3114  3191 D SurfaceControl: reparent is called, sc=Surface(name=3868925 com.example.myapplication/com.example.myapplication.MainActivity)/@0xd3b92a1, newParentHandle=android.os.BinderProxy@3621487, transaction=android.view.SurfaceControl$Transaction@a6e0fb4
10-09 18:45:55.698  3114  3191 V WindowManager: performShowLocked: mDrawState=HAS_DRAWN in Window{3868925 u0 com.example.myapplication/com.example.myapplication.MainActivity}
10-09 18:45:55.700  2672  2672 I SurfaceFlinger: id=3607 createSurf (2560x2560),-1 flag=20004, Dim Layer for - Task=87#0
10-09 18:45:55.701  3114  3191 I WindowManager: Cancelling animation restarting=true, leash=null, surface=Surface(name=Dim Layer for - Task=87)/@0x2ddb7dd, parent=Surface(name=Task=87)/@0xab7c9eb
10-09 18:45:55.701  3114  3191 I WindowManager: Reparenting to leash, surface=Surface(name=Dim Layer for - Task=87)/@0x2ddb7dd
10-09 18:45:55.702  2672  2672 I SurfaceFlinger: id=3608 createSurf (2560x2560),2 flag=4, Surface(name=Dim Layer for - Task=87)/@0x2ddb7dd - animation-leash#0
10-09 18:45:55.704  3114  3191 D WindowManager: makeSurface duration=3 leash=Surface(name=Surface(name=Dim Layer for - Task=87)/@0x2ddb7dd - animation-leash)/@0x85acf52
10-09 18:45:55.705  3114  3191 D SurfaceControl: reparent is called, sc=Surface(name=Dim Layer for - Task=87)/@0x2ddb7dd, newParentHandle=android.os.BinderProxy@5417223, transaction=android.view.SurfaceControl$Transaction@136926d
10-09 18:45:55.706  2672  2792 D Layer   : [3868925 com.example.myapplication/com.example.myapplication.MainActivity#0]::reparent oldParent:[AppWindowToken{db5b7f5 token=Token{b14212c ActivityRecord{6a820df u0 com.example.myapplication/.MainActivity t87}}}#0], newParent:[Surface(name=3868925 com.example.myapplication/com.example.myapplication.MainActivity)/@0xd3b92a1 - animation-leash#0]
10-09 18:45:55.715  2672  2792 D Layer   : [Dim Layer for - Task=87#0]::reparent oldParent:[Task=87#0], newParent:[Surface(name=Dim Layer for - Task=87)/@0x2ddb7dd - animation-leash#0]
10-09 18:45:55.743  2672  2672 I SurfaceFlinger: Display 0 HWC layers:
10-09 18:45:55.743  2672  2672 I SurfaceFlinger:     type    |    handle    | flag |  format   |   source crop (l,t,r,b)    |         frame       | name 
10-09 18:45:55.743  2672  2672 I SurfaceFlinger: ------------+--------------+------+-----------+----------------------------+---------------------+------
10-09 18:45:55.743  2672  2672 I SurfaceFlinger:      Device | 0xedeae300 | 0002 | RGBA_8888 |   0.0    0.0  720.0 1280.0 |    0    0  720 1280 | com.example.myapplication/com.example.myapplication.MainActivity[13395]#0
10-09 18:45:55.743  2672  2672 I SurfaceFlinger:      Client | 0xee2c42c0 | 0000 | RGBA_8888 |  46.0    0.0  766.0  661.0 |    0  333  720  994 | com.example.myapplication/com.example.myapplication.MainActivity[13395]#1
10-09 18:45:55.743  2672  2672 I SurfaceFlinger:      Client |              | 0000 |  Unknown  |   0.0    0.0   -1.0   -1.0 |    0    0  720 1280 | Dim Layer for - mAboveAppWindowsContainers#0
10-09 18:45:55.743  2672  2672 I SurfaceFlinger:      Client | 0xedeae840 | 0000 | RGBA_8888 |   4.0    0.0  724.0  434.0 |    0  846  720 1280 | #0
10-09 18:45:55.743  2672  2672 I SurfaceFlinger:      Device | 0xee2c3fc0 | 0000 | RGBA_8888 |   0.0    0.0  720.0   48.0 |    0    0  720   48 | StatusBar[3479]#0
10-09 18:45:55.743  2672  2672 I SurfaceFlinger: 
10-09 18:45:55.760  2672  2672 I SurfaceFlinger: Display 0 HWC layers:
10-09 18:45:55.760  2672  2672 I SurfaceFlinger:     type    |    handle    | flag |  format   |   source crop (l,t,r,b)    |         frame       | name 
10-09 18:45:55.760  2672  2672 I SurfaceFlinger: ------------+--------------+------+-----------+----------------------------+---------------------+------
10-09 18:45:55.760  2672  2672 I SurfaceFlinger:      Device | 0xedeae600 | 0002 | RGBA_8888 |   0.0    0.0  720.0 1280.0 |    0    0  720 1280 | com.example.myapplication/com.example.myapplication.MainActivity[13395]#0
10-09 18:45:55.760  2672  2672 I SurfaceFlinger:      Client |              | 0000 |  Unknown  |   0.0    0.0   -1.0   -1.0 |    0    0  720 1280 | Dim Layer for - Task=87#0
10-09 18:45:55.760  2672  2672 I SurfaceFlinger:      Client | 0xee2c42c0 | 0000 | RGBA_8888 |  46.0    0.0  766.0  661.0 |    0  333  720  994 | com.example.myapplication/com.example.myapplication.MainActivity[13395]#1
10-09 18:45:55.760  2672  2672 I SurfaceFlinger:      Client |              | 0000 |  Unknown  |   0.0    0.0   -1.0   -1.0 |    0    0  720 1280 | Dim Layer for - mAboveAppWindowsContainers#0
10-09 18:45:55.760  2672  2672 I SurfaceFlinger:      Client | 0xedeae840 | 0000 | RGBA_8888 |   4.0    0.0  724.0  471.0 |    0  809  720 1280 | #0
10-09 18:45:55.760  2672  2672 I SurfaceFlinger:      Device | 0xee2c3fc0 | 0000 | RGBA_8888 |   0.0    0.0  720.0   48.0 |    0 
10-09 18:45:55.760  2672  2672 I SurfaceFlinger:    0  720   48 | StatusBar[3479]#0
10-09 18:45:55.760  2672  2672 I SurfaceFlinger: 
10-09 18:45:55.823  3114  3191 I WindowManager: reset, Reparenting to original parent, shouldDeferScheduleAnimation=false, destroyLeash=true, surface=Surface(name=c3f539f android)/@0xac67b31, parent=Surface(name=WindowToken{31d993e android.view.ViewRootImpl$W@49f05f9})/@0x8f19216, parentNativeHandle=android.os.BinderProxy@e2f0d7f, caller=com.android.server.wm.SurfaceAnimator.lambda$getFinishedCallback$0:97 com.android.server.wm.-$$Lambda$SurfaceAnimator$SIBia0mND666K8lMCPsoid8pUTI.run:4 com.android.server.wm.SurfaceAnimator.lambda$getFinishedCallback$1:104 com.android.server.wm.-$$Lambda$SurfaceAnimator$vdRZk66hQVbQCvVXEaQCT1kVmFc.onAnimationFinished:4 com.android.server.wm.LocalAnimationAdapter.lambda$startAnimation$0:74 
10-09 18:45:55.824  3114  3191 D SurfaceControl: reparent is called, sc=Surface(name=c3f539f android)/@0xac67b31, newParentHandle=android.os.BinderProxy@e2f0d7f, transaction=android.view.SurfaceControl$Transaction@5d6996d
10-09 18:45:55.825  3114  3191 D SurfaceControl: destroy(transaction), animation-leash is destroyed, sc=Surface(name=Surface(name=c3f539f android)/@0xac67b31 - animation-leash)/@0xc621797, transaction=android.view.SurfaceControl$Transaction@5d6996d, caller=com.android.server.wm.SurfaceAnimator.reset:344 com.android.server.wm.SurfaceAnimator.lambda$getFinishedCallback$0:97 com.android.server.wm.-$$Lambda$SurfaceAnimator$SIBia0mND666K8lMCPsoid8pUTI.run:4 com.android.server.wm.SurfaceAnimator.lambda$getFinishedCallback$1:104 com.android.server.wm.-$$Lambda$SurfaceAnimator$vdRZk66hQVbQCvVXEaQCT1kVmFc.onAnimationFinished:4 com.android.server.wm.LocalAnimationAdapter.lambda$startAnimation$0:74 com.android.server.wm.-$$Lambda$LocalAnimationAdapter$X--EomqUvw4qy89IeeTFTH7aCMo.run:4 
10-09 18:45:55.829  3114  3191 I WindowManager: reset, Reparenting to original parent, shouldDeferScheduleAnimation=false, destroyLeash=true, surface=Surface(name=Dim Layer for - mAboveAppWindowsContainers)/@0x2269633, parent=Surface(name=mAboveAppWindowsContainers)/@0xeabe56f, parentNativeHandle=android.os.BinderProxy@ba50595, caller=com.android.server.wm.SurfaceAnimator.lambda$getFinishedCallback$0:97 com.android.server.wm.-$$Lambda$SurfaceAnimator$SIBia0mND666K8lMCPsoid8pUTI.run:4 com.android.server.wm.SurfaceAnimator.lambda$getFinishedCallback$1:104 com.android.server.wm.-$$Lambda$SurfaceAnimator$vdRZk66hQVbQCvVXEaQCT1kVmFc.onAnimationFinished:4 com.android.server.wm.LocalAnimationAdapter.lambda$startAnimation$0:74 
10-09 18:45:55.829  3114  3191 D SurfaceControl: reparent is called, sc=Surface(name=Dim Layer for - mAboveAppWindowsContainers)/@0x2269633, newParentHandle=android.os.BinderProxy@ba50595, transaction=android.view.SurfaceControl$Transaction@a3de35a
10-09 18:45:55.831  3114  3191 D SurfaceControl: destroy(transaction), animation-leash is destroyed, sc=Surface(name=Surface(name=Dim Layer for - mAboveAppWindowsContainers)/@0x2269633 - animation-leash)/@0xaa3adf0, transaction=android.view.SurfaceControl$Transaction@a3de35a, caller=com.android.server.wm.SurfaceAnimator.reset:344 com.android.server.wm.SurfaceAnimator.lambda$getFinishedCallback$0:97 com.android.server.wm.-$$Lambda$SurfaceAnimator$SIBia0mND666K8lMCPsoid8pUTI.run:4 com.android.server.wm.SurfaceAnimator.lambda$getFinishedCallback$1:104 com.android.server.wm.-$$Lambda$SurfaceAnimator$vdRZk66hQVbQCvVXEaQCT1kVmFc.onAnimationFinished:4 com.android.server.wm.LocalAnimationAdapter.lambda$startAnimation$0:74 com.android.server.wm.-$$Lambda$LocalAnimationAdapter$X--EomqUvw4qy89IeeTFTH7aCMo.run:4 
10-09 18:45:55.842  3114  3191 D WindowManager: prepareSurfaces, request to clear saved leash, surface=Surface(name=c3f539f android)/@0xac67b31
10-09 18:45:55.843  2672  3766 D Layer   : [Dim Layer for - mAboveAppWindowsContainers#0]::reparent oldParent:[Surface(name=Dim Layer for - mAboveAppWindowsContainers)/@0x2269633 - animation-leash#0], newParent:[mAboveAppWindowsContainers#0]
10-09 18:45:55.844  2672  3766 D Layer   : [c3f539f android#0]::reparent oldParent:[Surface(name=c3f539f android)/@0xac67b31 - animation-leash#0], newParent:[WindowToken{31d993e android.view.ViewRootImpl$W@49f05f9}#0]
10-09 18:45:55.844  2672  3766 I SurfaceFlinger: id=3601 Removed Surface(name=c3f539f android)/@0xac67b31 - animation-leash#0 (1/78)
10-09 18:45:55.844  2672  3766 I SurfaceFlinger: id=3603 Removed Surface(name=Dim Layer for - mAboveAppWindowsContainers)/@0x2269633 - animation-leash#0 (1/77)
10-09 18:45:55.845  3114  3191 D WindowManager: clearSavedLeashOnCommit, savedLeash=Surface(name=Surface(name=c3f539f android)/@0xac67b31 - animation-leash)/@0xc621797, caller=com.android.server.wm.WindowContainer.clearSavedLeashOnCommit:1156 com.android.server.wm.WindowContainer.clearSavedLeashOnCommit:1160 com.android.server.wm.WindowContainer.clearSavedLeashOnCommit:1160 com.android.server.wm.WindowContainer.clearSavedLeashOnCommit:1160 com.android.server.wm.RootWindowContainer.performSurfacePlacement:812 com.android.server.wm.WindowSurfacePlacer.performSurfacePlacementLoop:212 
10-09 18:45:55.855  2672  2672 I Layer   : id=3601 onRemoved Surface(name=c3f539f android)/@0xac67b31 - animation-leash#0 
10-09 18:45:55.855  2672  2672 I Layer   : id=3603 onRemoved Surface(name=Dim Layer for - mAboveAppWindowsContainers)/@0x2269633 - animation-leash#0 
10-09 18:45:55.860  3114  3191 I WindowManager: reset, Reparenting to original parent, shouldDeferScheduleAnimation=false, destroyLeash=true, surface=Surface(name=3868925 com.example.myapplication/com.example.myapplication.MainActivity)/@0xd3b92a1, parent=Surface(name=AppWindowToken{db5b7f5 token=Token{b14212c ActivityRecord{6a820df u0 com.example.myapplication/.MainActivity t87}}})/@0x228093a, parentNativeHandle=android.os.BinderProxy@ae14ef9, caller=com.android.server.wm.SurfaceAnimator.lambda$getFinishedCallback$0:97 com.android.server.wm.-$$Lambda$SurfaceAnimator$SIBia0mND666K8lMCPsoid8pUTI.run:4 com.android.server.wm.SurfaceAnimator.lambda$getFinishedCallback$1:104 com.android.server.wm.-$$Lambda$SurfaceAnimator$vdRZk66hQVbQCvVXEaQCT1kVmFc.onAnimationFinished:4 com.android.server.wm.LocalAnimationAdapter.lambda$startAnimation$0:74 
10-09 18:45:55.861  3114  3191 D SurfaceControl: reparent is called, sc=Surface(name=3868925 com.example.myapplication/com.example.myapplication.MainActivity)/@0xd3b92a1, newParentHandle=android.os.BinderProxy@ae14ef9, transaction=android.view.SurfaceControl$Transaction@a6e0fb4
10-09 18:45:55.863  3114  3191 D SurfaceControl: destroy(transaction), animation-leash is destroyed, sc=Surface(name=Surface(name=3868925 com.example.myapplication/com.example.myapplication.MainActivity)/@0xd3b92a1 - animation-leash)/@0x290acc6, transaction=android.view.SurfaceControl$Transaction@a6e0fb4, caller=com.android.server.wm.SurfaceAnimator.reset:344 com.android.server.wm.SurfaceAnimator.lambda$getFinishedCallback$0:97 com.android.server.wm.-$$Lambda$SurfaceAnimator$SIBia0mND666K8lMCPsoid8pUTI.run:4 com.android.server.wm.SurfaceAnimator.lambda$getFinishedCallback$1:104 com.android.server.wm.-$$Lambda$SurfaceAnimator$vdRZk66hQVbQCvVXEaQCT1kVmFc.onAnimationFinished:4 com.android.server.wm.LocalAnimationAdapter.lambda$startAnimation$0:74 com.android.server.wm.-$$Lambda$LocalAnimationAdapter$X--EomqUvw4qy89IeeTFTH7aCMo.run:4 
10-09 18:45:55.867  3114  3191 D WindowManager: prepareSurfaces, request to clear saved leash, surface=Surface(name=3868925 com.example.myapplication/com.example.myapplication.MainActivity)/@0xd3b92a1
10-09 18:45:55.868  2672  2792 D Layer   : [3868925 com.example.myapplication/com.example.myapplication.MainActivity#0]::reparent oldParent:[Surface(name=3868925 com.example.myapplication/com.example.myapplication.MainActivity)/@0xd3b92a1 - animation-leash#0], newParent:[AppWindowToken{db5b7f5 token=Token{b14212c ActivityRecord{6a820df u0 com.example.myapplication/.MainActivity t87}}}#0]
10-09 18:45:55.868  2672  2792 I SurfaceFlinger: id=3606 Removed Surface(name=3868925 com.example.myapplication/com.example.myapplication.MainActivity)/@0xd3b92a1 - animation-leash#0 (2/76)
10-09 18:45:55.869  3114  3191 D WindowManager: clearSavedLeashOnCommit, savedLeash=Surface(name=Surface(name=3868925 com.example.myapplication/com.example.myapplication.MainActivity)/@0xd3b92a1 - animation-leash)/@0x290acc6, caller=com.android.server.wm.WindowContainer.clearSavedLeashOnCommit:1156 com.android.server.wm.WindowContainer.clearSavedLeashOnCommit:1160 com.android.server.wm.WindowContainer.clearSavedLeashOnCommit:1160 com.android.server.wm.WindowContainer.clearSavedLeashOnCommit:1160 com.android.server.wm.WindowContainer.clearSavedLeashOnCommit:1160 com.android.server.wm.WindowContainer.clearSavedLeashOnCommit:1160 
10-09 18:45:55.871  2672  2672 I Layer   : id=3606 onRemoved Surface(name=3868925 com.example.myapplication/com.example.myapplication.MainActivity)/@0xd3b92a1 - animation-leash#0 
10-09 18:45:55.875  3114  3191 I WindowManager: reset, Reparenting to original parent, shouldDeferScheduleAnimation=false, destroyLeash=true, surface=Surface(name=Dim Layer for - Task=87)/@0x2ddb7dd, parent=Surface(name=Task=87)/@0xab7c9eb, parentNativeHandle=android.os.BinderProxy@b9f68de, caller=com.android.server.wm.SurfaceAnimator.lambda$getFinishedCallback$0:97 com.android.server.wm.-$$Lambda$SurfaceAnimator$SIBia0mND666K8lMCPsoid8pUTI.run:4 com.android.server.wm.SurfaceAnimator.lambda$getFinishedCallback$1:104 com.android.server.wm.-$$Lambda$SurfaceAnimator$vdRZk66hQVbQCvVXEaQCT1kVmFc.onAnimationFinished:4 com.android.server.wm.LocalAnimationAdapter.lambda$startAnimation$0:74 
10-09 18:45:55.875  3114  3191 D SurfaceControl: reparent is called, sc=Surface(name=Dim Layer for - Task=87)/@0x2ddb7dd, newParentHandle=android.os.BinderProxy@b9f68de, transaction=android.view.SurfaceControl$Transaction@136926d
10-09 18:45:55.876  3114  3191 D SurfaceControl: destroy(transaction), animation-leash is destroyed, sc=Surface(name=Surface(name=Dim Layer for - Task=87)/@0x2ddb7dd - animation-leash)/@0x85acf52, transaction=android.view.SurfaceControl$Transaction@136926d, caller=com.android.server.wm.SurfaceAnimator.reset:344 com.android.server.wm.SurfaceAnimator.lambda$getFinishedCallback$0:97 com.android.server.wm.-$$Lambda$SurfaceAnimator$SIBia0mND666K8lMCPsoid8pUTI.run:4 com.android.server.wm.SurfaceAnimator.lambda$getFinishedCallback$1:104 com.android.server.wm.-$$Lambda$SurfaceAnimator$vdRZk66hQVbQCvVXEaQCT1kVmFc.onAnimationFinished:4 com.android.server.wm.LocalAnimationAdapter.lambda$startAnimation$0:74 com.android.server.wm.-$$Lambda$LocalAnimationAdapter$X--EomqUvw4qy89IeeTFTH7aCMo.run:4 
10-09 18:45:55.883  2672  2792 D Layer   : [Dim Layer for - Task=87#0]::reparent oldParent:[Surface(name=Dim Layer for - Task=87)/@0x2ddb7dd - animation-leash#0], newParent:[Task=87#0]
10-09 18:45:55.883  2672  2792 I SurfaceFlinger: id=3608 Removed Surface(name=Dim Layer for - Task=87)/@0x2ddb7dd - animation-leash#0 (2/75)
10-09 18:45:55.888  2672  2672 I Layer   : id=3608 onRemoved Surface(name=Dim Layer for - Task=87)/@0x2ddb7dd - animation-leash#0 
10-09 18:45:57.421  3114  3239 D InputReader: Input event(5): value=1 when=21350.411645
10-09 18:45:57.421  3114  3239 I InputReader: Touch event's action is 0x0 (deviceType=0) [pCnt=1, s=0.1723 ] when=21350.411645
10-09 18:45:57.422  3114  3238 I InputDispatcher: Delivering touch to (3479): action: 0x4, displayId: 0, '4a0a87e', toolType: 1
10-09 18:45:57.422  3114  3238 I clp-JNI : Add pinfo) 0
10-09 18:45:57.422  3114  3238 I InputDispatcher: Delivering touch to (3114): action: 0x0, displayId: 0, 'c3f539f', toolType: 1
10-09 18:45:57.422  3114  3137 D ViewRootImpl@49f05f9[]: ViewPostIme pointer 0
10-09 18:45:57.487  3114  3239 D InputReader: Input event(5): value=0 when=21350.477439
10-09 18:45:57.487  3114  3239 I InputReader: Touch event's action is 0x1 (deviceType=0) [pCnt=1, s=] when=21350.477439
10-09 18:45:57.487  3114  3238 I clp-JNI : Add pinfo) c3f539f android (server) : AppWindowToken{db5b7f5 token=Token{b14212c ActivityRecord{6a820df u0 com.example.myapplication/.MainActivity t87}}} : 3114 : 1000 : 1
10-09 18:45:57.487  3114  3238 I clp-JNI : Add pinfo) 1
10-09 18:45:57.487  3114  3238 I InputDispatcher: Delivering touch to (3114): action: 0x1, displayId: 0, 'c3f539f', toolType: 1
10-09 18:45:57.488  3114  3137 D ViewRootImpl@49f05f9[]: ViewPostIme pointer 1
10-09 18:45:57.496  2672  2792 E BufferQueueProducer: [#0] disconnect: not connected (req=1)
10-09 18:45:57.496  3114  3352 W libEGL  : EGLNativeWindowType 0xcd00b808 disconnect failed
10-09 18:45:57.496  3114  3352 D OpenGLRenderer: eglDestroySurface = 0xc8a0f800, 0xcd00b800
10-09 18:45:57.496  3114  3352 D OpenGLRenderer: endAllActiveAnimators on 0xc0d30c80 (InsetDrawable) with handle 0xba4c0a40
10-09 18:45:57.496  3114  3137 D ViewRootImpl@49f05f9[]: dispatchDetachedFromWindow
10-09 18:45:57.499  3114  3137 V WindowManager: Remove Window{c3f539f u0 android}: mSurfaceController=Surface(name=)/@0x8cf8abb mAnimatingExit=false mRemoveOnExit=false mHasSurface=true surfaceShowing=true isAnimationSet=false app-animation=false mWillReplaceWindow=false inPendingTransaction=false mDisplayFrozen=false callers=com.android.server.wm.WindowState.removeIfPossible:2808 com.android.server.wm.WindowManagerService.removeWindow:1984 com.android.server.wm.Session.remove:274 android.view.ViewRootImpl.dispatchDetachedFromWindow:4653 android.view.ViewRootImpl.doDie:8121 android.view.ViewRootImpl.die:8083 
10-09 18:45:57.500  3114  3137 I WindowManager: Cancelling animation restarting=true, leash=null, surface=Surface(name=c3f539f android)/@0xac67b31, parent=Surface(name=WindowToken{31d993e android.view.ViewRootImpl$W@49f05f9})/@0x8f19216
10-09 18:45:57.500  3114  3137 I WindowManager: Reparenting to leash, surface=Surface(name=c3f539f android)/@0xac67b31
10-09 18:45:57.502  2672  2672 I SurfaceFlinger: id=3609 createSurf (2560x2560),2 flag=4, Surface(name=c3f539f android)/@0xac67b31 - animation-leash#0
10-09 18:45:57.503  3114  3137 D WindowManager: makeSurface duration=2 leash=Surface(name=Surface(name=c3f539f android)/@0xac67b31 - animation-leash)/@0xb832a13
10-09 18:45:57.503  3114  3137 D SurfaceControl: reparent is called, sc=Surface(name=c3f539f android)/@0xac67b31, newParentHandle=android.os.BinderProxy@b5ce450, transaction=android.view.SurfaceControl$Transaction@5d6996d
10-09 18:45:57.524  3114  3137 V WindowManager: Changing focus from Window{c3f539f u0 android EXITING} to Window{3868925 u0 com.example.myapplication/com.example.myapplication.MainActivity} Callers=com.android.server.wm.WindowState.setupWindowForRemoveOnExit:2958 com.android.server.wm.WindowState.removeIfPossible:2929 com.android.server.wm.WindowState.removeIfPossible:2808 com.android.server.wm.WindowManagerService.removeWindow:1984 
10-09 18:45:57.524  3114  3137 D StatusBarManagerService: notifyRequestedSystemKey recent=false home=false
10-09 18:45:57.529  3114  3137 I WindowManager: Cancelling animation restarting=true, leash=null, surface=Surface(name=Dim Layer for - mAboveAppWindowsContainers)/@0x2269633, parent=Surface(name=mAboveAppWindowsContainers)/@0xeabe56f
10-09 18:45:57.530  3114  3137 I WindowManager: Reparenting to leash, surface=Surface(name=Dim Layer for - mAboveAppWindowsContainers)/@0x2269633
10-09 18:45:57.532  2672  2672 I SurfaceFlinger: id=3610 createSurf (2560x2560),2 flag=4, Surface(name=Dim Layer for - mAboveAppWindowsContainers)/@0x2269633 - animation-leash#0
10-09 18:45:57.534  3114  3137 D WindowManager: makeSurface duration=4 leash=Surface(name=Surface(name=Dim Layer for - mAboveAppWindowsContainers)/@0x2269633 - animation-leash)/@0x8eddb4e
10-09 18:45:57.534  3114  3137 D SurfaceControl: reparent is called, sc=Surface(name=Dim Layer for - mAboveAppWindowsContainers)/@0x2269633, newParentHandle=android.os.BinderProxy@26c546f, transaction=android.view.SurfaceControl$Transaction@a3de35a
10-09 18:45:57.535  2672  2792 D Layer   : [c3f539f android#0]::reparent oldParent:[WindowToken{31d993e android.view.ViewRootImpl$W@49f05f9}#0], newParent:[Surface(name=c3f539f android)/@0xac67b31 - animation-leash#0]
10-09 18:45:57.536  3114  3137 D InputDispatcher: Focus left window (3114): c3f539f 0
10-09 18:45:57.536  3114  3137 D InputDispatcher: Focus entered window (13395): 3868925 0
10-09 18:45:57.536  3114  3137 D InputTransport: Input channel destroyed: fd=414
10-09 18:45:57.537  3114  3137 D InputTransport: Input channel destroyed: fd=600
10-09 18:45:57.537  3114  3148 D WindowManager: reportFocusChangedSerialized, focused=true, inTouchMode=true, win=Window{3868925 u0 com.example.myapplication/com.example.myapplication.MainActivity}
10-09 18:45:57.538 13395 13395 D ViewRootImpl@60c331d[MainActivity]: MSG_WINDOW_FOCUS_CHANGED 1 1
10-09 18:45:57.538 13395 13395 D InputMethodManager: prepareNavigationBarInfo() DecorView@32c992[MainActivity]
10-09 18:45:57.538 13395 13395 D InputMethodManager: getNavigationBarColor() -855310
10-09 18:45:57.538  3114  3615 D StorageManagerService: getExternalStorageMountMode : 3
10-09 18:45:57.539  3114  3615 D StorageManagerService: getExternalStorageMountMode : 3
10-09 18:45:57.539  3114  3615 D StorageManagerService: getExternalStorageMountMode : final mountMode=3, uid : 10021, packageName : com.google.android.gms
10-09 18:45:57.539  3114  3615 I ApplicationPolicy: isApplicationExternalStorageWhitelisted:com.google.android.gms user:0
10-09 18:45:57.539  3114  3615 D ApplicationPolicy: isApplicationExternalStorageWhitelisted: DO is not enabled on user 0. Allowed.
10-09 18:45:57.539  3114  3615 D ActivityManager: package  com.google.android.gms, user - 0 is SDcard whitelisted
10-09 18:45:57.539  3114  3615 I ApplicationPolicy: isApplicationExternalStorageBlacklisted:com.google.android.gms user:0
10-09 18:45:57.539  3114  3615 D ApplicationPolicy: isApplicationExternalStorageBlacklisted: DO is not enabled on user 0. Allowed.
10-09 18:45:57.540  3114  3615 I ApplicationPolicy: isApplicationExternalStorageBlacklisted:com.google.android.gms user:0
10-09 18:45:57.540  3114  3615 D ApplicationPolicy: isApplicationExternalStorageBlacklisted: DO is not enabled on user 0. Allowed.
10-09 18:45:57.541  2672  2792 D Layer   : [Dim Layer for - mAboveAppWindowsContainers#0]::reparent oldParent:[mAboveAppWindowsContainers#0], newParent:[Surface(name=Dim Layer for - mAboveAppWindowsContainers)/@0x2269633 - animation-leash#0]
10-09 18:45:57.541  3114  3137 D WindowManager: setSystemUiVisibility: vis= 0x8, fullscreenVis= 0x0, dockedVis= 0x0, win=Window{3868925 u0 com.example.myapplication/com.example.myapplication.MainActivity}
10-09 18:45:57.550  3114  3148 D WindowManager: reportFocusChangedSerialized, focused=false, inTouchMode=true, win=Window{c3f539f u0 android EXITING}
10-09 18:45:57.551  3114  3137 E ViewRootImpl: sendUserActionEvent() returned.
10-09 18:45:57.552 13395 13395 D InputMethodManager: prepareNavigationBarInfo() DecorView@32c992[MainActivity]
10-09 18:45:57.552 13395 13395 D InputMethodManager: getNavigationBarColor() -855310
10-09 18:45:57.552 13395 13395 V InputMethodManager: Starting input: tba=com.example.myapplication ic=null mNaviBarColor -855310 mIsGetNaviBarColorSuccess true , NavVisible : true , NavTrans : false
10-09 18:45:57.552 13395 13395 D InputMethodManager: startInputInner - Id : 0
10-09 18:45:57.552 13395 13395 I InputMethodManager: startInputInner - mService.startInputOrWindowGainedFocus
10-09 18:45:57.553  3114  4974 D InputMethodManagerService: startInputOrWindowGainedFocus : windowGainedFocus 
10-09 18:45:57.553  3114  4974 D InputMethodManagerService: windowGainedFocus: destinationUserId (getCallingUid) = 0
10-09 18:45:57.553  3114  4974 D InputMethodManagerService: windowGainedFocus: currentUserId=0
10-09 18:45:57.553  3114  4974 D InputMethodManagerService: windowGainedFocus: mCurrentFocusedUserId=0
10-09 18:45:57.553  3114  4974 D InputMethodManagerService: windowGainedFocus : lock - currentUserId = 0 destinationUserId = 0
10-09 18:45:57.554  3114  4974 D InputMethodManagerService: windowGainedFocus : mCurrentFocusedUserId - 0 and mSecureKeypadEnabled - false, userSwitched - false
10-09 18:45:57.554  3114  4974 V InputMethodManagerService: windowGainedFocus : reason=WINDOW_FOCUS_GAIN client=android.os.BinderProxy@5978e78 inputContext=null missingMethods= attribute=android.view.inputmethod.EditorInfo@6b3f57c nm = com.example.myapplication controlFlags=#104 softInputMode=#120 windowFlags=#1800002
10-09 18:45:57.554  3114  4974 V InputMethodManagerService: hideCurrentInputLocked : shouldHideSoftInput is false
10-09 18:45:57.555  3114  4974 D InputMethodManagerService: checkDisplayOfStartInputAndUpdateKeyboard display Id 0last 0
10-09 18:45:57.555  3114  4974 D InputMethodManagerService: setCurrentInputInfo - inputContext : null eidtorInfo : android.view.inputmethod.EditorInfo@6b3f57c missingMethods : 0
10-09 18:45:57.555  3114  4974 D InputTransport: Input channel constructed: fd=414
10-09 18:45:57.555  3114  4974 D InputTransport: Input channel destroyed: fd=414
10-09 18:45:57.555  4596  4596 I InputMethodWrapper:  call dispatchStartInputWithToken
10-09 18:45:57.555  4596  4596 I InputMethodService: dispatchStartInputWithToken
10-09 18:45:57.555 13395 13395 D InputTransport: Input channel constructed: fd=87
10-09 18:45:57.555 13395 13395 D InputTransport: Input channel destroyed: fd=74
10-09 18:45:57.556  4596  4596 I SKBD_Performance: [IIManager] [PF_CL][onFinishInput] 430423
10-09 18:45:57.556  4596  4596 D InputMethodService: checkDisplayOfStartInputAndUpdateKeyboard display Id 0last 0
10-09 18:45:57.557  4596  4596 I SKBD    : SamsungKeypad [IMI] onStartInput - caller pid : 13395, caller uid : 10207
10-09 18:45:57.562 13395 13395 W AutofillManager: setSaveUiState(2068487071, false) called on existing session 2068487071; cancelling it
10-09 18:45:57.569 13527 13527 E Zygote  : isWhitelistProcess - Process is Whitelisted
10-09 18:45:57.570  3114  3138 I ActivityManager: Start proc 13527:com.google.android.gms.ui/u0a21 for service com.google.android.gms/.chimera.UiIntentOperationService
10-09 18:45:57.571 13527 13527 E Zygote  : accessInfo : 1
10-09 18:45:57.585  3114  3268 D WifiTrafficPoller: TrafficStats TxPkts=486632 RxPkts=366770 TxBytes=277937670 RxBytes=113927835 , Foreground uid=10207 pkgName=com.example.myapplication TxPackets=21 RxPackets=21 TxBytes=3113 RxBytes=9376
10-09 18:45:57.585 13527 13527 E .android.gms.u: Not starting debugger since process cannot load the jdwp agent.
10-09 18:45:57.611  3114  4974 I ActivityManager: DSS on for com.google.android.gms and scale is 1.0
10-09 18:45:57.647 13527 13527 I .android.gms.u: The ClassLoaderContext is a special shared library.
10-09 18:45:57.653 13527 13527 I chatty  : uid=10021 com.google.android.gms.ui identical 1 line
10-09 18:45:57.656 13527 13527 I .android.gms.u: The ClassLoaderContext is a special shared library.
10-09 18:45:57.684 13527 13527 W .android.gms.u: JIT profile information will not be recorded: profile file does not exits.
10-09 18:45:57.689 13527 13527 W .android.gms.u: Unknown chunk type '200'.
10-09 18:45:57.766  2672  2672 I SurfaceFlinger: Display 0 HWC layers:
10-09 18:45:57.766  2672  2672 I SurfaceFlinger:     type    |    handle    | flag |  format   |   source crop (l,t,r,b)    |         frame       | name 
10-09 18:45:57.766  2672  2672 I SurfaceFlinger: ------------+--------------+------+-----------+----------------------------+---------------------+------
10-09 18:45:57.766  2672  2672 I SurfaceFlinger:      Device | 0xedeae600 | 0002 | RGBA_8888 |   0.0    0.0  720.0 1280.0 |    0    0  720 1280 | com.example.myapplication/com.example.myapplication.MainActivity[13395]#0
10-09 18:45:57.766  2672  2672 I SurfaceFlinger:      Client |              | 0000 |  Unknown  |   0.0    0.0   -1.0   -1.0 |    0    0  720 1280 | Dim Layer for - Task=87#0
10-09 18:45:57.766  2672  2672 I SurfaceFlinger:      Client | 0xee2c42c0 | 0000 | RGBA_8888 |  46.0    0.0  766.0  661.0 |    0  333  720  994 | com.example.myapplication/com.example.myapplication.MainActivity[13395]#1
10-09 18:45:57.766  2672  2672 I SurfaceFlinger:      Client |              | 0000 |  Unknown  |   0.0    0.0   -1.0   -1.0 |    0    0  720 1280 | Dim Layer for - mAboveAppWindowsContainers#0
10-09 18:45:57.766  2672  2672 I SurfaceFlinger:      Device | 0xee2c3fc0 | 0000 | RGBA_8888 |   0.0    0.0  720.0   48.0 |    0    0  720   48 | StatusBar[3479]#0
10-09 18:45:57.766  2672  2672 I SurfaceFlinger: 
10-09 18:45:57.944  3114  4974 D StorageManagerService: getExternalStorageMountMode : 3
10-09 18:45:57.944  3114  4974 D StorageManagerService: getExternalStorageMountMode : 3
10-09 18:45:57.945  3114  4974 D StorageManagerService: getExternalStorageMountMode : final mountMode=3, uid : 10021, packageName : com.google.android.gsf
10-09 18:45:57.945  3114  4974 I ApplicationPolicy: isApplicationExternalStorageWhitelisted:com.google.android.gsf user:0
10-09 18:45:57.945  3114  4974 D ApplicationPolicy: isApplicationExternalStorageWhitelisted: DO is not enabled on user 0. Allowed.
10-09 18:45:57.945  3114  4974 D ActivityManager: package  com.google.android.gsf, user - 0 is SDcard whitelisted
10-09 18:45:57.945  3114  4974 I ApplicationPolicy: isApplicationExternalStorageBlacklisted:com.google.android.gsf user:0
10-09 18:45:57.946  3114  4974 D ApplicationPolicy: isApplicationExternalStorageBlacklisted: DO is not enabled on user 0. Allowed.
10-09 18:45:57.946  3114  4974 I ApplicationPolicy: isApplicationExternalStorageBlacklisted:com.google.android.gsf user:0
10-09 18:45:57.946  3114  4974 D ApplicationPolicy: isApplicationExternalStorageBlacklisted: DO is not enabled on user 0. Allowed.
10-09 18:45:57.948  3114  4974 W ActivityManager: wait for provider publish: waiters=1 callerApp=ProcessRecord{808ed68d0 13527:com.google.android.gms.ui/u0a21} cpr=ContentProviderRecord{a92f581 u0 com.google.android.gsf/.gservices.GservicesProvider}
10-09 18:45:57.968  3114  3138 I ActivityManager: Start proc 13542:com.google.process.gservices/u0a21 for content provider com.google.android.gsf/.gservices.GservicesProvider
10-09 18:45:57.969 13542 13542 E Zygote  : isWhitelistProcess - Process is Whitelisted
10-09 18:45:57.970 13542 13542 E Zygote  : accessInfo : 1
10-09 18:45:57.988 13542 13542 E ocess.gservice: Not starting debugger since process cannot load the jdwp agent.
10-09 18:45:58.010  3114  3191 I WindowManager: reset, Reparenting to original parent, shouldDeferScheduleAnimation=false, destroyLeash=true, surface=Surface(name=c3f539f android)/@0xac67b31, parent=Surface(name=WindowToken{31d993e android.view.ViewRootImpl$W@49f05f9})/@0x8f19216, parentNativeHandle=android.os.BinderProxy@e2f0d7f, caller=com.android.server.wm.SurfaceAnimator.lambda$getFinishedCallback$0:97 com.android.server.wm.-$$Lambda$SurfaceAnimator$SIBia0mND666K8lMCPsoid8pUTI.run:4 com.android.server.wm.SurfaceAnimator.lambda$getFinishedCallback$1:104 com.android.server.wm.-$$Lambda$SurfaceAnimator$vdRZk66hQVbQCvVXEaQCT1kVmFc.onAnimationFinished:4 com.android.server.wm.LocalAnimationAdapter.lambda$startAnimation$0:74 
10-09 18:45:58.010  3114  3191 D SurfaceControl: reparent is called, sc=Surface(name=c3f539f android)/@0xac67b31, newParentHandle=android.os.BinderProxy@e2f0d7f, transaction=android.view.SurfaceControl$Transaction@5d6996d
10-09 18:45:58.011  3114  3191 D SurfaceControl: destroy(transaction), animation-leash is destroyed, sc=Surface(name=Surface(name=c3f539f android)/@0xac67b31 - animation-leash)/@0xb832a13, transaction=android.view.SurfaceControl$Transaction@5d6996d, caller=com.android.server.wm.SurfaceAnimator.reset:344 com.android.server.wm.SurfaceAnimator.lambda$getFinishedCallback$0:97 com.android.server.wm.-$$Lambda$SurfaceAnimator$SIBia0mND666K8lMCPsoid8pUTI.run:4 com.android.server.wm.SurfaceAnimator.lambda$getFinishedCallback$1:104 com.android.server.wm.-$$Lambda$SurfaceAnimator$vdRZk66hQVbQCvVXEaQCT1kVmFc.onAnimationFinished:4 com.android.server.wm.LocalAnimationAdapter.lambda$startAnimation$0:74 com.android.server.wm.-$$Lambda$LocalAnimationAdapter$X--EomqUvw4qy89IeeTFTH7aCMo.run:4 
10-09 18:45:58.014  3114  4296 I ActivityManager: DSS on for com.google.android.gsf and scale is 1.0
10-09 18:45:58.027  3114  3191 D WindowManager: prepareSurfaces, request to clear saved leash, surface=Surface(name=c3f539f android)/@0xac67b31
10-09 18:45:58.028  2672  2693 D Layer   : [c3f539f android#0]::reparent oldParent:[Surface(name=c3f539f android)/@0xac67b31 - animation-leash#0], newParent:[WindowToken{31d993e android.view.ViewRootImpl$W@49f05f9}#0]
10-09 18:45:58.028  2672  2693 I SurfaceFlinger: id=3609 Removed Surface(name=c3f539f android)/@0xac67b31 - animation-leash#0 (1/76)
10-09 18:45:58.028  3114  3191 D WindowManager: clearSavedLeashOnCommit, savedLeash=Surface(name=Surface(name=c3f539f android)/@0xac67b31 - animation-leash)/@0xb832a13, caller=com.android.server.wm.WindowContainer.clearSavedLeashOnCommit:1156 com.android.server.wm.WindowContainer.clearSavedLeashOnCommit:1160 com.android.server.wm.WindowContainer.clearSavedLeashOnCommit:1160 com.android.server.wm.WindowContainer.clearSavedLeashOnCommit:1160 com.android.server.wm.WindowAnimator.animate:253 com.android.server.wm.WindowAnimator.lambda$new$1:112 
10-09 18:45:58.033  3114  3191 I WindowManager: Destroying surface Surface(name=)/@0x8cf8abb called by com.android.server.wm.WindowStateAnimator.destroySurface:1884 com.android.server.wm.WindowStateAnimator.destroySurfaceLocked:821 com.android.server.wm.WindowState.destroySurfaceUnchecked:3913 com.android.server.wm.RootWindowContainer.performSurfacePlacement:920 com.android.server.wm.WindowSurfacePlacer.performSurfacePlacementLoop:212 com.android.server.wm.WindowSurfacePlacer.performSurfacePlacement:160 com.android.server.wm.WindowSurfacePlacer.performSurfacePlacement:150 com.android.server.wm.WindowSurfacePlacer.lambda$new$0:123 
10-09 18:45:58.034  2672  2693 I SurfaceFlinger: id=3600 Removed #0 (0/75)
10-09 18:45:58.042  2672  2693 I SurfaceFlinger: id=3598 Removed WindowToken{31d993e android.view.ViewRootImpl$W@49f05f9}#0 (5/74)
10-09 18:45:58.042  2672  2693 W SurfaceFlinger: Attempting to destroy on removed layer: c3f539f android#0
10-09 18:45:58.042  2672  2672 I Layer   : id=3598 onRemoved WindowToken{31d993e android.view.ViewRootImpl$W@49f05f9}#0 
10-09 18:45:58.043  2672  2672 I Layer   : id=3599 onRemoved c3f539f android#0 
10-09 18:45:58.043  2672  2672 I Layer   : id=3609 onRemoved Surface(name=c3f539f android)/@0xac67b31 - animation-leash#0 
10-09 18:45:58.043  2672  2672 I Layer   : id=3600 onRemoved #0 
10-09 18:45:58.050  3114  3191 I WindowManager: reset, Reparenting to original parent, shouldDeferScheduleAnimation=false, destroyLeash=true, surface=Surface(name=Dim Layer for - mAboveAppWindowsContainers)/@0x2269633, parent=Surface(name=mAboveAppWindowsContainers)/@0xeabe56f, parentNativeHandle=android.os.BinderProxy@ba50595, caller=com.android.server.wm.SurfaceAnimator.lambda$getFinishedCallback$0:97 com.android.server.wm.-$$Lambda$SurfaceAnimator$SIBia0mND666K8lMCPsoid8pUTI.run:4 com.android.server.wm.SurfaceAnimator.lambda$getFinishedCallback$1:104 com.android.server.wm.-$$Lambda$SurfaceAnimator$vdRZk66hQVbQCvVXEaQCT1kVmFc.onAnimationFinished:4 com.android.server.wm.LocalAnimationAdapter.lambda$startAnimation$0:74 
10-09 18:45:58.050  3114  3191 D SurfaceControl: reparent is called, sc=Surface(name=Dim Layer for - mAboveAppWindowsContainers)/@0x2269633, newParentHandle=android.os.BinderProxy@ba50595, transaction=android.view.SurfaceControl$Transaction@a3de35a
10-09 18:45:58.051  2672  2672 I SurfaceFlinger: Display 0 HWC layers:
10-09 18:45:58.051  2672  2672 I SurfaceFlinger:     type    |    handle    | flag |  format   |   source crop (l,t,r,b)    |         frame       | name 
10-09 18:45:58.051  2672  2672 I SurfaceFlinger: ------------+--------------+------+-----------+----------------------------+---------------------+------
10-09 18:45:58.051  2672  2672 I SurfaceFlinger:      Device | 0xedeae300 | 0002 | RGBA_8888 |   0.0    0.0  720.0 1280.0 |    0    0  720 1280 | com.example.myapplication/com.example.myapplication.MainActivity[13395]#0
10-09 18:45:58.051  2672  2672 I SurfaceFlinger:      Client |              | 0000 |  Unknown  |   0.0    0.0   -1.0   -1.0 |    0    0  720 1280 | Dim Layer for - Task=87#0
10-09 18:45:58.051  2672  2672 I SurfaceFlinger:      Client | 0xee2c42c0 | 0000 | RGBA_8888 |  46.0    0.0  766.0  661.0 |    0  333  720  994 | com.example.myapplication/com.example.myapplication.MainActivity[13395]#1
10-09 18:45:58.051  2672  2672 I SurfaceFlinger:      Device | 0xee2c3fc0 | 0000 | RGBA_8888 |   0.0    0.0  720.0   48.0 |    0    0  720   48 | StatusBar[3479]#0
10-09 18:45:58.051  2672  2672 I SurfaceFlinger: 
10-09 18:45:58.051  3114  3191 D SurfaceControl: destroy(transaction), animation-leash is destroyed, sc=Surface(name=Surface(name=Dim Layer for - mAboveAppWindowsContainers)/@0x2269633 - animation-leash)/@0x8eddb4e, transaction=android.view.SurfaceControl$Transaction@a3de35a, caller=com.android.server.wm.SurfaceAnimator.reset:344 com.android.server.wm.SurfaceAnimator.lambda$getFinishedCallback$0:97 com.android.server.wm.-$$Lambda$SurfaceAnimator$SIBia0mND666K8lMCPsoid8pUTI.run:4 com.android.server.wm.SurfaceAnimator.lambda$getFinishedCallback$1:104 com.android.server.wm.-$$Lambda$SurfaceAnimator$vdRZk66hQVbQCvVXEaQCT1kVmFc.onAnimationFinished:4 com.android.server.wm.LocalAnimationAdapter.lambda$startAnimation$0:74 com.android.server.wm.-$$Lambda$LocalAnimationAdapter$X--EomqUvw4qy89IeeTFTH7aCMo.run:4 
10-09 18:45:58.052  2672  2792 I SurfaceFlinger: id=3602 Removed Dim Layer for - mAboveAppWindowsContainers#0 (0/72)
10-09 18:45:58.056  4596  4596 I SKBD    : aof writeDBdataToFileOnFinishInput()
10-09 18:45:58.059  2672  2672 I Layer   : id=3602 onRemoved Dim Layer for - mAboveAppWindowsContainers#0 
10-09 18:45:58.061  2672  2792 I SurfaceFlinger: id=3610 Removed Surface(name=Dim Layer for - mAboveAppWindowsContainers)/@0x2269633 - animation-leash#0 (0/71)
10-09 18:45:58.063 13542 13542 I ocess.gservice: The ClassLoaderContext is a special shared library.
10-09 18:45:58.076  2672  2672 I Layer   : id=3610 onRemoved Surface(name=Dim Layer for - mAboveAppWindowsContainers)/@0x2269633 - animation-leash#0 
10-09 18:45:58.100 13542 13542 I GservicesProvider: Gservices pushing to system: true; secure/global: true
10-09 18:45:58.135  3114  3202 D SensorService: [SO] -2.659 5.389 8.001
10-09 18:45:58.181  3114  3239 D InputReader: Input event(5): value=1 when=21351.171564
10-09 18:45:58.181  3114  3239 I InputReader: Touch event's action is 0x0 (deviceType=0) [pCnt=1, s=0.1724 ] when=21351.171564
10-09 18:45:58.181  3114  3238 I InputDispatcher: Delivering touch to (3479): action: 0x4, displayId: 0, '4a0a87e', toolType: 1
10-09 18:45:58.181  3114  3238 I clp-JNI : Add pinfo) 0
10-09 18:45:58.181  3114  3238 I InputDispatcher: Delivering touch to (13395): action: 0x0, displayId: 0, '3868925', toolType: 1
10-09 18:45:58.182 13395 13395 D ViewRootImpl@60c331d[MainActivity]: ViewPostIme pointer 0
10-09 18:45:58.200  4247  4543 D SDHMS:s : SIOP:: AP:297(387,80) BAT:322(322,0) CHG:0(0,0) LRP:0(0,-999) ATC:0(0,-999) 
10-09 18:45:58.238  3114  3239 D InputReader: Input event(5): value=0 when=21351.229237
10-09 18:45:58.239  3114  3239 I InputReader: Touch event's action is 0x1 (deviceType=0) [pCnt=1, s=] when=21351.229237
10-09 18:45:58.239  3114  3238 I clp-JNI : Add pinfo) 3868925 com.example.myapplication/com.example.myapplication.MainActivity (server) : AppWindowToken{db5b7f5 token=Token{b14212c ActivityRecord{6a820df u0 com.example.myapplication/.MainActivity t87}}} : 13395 : 10207 : 1
10-09 18:45:58.239  3114  3238 I clp-JNI : Add pinfo) 1
10-09 18:45:58.239  3114  3238 I InputDispatcher: Delivering touch to (13395): action: 0x1, displayId: 0, '3868925', toolType: 1
10-09 18:45:58.240 13395 13395 D ViewRootImpl@60c331d[MainActivity]: ViewPostIme pointer 1
10-09 18:45:58.257 13395 13395 D InputMethodManager: prepareNavigationBarInfo() DecorView@32c992[MainActivity]
10-09 18:45:58.257 13395 13395 D InputMethodManager: getNavigationBarColor() -855310
10-09 18:45:58.257 13395 13395 V InputMethodManager: Starting input: tba=com.example.myapplication ic=com.android.internal.widget.EditableInputConnection@994e9a8 mNaviBarColor -855310 mIsGetNaviBarColorSuccess true , NavVisible : true , NavTrans : false
10-09 18:45:58.257 13395 13395 D InputMethodManager: startInputInner - Id : 0
10-09 18:45:58.269 13395 13395 I InputMethodManager: startInputInner - mService.startInputOrWindowGainedFocus
10-09 18:45:58.270  3114  4974 D InputMethodManagerService: startInputOrWindowGainedFocus : startInput 
10-09 18:45:58.272  3114  4974 D InputMethodManagerService: checkDisplayOfStartInputAndUpdateKeyboard display Id 0last 0
10-09 18:45:58.272  3114  4974 D InputMethodManagerService: setCurrentInputInfo - inputContext : com.android.internal.view.IInputContext$Stub$Proxy@7da0180 eidtorInfo : android.view.inputmethod.EditorInfo@d47d3b9 missingMethods : 0
10-09 18:45:58.272  3114  4974 D InputTransport: Input channel constructed: fd=414
10-09 18:45:58.273  3114  4974 D InputTransport: Input channel destroyed: fd=414
10-09 18:45:58.273  4596  4596 I InputMethodWrapper:  call dispatchStartInputWithToken
10-09 18:45:58.273  4596  4596 I InputMethodService: dispatchStartInputWithToken
10-09 18:45:58.273 13395 13395 D InputTransport: Input channel constructed: fd=86
10-09 18:45:58.273 13395 13395 D InputTransport: Input channel destroyed: fd=87
